<?xml version="1.0"?>
<link_info>
   <banner>MSP430 Linker PC v4.2.1</banner>
   <copyright>Copyright (c) 2003-2013 Texas Instruments Incorporated</copyright>
   <link_time>0x5306dff0</link_time>
   <link_errors>0x1</link_errors>
   <output_file>MSP430_MPU6050.out</output_file>
   <entry_point>
      <name>_c_int00</name>
      <address>0xc85a</address>
   </entry_point>
   <input_file_list>
      <input_file id="fl-2">
         <path>.\</path>
         <kind>object</kind>
         <file>uWave.obj</file>
         <name>uWave.obj</name>
      </input_file>
      <input_file id="fl-3">
         <path>.\</path>
         <kind>object</kind>
         <file>serial.obj</file>
         <name>serial.obj</name>
      </input_file>
      <input_file id="fl-4">
         <path>.\</path>
         <kind>object</kind>
         <file>printf.obj</file>
         <name>printf.obj</name>
      </input_file>
      <input_file id="fl-5">
         <path>.\</path>
         <kind>object</kind>
         <file>main.obj</file>
         <name>main.obj</name>
      </input_file>
      <input_file id="fl-6">
         <path>.\</path>
         <kind>object</kind>
         <file>MSP430_MPU6050.obj</file>
         <name>MSP430_MPU6050.obj</name>
      </input_file>
      <input_file id="fl-7">
         <path>.\</path>
         <kind>object</kind>
         <file>I2C_MSP430.obj</file>
         <name>I2C_MSP430.obj</name>
      </input_file>
      <input_file id="fl-21">
         <path>C:\ti\ccsv5\tools\compiler\msp430_4.2.1\lib\</path>
         <kind>archive</kind>
         <file>rts430_eabi.lib</file>
         <name>abs.obj</name>
      </input_file>
      <input_file id="fl-22">
         <path>C:\ti\ccsv5\tools\compiler\msp430_4.2.1\lib\</path>
         <kind>archive</kind>
         <file>rts430_eabi.lib</file>
         <name>asr16.obj</name>
      </input_file>
      <input_file id="fl-23">
         <path>C:\ti\ccsv5\tools\compiler\msp430_4.2.1\lib\</path>
         <kind>archive</kind>
         <file>rts430_eabi.lib</file>
         <name>boot.obj</name>
      </input_file>
      <input_file id="fl-24">
         <path>C:\ti\ccsv5\tools\compiler\msp430_4.2.1\lib\</path>
         <kind>archive</kind>
         <file>rts430_eabi.lib</file>
         <name>copy_decompress_none.obj</name>
      </input_file>
      <input_file id="fl-25">
         <path>C:\ti\ccsv5\tools\compiler\msp430_4.2.1\lib\</path>
         <kind>archive</kind>
         <file>rts430_eabi.lib</file>
         <name>copy_decompress_rle.obj</name>
      </input_file>
      <input_file id="fl-26">
         <path>C:\ti\ccsv5\tools\compiler\msp430_4.2.1\lib\</path>
         <kind>archive</kind>
         <file>rts430_eabi.lib</file>
         <name>copy_zero_init.obj</name>
      </input_file>
      <input_file id="fl-27">
         <path>C:\ti\ccsv5\tools\compiler\msp430_4.2.1\lib\</path>
         <kind>archive</kind>
         <file>rts430_eabi.lib</file>
         <name>div16s.obj</name>
      </input_file>
      <input_file id="fl-28">
         <path>C:\ti\ccsv5\tools\compiler\msp430_4.2.1\lib\</path>
         <kind>archive</kind>
         <file>rts430_eabi.lib</file>
         <name>div16u.obj</name>
      </input_file>
      <input_file id="fl-29">
         <path>C:\ti\ccsv5\tools\compiler\msp430_4.2.1\lib\</path>
         <kind>archive</kind>
         <file>rts430_eabi.lib</file>
         <name>divd.obj</name>
      </input_file>
      <input_file id="fl-2a">
         <path>C:\ti\ccsv5\tools\compiler\msp430_4.2.1\lib\</path>
         <kind>archive</kind>
         <file>rts430_eabi.lib</file>
         <name>epilog.obj</name>
      </input_file>
      <input_file id="fl-2b">
         <path>C:\ti\ccsv5\tools\compiler\msp430_4.2.1\lib\</path>
         <kind>archive</kind>
         <file>rts430_eabi.lib</file>
         <name>exit.obj</name>
      </input_file>
      <input_file id="fl-2c">
         <path>C:\ti\ccsv5\tools\compiler\msp430_4.2.1\lib\</path>
         <kind>archive</kind>
         <file>rts430_eabi.lib</file>
         <name>fixdi.obj</name>
      </input_file>
      <input_file id="fl-2d">
         <path>C:\ti\ccsv5\tools\compiler\msp430_4.2.1\lib\</path>
         <kind>archive</kind>
         <file>rts430_eabi.lib</file>
         <name>fixdli.obj</name>
      </input_file>
      <input_file id="fl-2e">
         <path>C:\ti\ccsv5\tools\compiler\msp430_4.2.1\lib\</path>
         <kind>archive</kind>
         <file>rts430_eabi.lib</file>
         <name>fltid.obj</name>
      </input_file>
      <input_file id="fl-2f">
         <path>C:\ti\ccsv5\tools\compiler\msp430_4.2.1\lib\</path>
         <kind>archive</kind>
         <file>rts430_eabi.lib</file>
         <name>fltlid.obj</name>
      </input_file>
      <input_file id="fl-30">
         <path>C:\ti\ccsv5\tools\compiler\msp430_4.2.1\lib\</path>
         <kind>archive</kind>
         <file>rts430_eabi.lib</file>
         <name>frcdivd.obj</name>
      </input_file>
      <input_file id="fl-31">
         <path>C:\ti\ccsv5\tools\compiler\msp430_4.2.1\lib\</path>
         <kind>archive</kind>
         <file>rts430_eabi.lib</file>
         <name>fs_div.obj</name>
      </input_file>
      <input_file id="fl-32">
         <path>C:\ti\ccsv5\tools\compiler\msp430_4.2.1\lib\</path>
         <kind>archive</kind>
         <file>rts430_eabi.lib</file>
         <name>fs_itof.obj</name>
      </input_file>
      <input_file id="fl-33">
         <path>C:\ti\ccsv5\tools\compiler\msp430_4.2.1\lib\</path>
         <kind>archive</kind>
         <file>rts430_eabi.lib</file>
         <name>int02.obj</name>
      </input_file>
      <input_file id="fl-34">
         <path>C:\ti\ccsv5\tools\compiler\msp430_4.2.1\lib\</path>
         <kind>archive</kind>
         <file>rts430_eabi.lib</file>
         <name>int03.obj</name>
      </input_file>
      <input_file id="fl-35">
         <path>C:\ti\ccsv5\tools\compiler\msp430_4.2.1\lib\</path>
         <kind>archive</kind>
         <file>rts430_eabi.lib</file>
         <name>int05.obj</name>
      </input_file>
      <input_file id="fl-36">
         <path>C:\ti\ccsv5\tools\compiler\msp430_4.2.1\lib\</path>
         <kind>archive</kind>
         <file>rts430_eabi.lib</file>
         <name>int06.obj</name>
      </input_file>
      <input_file id="fl-37">
         <path>C:\ti\ccsv5\tools\compiler\msp430_4.2.1\lib\</path>
         <kind>archive</kind>
         <file>rts430_eabi.lib</file>
         <name>int07.obj</name>
      </input_file>
      <input_file id="fl-38">
         <path>C:\ti\ccsv5\tools\compiler\msp430_4.2.1\lib\</path>
         <kind>archive</kind>
         <file>rts430_eabi.lib</file>
         <name>int08.obj</name>
      </input_file>
      <input_file id="fl-39">
         <path>C:\ti\ccsv5\tools\compiler\msp430_4.2.1\lib\</path>
         <kind>archive</kind>
         <file>rts430_eabi.lib</file>
         <name>int09.obj</name>
      </input_file>
      <input_file id="fl-3a">
         <path>C:\ti\ccsv5\tools\compiler\msp430_4.2.1\lib\</path>
         <kind>archive</kind>
         <file>rts430_eabi.lib</file>
         <name>int10.obj</name>
      </input_file>
      <input_file id="fl-3b">
         <path>C:\ti\ccsv5\tools\compiler\msp430_4.2.1\lib\</path>
         <kind>archive</kind>
         <file>rts430_eabi.lib</file>
         <name>int11.obj</name>
      </input_file>
      <input_file id="fl-3c">
         <path>C:\ti\ccsv5\tools\compiler\msp430_4.2.1\lib\</path>
         <kind>archive</kind>
         <file>rts430_eabi.lib</file>
         <name>int12.obj</name>
      </input_file>
      <input_file id="fl-3d">
         <path>C:\ti\ccsv5\tools\compiler\msp430_4.2.1\lib\</path>
         <kind>archive</kind>
         <file>rts430_eabi.lib</file>
         <name>int13.obj</name>
      </input_file>
      <input_file id="fl-3e">
         <path>C:\ti\ccsv5\tools\compiler\msp430_4.2.1\lib\</path>
         <kind>archive</kind>
         <file>rts430_eabi.lib</file>
         <name>int14.obj</name>
      </input_file>
      <input_file id="fl-3f">
         <path>C:\ti\ccsv5\tools\compiler\msp430_4.2.1\lib\</path>
         <kind>archive</kind>
         <file>rts430_eabi.lib</file>
         <name>isr_trap.obj</name>
      </input_file>
      <input_file id="fl-40">
         <path>C:\ti\ccsv5\tools\compiler\msp430_4.2.1\lib\</path>
         <kind>archive</kind>
         <file>rts430_eabi.lib</file>
         <name>lsl16.obj</name>
      </input_file>
      <input_file id="fl-41">
         <path>C:\ti\ccsv5\tools\compiler\msp430_4.2.1\lib\</path>
         <kind>archive</kind>
         <file>rts430_eabi.lib</file>
         <name>lsl32.obj</name>
      </input_file>
      <input_file id="fl-42">
         <path>C:\ti\ccsv5\tools\compiler\msp430_4.2.1\lib\</path>
         <kind>archive</kind>
         <file>rts430_eabi.lib</file>
         <name>lsr16.obj</name>
      </input_file>
      <input_file id="fl-43">
         <path>C:\ti\ccsv5\tools\compiler\msp430_4.2.1\lib\</path>
         <kind>archive</kind>
         <file>rts430_eabi.lib</file>
         <name>lsr32.obj</name>
      </input_file>
      <input_file id="fl-44">
         <path>C:\ti\ccsv5\tools\compiler\msp430_4.2.1\lib\</path>
         <kind>archive</kind>
         <file>rts430_eabi.lib</file>
         <name>memcpy.obj</name>
      </input_file>
      <input_file id="fl-45">
         <path>C:\ti\ccsv5\tools\compiler\msp430_4.2.1\lib\</path>
         <kind>archive</kind>
         <file>rts430_eabi.lib</file>
         <name>memory.obj</name>
      </input_file>
      <input_file id="fl-46">
         <path>C:\ti\ccsv5\tools\compiler\msp430_4.2.1\lib\</path>
         <kind>archive</kind>
         <file>rts430_eabi.lib</file>
         <name>mult16.obj</name>
      </input_file>
      <input_file id="fl-47">
         <path>C:\ti\ccsv5\tools\compiler\msp430_4.2.1\lib\</path>
         <kind>archive</kind>
         <file>rts430_eabi.lib</file>
         <name>mult32.obj</name>
      </input_file>
      <input_file id="fl-48">
         <path>C:\ti\ccsv5\tools\compiler\msp430_4.2.1\lib\</path>
         <kind>archive</kind>
         <file>rts430_eabi.lib</file>
         <name>pre_init.obj</name>
      </input_file>
      <input_file id="fl-49">
         <path>C:\ti\ccsv5\tools\compiler\msp430_4.2.1\lib\</path>
         <kind>archive</kind>
         <file>rts430_eabi.lib</file>
         <name>_lock.obj</name>
      </input_file>
      <input_file id="fl-4a">
         <path>C:\ti\ccsv5\tools\compiler\msp430_4.2.1\lib\</path>
         <kind>archive</kind>
         <file>rts430_eabi.lib</file>
         <name>args_main.obj</name>
      </input_file>
      <input_file id="fl-4b">
         <path>C:\ti\ccsv5\tools\compiler\msp430_4.2.1\lib\</path>
         <kind>archive</kind>
         <file>rts430_eabi.lib</file>
         <name>asr32.obj</name>
      </input_file>
      <input_file id="fl-4c">
         <path>C:\ti\ccsv5\tools\compiler\msp430_4.2.1\lib\</path>
         <kind>archive</kind>
         <file>rts430_eabi.lib</file>
         <name>autoinit.obj</name>
      </input_file>
   </input_file_list>
   <object_component_list>
      <object_component id="oc-51">
         <name>.sysmem</name>
         <uninitialized>true</uninitialized>
         <run_address>0x200</run_address>
         <size>0x4</size>
         <input_file_ref idref="fl-45"/>
      </object_component>
      <object_component id="oc-1ed">
         <name>.sysmem</name>
         <uninitialized>true</uninitialized>
         <run_address>0x200</run_address>
         <size>0x0</size>
      </object_component>
      <object_component id="oc-4e">
         <name>.stack</name>
         <uninitialized>true</uninitialized>
         <run_address>0x3b0</run_address>
         <size>0x2</size>
         <input_file_ref idref="fl-23"/>
      </object_component>
      <object_component id="oc-1ec">
         <name>.stack</name>
         <uninitialized>true</uninitialized>
         <run_address>0x3b0</run_address>
         <size>0x0</size>
      </object_component>
      <object_component id="oc-c5">
         <name>.text:printf</name>
         <load_address>0xc000</load_address>
         <run_address>0xc000</run_address>
         <size>0xe8</size>
         <input_file_ref idref="fl-4"/>
      </object_component>
      <object_component id="oc-61">
         <name>.text:main</name>
         <load_address>0xc0e8</load_address>
         <run_address>0xc0e8</run_address>
         <size>0xca</size>
         <input_file_ref idref="fl-5"/>
      </object_component>
      <object_component id="oc-133">
         <name>.text</name>
         <load_address>0xc1b2</load_address>
         <run_address>0xc1b2</run_address>
         <size>0xae</size>
         <input_file_ref idref="fl-3"/>
      </object_component>
      <object_component id="oc-ce">
         <name>.text</name>
         <load_address>0xc260</load_address>
         <run_address>0xc260</run_address>
         <size>0x9a</size>
         <input_file_ref idref="fl-31"/>
      </object_component>
      <object_component id="oc-b0">
         <name>.text:getMotion6</name>
         <load_address>0xc2fa</load_address>
         <run_address>0xc2fa</run_address>
         <size>0x94</size>
         <input_file_ref idref="fl-6"/>
      </object_component>
      <object_component id="oc-10a">
         <name>.text:setInterruptPin</name>
         <load_address>0xc38e</load_address>
         <run_address>0xc38e</run_address>
         <size>0x7a</size>
         <input_file_ref idref="fl-6"/>
      </object_component>
      <object_component id="oc-157">
         <name>.text:initMPU</name>
         <load_address>0xc408</load_address>
         <run_address>0xc408</run_address>
         <size>0x6a</size>
         <input_file_ref idref="fl-6"/>
      </object_component>
      <object_component id="oc-7f">
         <name>.text:__TI_decompress_rle_core</name>
         <load_address>0xc472</load_address>
         <run_address>0xc472</run_address>
         <size>0x5e</size>
         <input_file_ref idref="fl-25"/>
      </object_component>
      <object_component id="oc-5c">
         <name>.text:_auto_init</name>
         <load_address>0xc4d0</load_address>
         <run_address>0xc4d0</run_address>
         <size>0x5e</size>
         <input_file_ref idref="fl-4c"/>
      </object_component>
      <object_component id="oc-139">
         <name>.text:xtoa</name>
         <load_address>0xc52e</load_address>
         <run_address>0xc52e</run_address>
         <size>0x5c</size>
         <input_file_ref idref="fl-4"/>
      </object_component>
      <object_component id="oc-178">
         <name>.text:I2CendTransmission</name>
         <load_address>0xc58a</load_address>
         <run_address>0xc58a</run_address>
         <size>0x56</size>
         <input_file_ref idref="fl-7"/>
      </object_component>
      <object_component id="oc-17d">
         <name>.text:I2CrequestFrom</name>
         <load_address>0xc5e0</load_address>
         <run_address>0xc5e0</run_address>
         <size>0x54</size>
         <input_file_ref idref="fl-7"/>
      </object_component>
      <object_component id="oc-121">
         <name>.text:readBytes</name>
         <load_address>0xc634</load_address>
         <run_address>0xc634</run_address>
         <size>0x54</size>
         <input_file_ref idref="fl-6"/>
      </object_component>
      <object_component id="oc-160">
         <name>.text:writeBit</name>
         <load_address>0xc688</load_address>
         <run_address>0xc688</run_address>
         <size>0x50</size>
         <input_file_ref idref="fl-6"/>
      </object_component>
      <object_component id="oc-9d">
         <name>.text:initializeIMU</name>
         <load_address>0xc6d8</load_address>
         <run_address>0xc6d8</run_address>
         <size>0x46</size>
         <input_file_ref idref="fl-6"/>
      </object_component>
      <object_component id="oc-ca">
         <name>.text</name>
         <load_address>0xc71e</load_address>
         <run_address>0xc71e</run_address>
         <size>0x36</size>
         <input_file_ref idref="fl-32"/>
      </object_component>
      <object_component id="oc-192">
         <name>.text:readByte</name>
         <load_address>0xc754</load_address>
         <run_address>0xc754</run_address>
         <size>0x34</size>
         <input_file_ref idref="fl-6"/>
      </object_component>
      <object_component id="oc-13e">
         <name>.text</name>
         <load_address>0xc788</load_address>
         <run_address>0xc788</run_address>
         <size>0x2c</size>
         <input_file_ref idref="fl-22"/>
      </object_component>
      <object_component id="oc-197">
         <name>.text</name>
         <load_address>0xc7b4</load_address>
         <run_address>0xc7b4</run_address>
         <size>0x2c</size>
         <input_file_ref idref="fl-40"/>
      </object_component>
      <object_component id="oc-a2">
         <name>.text:msDelay</name>
         <load_address>0xc7e0</load_address>
         <run_address>0xc7e0</run_address>
         <size>0x22</size>
         <input_file_ref idref="fl-6"/>
      </object_component>
      <object_component id="oc-165">
         <name>.text:writeByte</name>
         <load_address>0xc802</load_address>
         <run_address>0xc802</run_address>
         <size>0x20</size>
         <input_file_ref idref="fl-6"/>
      </object_component>
      <object_component id="oc-f6">
         <name>.text:setClockSource</name>
         <load_address>0xc822</load_address>
         <run_address>0xc822</run_address>
         <size>0x1c</size>
         <input_file_ref idref="fl-6"/>
      </object_component>
      <object_component id="oc-105">
         <name>.text:setDLPFConfig</name>
         <load_address>0xc83e</load_address>
         <run_address>0xc83e</run_address>
         <size>0x1c</size>
         <input_file_ref idref="fl-6"/>
      </object_component>
      <object_component id="oc-3a">
         <name>.text:_c_int00_noexit</name>
         <load_address>0xc85a</load_address>
         <run_address>0xc85a</run_address>
         <size>0x1a</size>
         <input_file_ref idref="fl-23"/>
      </object_component>
      <object_component id="oc-100">
         <name>.text:setFullScaleAccelRange</name>
         <load_address>0xc874</load_address>
         <run_address>0xc874</run_address>
         <size>0x1a</size>
         <input_file_ref idref="fl-6"/>
      </object_component>
      <object_component id="oc-fb">
         <name>.text:setFullScaleGyroRange</name>
         <load_address>0xc88e</load_address>
         <run_address>0xc88e</run_address>
         <size>0x1a</size>
         <input_file_ref idref="fl-6"/>
      </object_component>
      <object_component id="oc-182">
         <name>.text:I2Cread</name>
         <load_address>0xc8a8</load_address>
         <run_address>0xc8a8</run_address>
         <size>0x16</size>
         <input_file_ref idref="fl-7"/>
      </object_component>
      <object_component id="oc-44">
         <name>.text:decompress:ZI:__TI_zero_init</name>
         <load_address>0xc8be</load_address>
         <run_address>0xc8be</run_address>
         <size>0x14</size>
         <input_file_ref idref="fl-26"/>
      </object_component>
      <object_component id="oc-3f">
         <name>.text:decompress:none:__TI_decompress_none</name>
         <load_address>0xc8d2</load_address>
         <run_address>0xc8d2</run_address>
         <size>0x12</size>
         <input_file_ref idref="fl-24"/>
      </object_component>
      <object_component id="oc-6c">
         <name>.text:memcpy</name>
         <load_address>0xc8e4</load_address>
         <run_address>0xc8e4</run_address>
         <size>0x12</size>
         <input_file_ref idref="fl-44"/>
      </object_component>
      <object_component id="oc-10f">
         <name>.text:setSleepEnabled</name>
         <load_address>0xc8f6</load_address>
         <run_address>0xc8f6</run_address>
         <size>0x12</size>
         <input_file_ref idref="fl-6"/>
      </object_component>
      <object_component id="oc-97">
         <name>.text</name>
         <load_address>0xc908</load_address>
         <run_address>0xc908</run_address>
         <size>0x10</size>
         <input_file_ref idref="fl-2a"/>
      </object_component>
      <object_component id="oc-16e">
         <name>.text:I2CbeginTransmission</name>
         <load_address>0xc918</load_address>
         <run_address>0xc918</run_address>
         <size>0xe</size>
         <input_file_ref idref="fl-7"/>
      </object_component>
      <object_component id="oc-173">
         <name>.text:I2Cwrite</name>
         <load_address>0xc926</load_address>
         <run_address>0xc926</run_address>
         <size>0xe</size>
         <input_file_ref idref="fl-7"/>
      </object_component>
      <object_component id="oc-142">
         <name>.text:puth</name>
         <load_address>0xc934</load_address>
         <run_address>0xc934</run_address>
         <size>0xc</size>
         <input_file_ref idref="fl-4"/>
      </object_component>
      <object_component id="oc-53">
         <name>.text:__TI_ISR_TRAP</name>
         <load_address>0xc940</load_address>
         <run_address>0xc940</run_address>
         <size>0x6</size>
         <input_file_ref idref="fl-3f"/>
      </object_component>
      <object_component id="oc-49">
         <name>.text:decompress:rle24:__TI_decompress_rle24</name>
         <load_address>0xc946</load_address>
         <run_address>0xc946</run_address>
         <size>0x6</size>
         <input_file_ref idref="fl-25"/>
      </object_component>
      <object_component id="oc-57">
         <name>.text:_system_pre_init</name>
         <load_address>0xc94c</load_address>
         <run_address>0xc94c</run_address>
         <size>0x4</size>
         <input_file_ref idref="fl-48"/>
      </object_component>
      <object_component id="oc-66">
         <name>.text:abort</name>
         <load_address>0xc950</load_address>
         <run_address>0xc950</run_address>
         <size>0x4</size>
         <input_file_ref idref="fl-2b"/>
      </object_component>
      <object_component id="oc-1eb">
         <name>.cinit..data.load</name>
         <load_address>0xc9b8</load_address>
         <run_address>0xc9b8</run_address>
         <size>0xd</size>
      </object_component>
      <object_component id="oc-1e8">
         <name>__TI_handler_table</name>
         <load_address>0xc9c6</load_address>
         <run_address>0xc9c6</run_address>
         <size>0x6</size>
      </object_component>
      <object_component id="oc-1ea">
         <name>.cinit..bss.load</name>
         <load_address>0xc9cc</load_address>
         <run_address>0xc9cc</run_address>
         <size>0x4</size>
      </object_component>
      <object_component id="oc-1e9">
         <name>__TI_cinit_table</name>
         <load_address>0xc9d0</load_address>
         <run_address>0xc9d0</run_address>
         <size>0x8</size>
      </object_component>
      <object_component id="oc-be">
         <name>.const:.string</name>
         <load_address>0xc954</load_address>
         <run_address>0xc954</run_address>
         <size>0x2c</size>
         <input_file_ref idref="fl-5"/>
      </object_component>
      <object_component id="oc-137">
         <name>.const:dv</name>
         <load_address>0xc980</load_address>
         <run_address>0xc980</run_address>
         <size>0x28</size>
         <input_file_ref idref="fl-4"/>
      </object_component>
      <object_component id="oc-18e">
         <name>.const:.string:hex$1</name>
         <load_address>0xc9a8</load_address>
         <run_address>0xc9a8</run_address>
         <size>0x10</size>
         <input_file_ref idref="fl-4"/>
      </object_component>
      <object_component id="oc-2e">
         <name>.int02</name>
         <load_address>0xffe4</load_address>
         <run_address>0xffe4</run_address>
         <size>0x2</size>
         <input_file_ref idref="fl-33"/>
      </object_component>
      <object_component id="oc-2f">
         <name>.int03</name>
         <load_address>0xffe6</load_address>
         <run_address>0xffe6</run_address>
         <size>0x2</size>
         <input_file_ref idref="fl-34"/>
      </object_component>
      <object_component id="oc-30">
         <name>.int05</name>
         <load_address>0xffea</load_address>
         <run_address>0xffea</run_address>
         <size>0x2</size>
         <input_file_ref idref="fl-35"/>
      </object_component>
      <object_component id="oc-31">
         <name>.int06</name>
         <load_address>0xffec</load_address>
         <run_address>0xffec</run_address>
         <size>0x2</size>
         <input_file_ref idref="fl-36"/>
      </object_component>
      <object_component id="oc-32">
         <name>.int07</name>
         <load_address>0xffee</load_address>
         <run_address>0xffee</run_address>
         <size>0x2</size>
         <input_file_ref idref="fl-37"/>
      </object_component>
      <object_component id="oc-33">
         <name>.int08</name>
         <load_address>0xfff0</load_address>
         <run_address>0xfff0</run_address>
         <size>0x2</size>
         <input_file_ref idref="fl-38"/>
      </object_component>
      <object_component id="oc-34">
         <name>.int09</name>
         <load_address>0xfff2</load_address>
         <run_address>0xfff2</run_address>
         <size>0x2</size>
         <input_file_ref idref="fl-39"/>
      </object_component>
      <object_component id="oc-35">
         <name>.int10</name>
         <load_address>0xfff4</load_address>
         <run_address>0xfff4</run_address>
         <size>0x2</size>
         <input_file_ref idref="fl-3a"/>
      </object_component>
      <object_component id="oc-36">
         <name>.int11</name>
         <load_address>0xfff6</load_address>
         <run_address>0xfff6</run_address>
         <size>0x2</size>
         <input_file_ref idref="fl-3b"/>
      </object_component>
      <object_component id="oc-37">
         <name>.int12</name>
         <load_address>0xfff8</load_address>
         <run_address>0xfff8</run_address>
         <size>0x2</size>
         <input_file_ref idref="fl-3c"/>
      </object_component>
      <object_component id="oc-38">
         <name>.int13</name>
         <load_address>0xfffa</load_address>
         <run_address>0xfffa</run_address>
         <size>0x2</size>
         <input_file_ref idref="fl-3d"/>
      </object_component>
      <object_component id="oc-39">
         <name>.int14</name>
         <load_address>0xfffc</load_address>
         <run_address>0xfffc</run_address>
         <size>0x2</size>
         <input_file_ref idref="fl-3e"/>
      </object_component>
      <object_component id="oc-50">
         <name>.reset</name>
         <load_address>0xfffe</load_address>
         <run_address>0xfffe</run_address>
         <size>0x2</size>
         <input_file_ref idref="fl-23"/>
      </object_component>
      <object_component id="oc-188">
         <name>.bss</name>
         <uninitialized>true</uninitialized>
         <run_address>0x26c</run_address>
         <size>0x8</size>
         <input_file_ref idref="fl-3"/>
      </object_component>
      <object_component id="oc-bf">
         <name>.common:ax</name>
         <uninitialized>true</uninitialized>
         <run_address>0x288</run_address>
         <size>0x2</size>
      </object_component>
      <object_component id="oc-c0">
         <name>.common:ay</name>
         <uninitialized>true</uninitialized>
         <run_address>0x28a</run_address>
         <size>0x2</size>
      </object_component>
      <object_component id="oc-c1">
         <name>.common:az</name>
         <uninitialized>true</uninitialized>
         <run_address>0x28c</run_address>
         <size>0x2</size>
      </object_component>
      <object_component id="oc-c2">
         <name>.common:gx</name>
         <uninitialized>true</uninitialized>
         <run_address>0x28e</run_address>
         <size>0x2</size>
      </object_component>
      <object_component id="oc-c3">
         <name>.common:gy</name>
         <uninitialized>true</uninitialized>
         <run_address>0x290</run_address>
         <size>0x2</size>
      </object_component>
      <object_component id="oc-c4">
         <name>.common:gz</name>
         <uninitialized>true</uninitialized>
         <run_address>0x292</run_address>
         <size>0x2</size>
      </object_component>
      <object_component id="oc-b7">
         <name>.common:g_ax</name>
         <uninitialized>true</uninitialized>
         <run_address>0x27a</run_address>
         <size>0x4</size>
      </object_component>
      <object_component id="oc-ba">
         <name>.common:g_ay</name>
         <uninitialized>true</uninitialized>
         <run_address>0x27e</run_address>
         <size>0x4</size>
      </object_component>
      <object_component id="oc-bd">
         <name>.common:g_az</name>
         <uninitialized>true</uninitialized>
         <run_address>0x282</run_address>
         <size>0x4</size>
      </object_component>
      <object_component id="oc-131">
         <name>.common:buffer</name>
         <uninitialized>true</uninitialized>
         <run_address>0x250</run_address>
         <size>0xe</size>
      </object_component>
      <object_component id="oc-1a3">
         <name>.common:bufferedDataOutput</name>
         <uninitialized>true</uninitialized>
         <run_address>0x274</run_address>
         <size>0x6</size>
      </object_component>
      <object_component id="oc-1ab">
         <name>.common:bufferedDataRX</name>
         <uninitialized>true</uninitialized>
         <run_address>0x25e</run_address>
         <size>0xe</size>
      </object_component>
      <object_component id="oc-1aa">
         <name>.common:Bytecount</name>
         <uninitialized>true</uninitialized>
         <run_address>0x286</run_address>
         <size>0x2</size>
      </object_component>
      <object_component id="oc-1a5">
         <name>.common:TXByteCtr</name>
         <uninitialized>true</uninitialized>
         <run_address>0x295</run_address>
         <size>0x1</size>
      </object_component>
      <object_component id="oc-1a8">
         <name>.common:RXByteCtr</name>
         <uninitialized>true</uninitialized>
         <run_address>0x294</run_address>
         <size>0x1</size>
      </object_component>
      <object_component id="oc-a7">
         <name>.data</name>
         <load_address>0x2a0</load_address>
         <run_address>0x2a0</run_address>
         <size>0xa</size>
         <input_file_ref idref="fl-5"/>
      </object_component>
      <object_component id="oc-19e">
         <name>.data</name>
         <load_address>0x296</load_address>
         <run_address>0x296</run_address>
         <size>0xa</size>
         <input_file_ref idref="fl-7"/>
      </object_component>
      <object_component id="oc-3b">
         <name>.debug_info</name>
         <load_address>0x0</load_address>
         <run_address>0x0</run_address>
         <size>0x125</size>
         <input_file_ref idref="fl-23"/>
      </object_component>
      <object_component id="oc-41">
         <name>.debug_info</name>
         <load_address>0x125</load_address>
         <run_address>0x125</run_address>
         <size>0x194</size>
         <input_file_ref idref="fl-24"/>
      </object_component>
      <object_component id="oc-45">
         <name>.debug_info</name>
         <load_address>0x2b9</load_address>
         <run_address>0x2b9</run_address>
         <size>0x16a</size>
         <input_file_ref idref="fl-26"/>
      </object_component>
      <object_component id="oc-4a">
         <name>.debug_info</name>
         <load_address>0x423</load_address>
         <run_address>0x423</run_address>
         <size>0x18e</size>
         <input_file_ref idref="fl-25"/>
      </object_component>
      <object_component id="oc-4f">
         <name>.debug_info</name>
         <load_address>0x5b1</load_address>
         <run_address>0x5b1</run_address>
         <size>0xaa</size>
         <input_file_ref idref="fl-23"/>
      </object_component>
      <object_component id="oc-52">
         <name>.debug_info</name>
         <load_address>0x65b</load_address>
         <run_address>0x65b</run_address>
         <size>0xb6</size>
         <input_file_ref idref="fl-45"/>
      </object_component>
      <object_component id="oc-54">
         <name>.debug_info</name>
         <load_address>0x711</load_address>
         <run_address>0x711</run_address>
         <size>0xc2</size>
         <input_file_ref idref="fl-3f"/>
      </object_component>
      <object_component id="oc-58">
         <name>.debug_info</name>
         <load_address>0x7d3</load_address>
         <run_address>0x7d3</run_address>
         <size>0xfd</size>
         <input_file_ref idref="fl-48"/>
      </object_component>
      <object_component id="oc-5d">
         <name>.debug_info</name>
         <load_address>0x8d0</load_address>
         <run_address>0x8d0</run_address>
         <size>0x14d</size>
         <input_file_ref idref="fl-4c"/>
      </object_component>
      <object_component id="oc-62">
         <name>.debug_info</name>
         <load_address>0xa1d</load_address>
         <run_address>0xa1d</run_address>
         <size>0x173</size>
         <input_file_ref idref="fl-5"/>
      </object_component>
      <object_component id="oc-67">
         <name>.debug_info</name>
         <load_address>0xb90</load_address>
         <run_address>0xb90</run_address>
         <size>0xcc</size>
         <input_file_ref idref="fl-2b"/>
      </object_component>
      <object_component id="oc-6d">
         <name>.debug_info</name>
         <load_address>0xc5c</load_address>
         <run_address>0xc5c</run_address>
         <size>0x157</size>
         <input_file_ref idref="fl-44"/>
      </object_component>
      <object_component id="oc-72">
         <name>.debug_info</name>
         <load_address>0xdb3</load_address>
         <run_address>0xdb3</run_address>
         <size>0x46</size>
         <input_file_ref idref="fl-24"/>
      </object_component>
      <object_component id="oc-77">
         <name>.debug_info</name>
         <load_address>0xdf9</load_address>
         <run_address>0xdf9</run_address>
         <size>0x164</size>
         <input_file_ref idref="fl-24"/>
      </object_component>
      <object_component id="oc-79">
         <name>.debug_info</name>
         <load_address>0xf5d</load_address>
         <run_address>0xf5d</run_address>
         <size>0x46</size>
         <input_file_ref idref="fl-26"/>
      </object_component>
      <object_component id="oc-7e">
         <name>.debug_info</name>
         <load_address>0xfa3</load_address>
         <run_address>0xfa3</run_address>
         <size>0x11f</size>
         <input_file_ref idref="fl-26"/>
      </object_component>
      <object_component id="oc-80">
         <name>.debug_info</name>
         <load_address>0x10c2</load_address>
         <run_address>0x10c2</run_address>
         <size>0x1e9</size>
         <input_file_ref idref="fl-25"/>
      </object_component>
      <object_component id="oc-85">
         <name>.debug_info</name>
         <load_address>0x12ab</load_address>
         <run_address>0x12ab</run_address>
         <size>0x129</size>
         <input_file_ref idref="fl-25"/>
      </object_component>
      <object_component id="oc-86">
         <name>.debug_info</name>
         <load_address>0x13d4</load_address>
         <run_address>0x13d4</run_address>
         <size>0x39</size>
         <input_file_ref idref="fl-25"/>
      </object_component>
      <object_component id="oc-8d">
         <name>.debug_info</name>
         <load_address>0x140d</load_address>
         <run_address>0x140d</run_address>
         <size>0x84</size>
         <input_file_ref idref="fl-2"/>
      </object_component>
      <object_component id="oc-94">
         <name>.debug_info</name>
         <load_address>0x1491</load_address>
         <run_address>0x1491</run_address>
         <size>0x245</size>
         <input_file_ref idref="fl-45"/>
      </object_component>
      <object_component id="oc-98">
         <name>.debug_info</name>
         <load_address>0x16d6</load_address>
         <run_address>0x16d6</run_address>
         <size>0xe1</size>
         <input_file_ref idref="fl-2a"/>
      </object_component>
      <object_component id="oc-9c">
         <name>.debug_info</name>
         <load_address>0x17b7</load_address>
         <run_address>0x17b7</run_address>
         <size>0x2ba</size>
         <input_file_ref idref="fl-4c"/>
      </object_component>
      <object_component id="oc-9e">
         <name>.debug_info</name>
         <load_address>0x1a71</load_address>
         <run_address>0x1a71</run_address>
         <size>0x1e6</size>
         <input_file_ref idref="fl-6"/>
      </object_component>
      <object_component id="oc-a3">
         <name>.debug_info</name>
         <load_address>0x1c57</load_address>
         <run_address>0x1c57</run_address>
         <size>0x15f</size>
         <input_file_ref idref="fl-6"/>
      </object_component>
      <object_component id="oc-a8">
         <name>.debug_info</name>
         <load_address>0x1db6</load_address>
         <run_address>0x1db6</run_address>
         <size>0x143</size>
         <input_file_ref idref="fl-5"/>
      </object_component>
      <object_component id="oc-aa">
         <name>.debug_info</name>
         <load_address>0x1ef9</load_address>
         <run_address>0x1ef9</run_address>
         <size>0x4dc</size>
         <input_file_ref idref="fl-5"/>
      </object_component>
      <object_component id="oc-b1">
         <name>.debug_info</name>
         <load_address>0x23d5</load_address>
         <run_address>0x23d5</run_address>
         <size>0x1c7</size>
         <input_file_ref idref="fl-6"/>
      </object_component>
      <object_component id="oc-c6">
         <name>.debug_info</name>
         <load_address>0x259c</load_address>
         <run_address>0x259c</run_address>
         <size>0x1dc</size>
         <input_file_ref idref="fl-4"/>
      </object_component>
      <object_component id="oc-cb">
         <name>.debug_info</name>
         <load_address>0x2778</load_address>
         <run_address>0x2778</run_address>
         <size>0xdd</size>
         <input_file_ref idref="fl-32"/>
      </object_component>
      <object_component id="oc-d0">
         <name>.debug_info</name>
         <load_address>0x2855</load_address>
         <run_address>0x2855</run_address>
         <size>0xd4</size>
         <input_file_ref idref="fl-31"/>
      </object_component>
      <object_component id="oc-d5">
         <name>.debug_info</name>
         <load_address>0x2929</load_address>
         <run_address>0x2929</run_address>
         <size>0x127</size>
         <input_file_ref idref="fl-44"/>
      </object_component>
      <object_component id="oc-d6">
         <name>.debug_info</name>
         <load_address>0x2a50</load_address>
         <run_address>0x2a50</run_address>
         <size>0x2c</size>
         <input_file_ref idref="fl-2"/>
      </object_component>
      <object_component id="oc-db">
         <name>.debug_info</name>
         <load_address>0x2a7c</load_address>
         <run_address>0x2a7c</run_address>
         <size>0x2c</size>
         <input_file_ref idref="fl-24"/>
      </object_component>
      <object_component id="oc-e9">
         <name>.debug_info</name>
         <load_address>0x2aa8</load_address>
         <run_address>0x2aa8</run_address>
         <size>0x6f</size>
         <input_file_ref idref="fl-45"/>
      </object_component>
      <object_component id="oc-f1">
         <name>.debug_info</name>
         <load_address>0x2b17</load_address>
         <run_address>0x2b17</run_address>
         <size>0x39</size>
         <input_file_ref idref="fl-4c"/>
      </object_component>
      <object_component id="oc-f7">
         <name>.debug_info</name>
         <load_address>0x2b50</load_address>
         <run_address>0x2b50</run_address>
         <size>0x15f</size>
         <input_file_ref idref="fl-6"/>
      </object_component>
      <object_component id="oc-fc">
         <name>.debug_info</name>
         <load_address>0x2caf</load_address>
         <run_address>0x2caf</run_address>
         <size>0x169</size>
         <input_file_ref idref="fl-6"/>
      </object_component>
      <object_component id="oc-101">
         <name>.debug_info</name>
         <load_address>0x2e18</load_address>
         <run_address>0x2e18</run_address>
         <size>0x16f</size>
         <input_file_ref idref="fl-6"/>
      </object_component>
      <object_component id="oc-106">
         <name>.debug_info</name>
         <load_address>0x2f87</load_address>
         <run_address>0x2f87</run_address>
         <size>0x15d</size>
         <input_file_ref idref="fl-6"/>
      </object_component>
      <object_component id="oc-10b">
         <name>.debug_info</name>
         <load_address>0x30e4</load_address>
         <run_address>0x30e4</run_address>
         <size>0x1b1</size>
         <input_file_ref idref="fl-6"/>
      </object_component>
      <object_component id="oc-110">
         <name>.debug_info</name>
         <load_address>0x3295</load_address>
         <run_address>0x3295</run_address>
         <size>0x161</size>
         <input_file_ref idref="fl-6"/>
      </object_component>
      <object_component id="oc-116">
         <name>.debug_info</name>
         <load_address>0x33f6</load_address>
         <run_address>0x33f6</run_address>
         <size>0x2a1</size>
         <input_file_ref idref="fl-6"/>
      </object_component>
      <object_component id="oc-11b">
         <name>.debug_info</name>
         <load_address>0x3697</load_address>
         <run_address>0x3697</run_address>
         <size>0x18b</size>
         <input_file_ref idref="fl-5"/>
      </object_component>
      <object_component id="oc-122">
         <name>.debug_info</name>
         <load_address>0x3822</load_address>
         <run_address>0x3822</run_address>
         <size>0x24f</size>
         <input_file_ref idref="fl-6"/>
      </object_component>
      <object_component id="oc-134">
         <name>.debug_info</name>
         <load_address>0x3a71</load_address>
         <run_address>0x3a71</run_address>
         <size>0x104</size>
         <input_file_ref idref="fl-3"/>
      </object_component>
      <object_component id="oc-138">
         <name>.debug_info</name>
         <load_address>0x3b75</load_address>
         <run_address>0x3b75</run_address>
         <size>0xc8</size>
         <input_file_ref idref="fl-4"/>
      </object_component>
      <object_component id="oc-13a">
         <name>.debug_info</name>
         <load_address>0x3c3d</load_address>
         <run_address>0x3c3d</run_address>
         <size>0x15f</size>
         <input_file_ref idref="fl-4"/>
      </object_component>
      <object_component id="oc-140">
         <name>.debug_info</name>
         <load_address>0x3d9c</load_address>
         <run_address>0x3d9c</run_address>
         <size>0xd3</size>
         <input_file_ref idref="fl-22"/>
      </object_component>
      <object_component id="oc-143">
         <name>.debug_info</name>
         <load_address>0x3e6f</load_address>
         <run_address>0x3e6f</run_address>
         <size>0x12b</size>
         <input_file_ref idref="fl-4"/>
      </object_component>
      <object_component id="oc-148">
         <name>.debug_info</name>
         <load_address>0x3f9a</load_address>
         <run_address>0x3f9a</run_address>
         <size>0x191</size>
         <input_file_ref idref="fl-4"/>
      </object_component>
      <object_component id="oc-149">
         <name>.debug_info</name>
         <load_address>0x412b</load_address>
         <run_address>0x412b</run_address>
         <size>0x2c</size>
         <input_file_ref idref="fl-4"/>
      </object_component>
      <object_component id="oc-152">
         <name>.debug_info</name>
         <load_address>0x4157</load_address>
         <run_address>0x4157</run_address>
         <size>0x2c</size>
         <input_file_ref idref="fl-45"/>
      </object_component>
      <object_component id="oc-158">
         <name>.debug_info</name>
         <load_address>0x4183</load_address>
         <run_address>0x4183</run_address>
         <size>0x26f</size>
         <input_file_ref idref="fl-6"/>
      </object_component>
      <object_component id="oc-161">
         <name>.debug_info</name>
         <load_address>0x43f2</load_address>
         <run_address>0x43f2</run_address>
         <size>0x21e</size>
         <input_file_ref idref="fl-6"/>
      </object_component>
      <object_component id="oc-166">
         <name>.debug_info</name>
         <load_address>0x4610</load_address>
         <run_address>0x4610</run_address>
         <size>0x1e7</size>
         <input_file_ref idref="fl-6"/>
      </object_component>
      <object_component id="oc-16f">
         <name>.debug_info</name>
         <load_address>0x47f7</load_address>
         <run_address>0x47f7</run_address>
         <size>0x155</size>
         <input_file_ref idref="fl-7"/>
      </object_component>
      <object_component id="oc-174">
         <name>.debug_info</name>
         <load_address>0x494c</load_address>
         <run_address>0x494c</run_address>
         <size>0x131</size>
         <input_file_ref idref="fl-7"/>
      </object_component>
      <object_component id="oc-179">
         <name>.debug_info</name>
         <load_address>0x4a7d</load_address>
         <run_address>0x4a7d</run_address>
         <size>0x123</size>
         <input_file_ref idref="fl-7"/>
      </object_component>
      <object_component id="oc-17e">
         <name>.debug_info</name>
         <load_address>0x4ba0</load_address>
         <run_address>0x4ba0</run_address>
         <size>0x16c</size>
         <input_file_ref idref="fl-7"/>
      </object_component>
      <object_component id="oc-183">
         <name>.debug_info</name>
         <load_address>0x4d0c</load_address>
         <run_address>0x4d0c</run_address>
         <size>0x120</size>
         <input_file_ref idref="fl-7"/>
      </object_component>
      <object_component id="oc-193">
         <name>.debug_info</name>
         <load_address>0x4e2c</load_address>
         <run_address>0x4e2c</run_address>
         <size>0x1fb</size>
         <input_file_ref idref="fl-6"/>
      </object_component>
      <object_component id="oc-198">
         <name>.debug_info</name>
         <load_address>0x5027</load_address>
         <run_address>0x5027</run_address>
         <size>0xd3</size>
         <input_file_ref idref="fl-40"/>
      </object_component>
      <object_component id="oc-19f">
         <name>.debug_info</name>
         <load_address>0x50fa</load_address>
         <run_address>0x50fa</run_address>
         <size>0x182</size>
         <input_file_ref idref="fl-7"/>
      </object_component>
      <object_component id="oc-1a1">
         <name>.debug_info</name>
         <load_address>0x527c</load_address>
         <run_address>0x527c</run_address>
         <size>0x444</size>
         <input_file_ref idref="fl-7"/>
      </object_component>
      <object_component id="oc-1ee">
         <name>.debug_info</name>
         <load_address>0x56c0</load_address>
         <run_address>0x56c0</run_address>
         <size>0xa9</size>
      </object_component>
      <object_component id="oc-3c">
         <name>.debug_line</name>
         <load_address>0x0</load_address>
         <run_address>0x0</run_address>
         <size>0x44</size>
         <input_file_ref idref="fl-23"/>
      </object_component>
      <object_component id="oc-42">
         <name>.debug_line</name>
         <load_address>0x44</load_address>
         <run_address>0x44</run_address>
         <size>0x50</size>
         <input_file_ref idref="fl-24"/>
      </object_component>
      <object_component id="oc-46">
         <name>.debug_line</name>
         <load_address>0x94</load_address>
         <run_address>0x94</run_address>
         <size>0x4a</size>
         <input_file_ref idref="fl-26"/>
      </object_component>
      <object_component id="oc-4b">
         <name>.debug_line</name>
         <load_address>0xde</load_address>
         <run_address>0xde</run_address>
         <size>0x49</size>
         <input_file_ref idref="fl-25"/>
      </object_component>
      <object_component id="oc-55">
         <name>.debug_line</name>
         <load_address>0x127</load_address>
         <run_address>0x127</run_address>
         <size>0x3c</size>
         <input_file_ref idref="fl-3f"/>
      </object_component>
      <object_component id="oc-59">
         <name>.debug_line</name>
         <load_address>0x163</load_address>
         <run_address>0x163</run_address>
         <size>0x3e</size>
         <input_file_ref idref="fl-48"/>
      </object_component>
      <object_component id="oc-5e">
         <name>.debug_line</name>
         <load_address>0x1a1</load_address>
         <run_address>0x1a1</run_address>
         <size>0x6b</size>
         <input_file_ref idref="fl-4c"/>
      </object_component>
      <object_component id="oc-63">
         <name>.debug_line</name>
         <load_address>0x20c</load_address>
         <run_address>0x20c</run_address>
         <size>0x63</size>
         <input_file_ref idref="fl-5"/>
      </object_component>
      <object_component id="oc-68">
         <name>.debug_line</name>
         <load_address>0x26f</load_address>
         <run_address>0x26f</run_address>
         <size>0x3a</size>
         <input_file_ref idref="fl-2b"/>
      </object_component>
      <object_component id="oc-6e">
         <name>.debug_line</name>
         <load_address>0x2a9</load_address>
         <run_address>0x2a9</run_address>
         <size>0x45</size>
         <input_file_ref idref="fl-44"/>
      </object_component>
      <object_component id="oc-74">
         <name>.debug_line</name>
         <load_address>0x2ee</load_address>
         <run_address>0x2ee</run_address>
         <size>0x3a</size>
         <input_file_ref idref="fl-24"/>
      </object_component>
      <object_component id="oc-7b">
         <name>.debug_line</name>
         <load_address>0x328</load_address>
         <run_address>0x328</run_address>
         <size>0x34</size>
         <input_file_ref idref="fl-26"/>
      </object_component>
      <object_component id="oc-81">
         <name>.debug_line</name>
         <load_address>0x35c</load_address>
         <run_address>0x35c</run_address>
         <size>0x80</size>
         <input_file_ref idref="fl-25"/>
      </object_component>
      <object_component id="oc-88">
         <name>.debug_line</name>
         <load_address>0x3dc</load_address>
         <run_address>0x3dc</run_address>
         <size>0x39</size>
         <input_file_ref idref="fl-25"/>
      </object_component>
      <object_component id="oc-8c">
         <name>.debug_line</name>
         <load_address>0x415</load_address>
         <run_address>0x415</run_address>
         <size>0x2a</size>
         <input_file_ref idref="fl-23"/>
      </object_component>
      <object_component id="oc-8f">
         <name>.debug_line</name>
         <load_address>0x43f</load_address>
         <run_address>0x43f</run_address>
         <size>0x20</size>
         <input_file_ref idref="fl-2"/>
      </object_component>
      <object_component id="oc-93">
         <name>.debug_line</name>
         <load_address>0x45f</load_address>
         <run_address>0x45f</run_address>
         <size>0x2c</size>
         <input_file_ref idref="fl-45"/>
      </object_component>
      <object_component id="oc-99">
         <name>.debug_line</name>
         <load_address>0x48b</load_address>
         <run_address>0x48b</run_address>
         <size>0x40</size>
         <input_file_ref idref="fl-2a"/>
      </object_component>
      <object_component id="oc-9f">
         <name>.debug_line</name>
         <load_address>0x4cb</load_address>
         <run_address>0x4cb</run_address>
         <size>0x50</size>
         <input_file_ref idref="fl-6"/>
      </object_component>
      <object_component id="oc-a4">
         <name>.debug_line</name>
         <load_address>0x51b</load_address>
         <run_address>0x51b</run_address>
         <size>0x50</size>
         <input_file_ref idref="fl-6"/>
      </object_component>
      <object_component id="oc-b2">
         <name>.debug_line</name>
         <load_address>0x56b</load_address>
         <run_address>0x56b</run_address>
         <size>0x50</size>
         <input_file_ref idref="fl-6"/>
      </object_component>
      <object_component id="oc-c7">
         <name>.debug_line</name>
         <load_address>0x5bb</load_address>
         <run_address>0x5bb</run_address>
         <size>0x6f</size>
         <input_file_ref idref="fl-4"/>
      </object_component>
      <object_component id="oc-cc">
         <name>.debug_line</name>
         <load_address>0x62a</load_address>
         <run_address>0x62a</run_address>
         <size>0x55</size>
         <input_file_ref idref="fl-32"/>
      </object_component>
      <object_component id="oc-cf">
         <name>.debug_line</name>
         <load_address>0x67f</load_address>
         <run_address>0x67f</run_address>
         <size>0x82</size>
         <input_file_ref idref="fl-31"/>
      </object_component>
      <object_component id="oc-d8">
         <name>.debug_line</name>
         <load_address>0x701</load_address>
         <run_address>0x701</run_address>
         <size>0x5c</size>
         <input_file_ref idref="fl-2"/>
      </object_component>
      <object_component id="oc-dd">
         <name>.debug_line</name>
         <load_address>0x75d</load_address>
         <run_address>0x75d</run_address>
         <size>0x44</size>
         <input_file_ref idref="fl-24"/>
      </object_component>
      <object_component id="oc-e1">
         <name>.debug_line</name>
         <load_address>0x7a1</load_address>
         <run_address>0x7a1</run_address>
         <size>0x20</size>
         <input_file_ref idref="fl-24"/>
      </object_component>
      <object_component id="oc-e3">
         <name>.debug_line</name>
         <load_address>0x7c1</load_address>
         <run_address>0x7c1</run_address>
         <size>0x20</size>
         <input_file_ref idref="fl-26"/>
      </object_component>
      <object_component id="oc-e6">
         <name>.debug_line</name>
         <load_address>0x7e1</load_address>
         <run_address>0x7e1</run_address>
         <size>0x20</size>
         <input_file_ref idref="fl-25"/>
      </object_component>
      <object_component id="oc-e8">
         <name>.debug_line</name>
         <load_address>0x801</load_address>
         <run_address>0x801</run_address>
         <size>0x73</size>
         <input_file_ref idref="fl-45"/>
      </object_component>
      <object_component id="oc-eb">
         <name>.debug_line</name>
         <load_address>0x874</load_address>
         <run_address>0x874</run_address>
         <size>0x2c</size>
         <input_file_ref idref="fl-45"/>
      </object_component>
      <object_component id="oc-f0">
         <name>.debug_line</name>
         <load_address>0x8a0</load_address>
         <run_address>0x8a0</run_address>
         <size>0x2e</size>
         <input_file_ref idref="fl-4c"/>
      </object_component>
      <object_component id="oc-f3">
         <name>.debug_line</name>
         <load_address>0x8ce</load_address>
         <run_address>0x8ce</run_address>
         <size>0x2e</size>
         <input_file_ref idref="fl-4c"/>
      </object_component>
      <object_component id="oc-f8">
         <name>.debug_line</name>
         <load_address>0x8fc</load_address>
         <run_address>0x8fc</run_address>
         <size>0x4a</size>
         <input_file_ref idref="fl-6"/>
      </object_component>
      <object_component id="oc-fd">
         <name>.debug_line</name>
         <load_address>0x946</load_address>
         <run_address>0x946</run_address>
         <size>0x4a</size>
         <input_file_ref idref="fl-6"/>
      </object_component>
      <object_component id="oc-102">
         <name>.debug_line</name>
         <load_address>0x990</load_address>
         <run_address>0x990</run_address>
         <size>0x4a</size>
         <input_file_ref idref="fl-6"/>
      </object_component>
      <object_component id="oc-107">
         <name>.debug_line</name>
         <load_address>0x9da</load_address>
         <run_address>0x9da</run_address>
         <size>0x4a</size>
         <input_file_ref idref="fl-6"/>
      </object_component>
      <object_component id="oc-10c">
         <name>.debug_line</name>
         <load_address>0xa24</load_address>
         <run_address>0xa24</run_address>
         <size>0x51</size>
         <input_file_ref idref="fl-6"/>
      </object_component>
      <object_component id="oc-111">
         <name>.debug_line</name>
         <load_address>0xa75</load_address>
         <run_address>0xa75</run_address>
         <size>0x4a</size>
         <input_file_ref idref="fl-6"/>
      </object_component>
      <object_component id="oc-118">
         <name>.debug_line</name>
         <load_address>0xabf</load_address>
         <run_address>0xabf</run_address>
         <size>0x2d</size>
         <input_file_ref idref="fl-5"/>
      </object_component>
      <object_component id="oc-11a">
         <name>.debug_line</name>
         <load_address>0xaec</load_address>
         <run_address>0xaec</run_address>
         <size>0xf1</size>
         <input_file_ref idref="fl-5"/>
      </object_component>
      <object_component id="oc-11d">
         <name>.debug_line</name>
         <load_address>0xbdd</load_address>
         <run_address>0xbdd</run_address>
         <size>0x5c</size>
         <input_file_ref idref="fl-5"/>
      </object_component>
      <object_component id="oc-123">
         <name>.debug_line</name>
         <load_address>0xc39</load_address>
         <run_address>0xc39</run_address>
         <size>0x59</size>
         <input_file_ref idref="fl-6"/>
      </object_component>
      <object_component id="oc-135">
         <name>.debug_line</name>
         <load_address>0xc92</load_address>
         <run_address>0xc92</run_address>
         <size>0x7b</size>
         <input_file_ref idref="fl-3"/>
      </object_component>
      <object_component id="oc-13b">
         <name>.debug_line</name>
         <load_address>0xd0d</load_address>
         <run_address>0xd0d</run_address>
         <size>0x59</size>
         <input_file_ref idref="fl-4"/>
      </object_component>
      <object_component id="oc-13f">
         <name>.debug_line</name>
         <load_address>0xd66</load_address>
         <run_address>0xd66</run_address>
         <size>0x4e</size>
         <input_file_ref idref="fl-22"/>
      </object_component>
      <object_component id="oc-144">
         <name>.debug_line</name>
         <load_address>0xdb4</load_address>
         <run_address>0xdb4</run_address>
         <size>0x3f</size>
         <input_file_ref idref="fl-4"/>
      </object_component>
      <object_component id="oc-14b">
         <name>.debug_line</name>
         <load_address>0xdf3</load_address>
         <run_address>0xdf3</run_address>
         <size>0x5c</size>
         <input_file_ref idref="fl-4"/>
      </object_component>
      <object_component id="oc-151">
         <name>.debug_line</name>
         <load_address>0xe4f</load_address>
         <run_address>0xe4f</run_address>
         <size>0x20</size>
         <input_file_ref idref="fl-44"/>
      </object_component>
      <object_component id="oc-154">
         <name>.debug_line</name>
         <load_address>0xe6f</load_address>
         <run_address>0xe6f</run_address>
         <size>0x44</size>
         <input_file_ref idref="fl-45"/>
      </object_component>
      <object_component id="oc-159">
         <name>.debug_line</name>
         <load_address>0xeb3</load_address>
         <run_address>0xeb3</run_address>
         <size>0x5a</size>
         <input_file_ref idref="fl-6"/>
      </object_component>
      <object_component id="oc-162">
         <name>.debug_line</name>
         <load_address>0xf0d</load_address>
         <run_address>0xf0d</run_address>
         <size>0x50</size>
         <input_file_ref idref="fl-6"/>
      </object_component>
      <object_component id="oc-167">
         <name>.debug_line</name>
         <load_address>0xf5d</load_address>
         <run_address>0xf5d</run_address>
         <size>0x4d</size>
         <input_file_ref idref="fl-6"/>
      </object_component>
      <object_component id="oc-16d">
         <name>.debug_line</name>
         <load_address>0xfaa</load_address>
         <run_address>0xfaa</run_address>
         <size>0x61</size>
         <input_file_ref idref="fl-6"/>
      </object_component>
      <object_component id="oc-170">
         <name>.debug_line</name>
         <load_address>0x100b</load_address>
         <run_address>0x100b</run_address>
         <size>0x48</size>
         <input_file_ref idref="fl-7"/>
      </object_component>
      <object_component id="oc-175">
         <name>.debug_line</name>
         <load_address>0x1053</load_address>
         <run_address>0x1053</run_address>
         <size>0x47</size>
         <input_file_ref idref="fl-7"/>
      </object_component>
      <object_component id="oc-17a">
         <name>.debug_line</name>
         <load_address>0x109a</load_address>
         <run_address>0x109a</run_address>
         <size>0x5b</size>
         <input_file_ref idref="fl-7"/>
      </object_component>
      <object_component id="oc-17f">
         <name>.debug_line</name>
         <load_address>0x10f5</load_address>
         <run_address>0x10f5</run_address>
         <size>0x5a</size>
         <input_file_ref idref="fl-7"/>
      </object_component>
      <object_component id="oc-184">
         <name>.debug_line</name>
         <load_address>0x114f</load_address>
         <run_address>0x114f</run_address>
         <size>0x4c</size>
         <input_file_ref idref="fl-7"/>
      </object_component>
      <object_component id="oc-18b">
         <name>.debug_line</name>
         <load_address>0x119b</load_address>
         <run_address>0x119b</run_address>
         <size>0x2f</size>
         <input_file_ref idref="fl-4"/>
      </object_component>
      <object_component id="oc-191">
         <name>.debug_line</name>
         <load_address>0x11ca</load_address>
         <run_address>0x11ca</run_address>
         <size>0x2f</size>
         <input_file_ref idref="fl-4"/>
      </object_component>
      <object_component id="oc-194">
         <name>.debug_line</name>
         <load_address>0x11f9</load_address>
         <run_address>0x11f9</run_address>
         <size>0x4f</size>
         <input_file_ref idref="fl-6"/>
      </object_component>
      <object_component id="oc-199">
         <name>.debug_line</name>
         <load_address>0x1248</load_address>
         <run_address>0x1248</run_address>
         <size>0x4e</size>
         <input_file_ref idref="fl-40"/>
      </object_component>
      <object_component id="oc-1b0">
         <name>.debug_line</name>
         <load_address>0x1296</load_address>
         <run_address>0x1296</run_address>
         <size>0x33</size>
         <input_file_ref idref="fl-7"/>
      </object_component>
      <object_component id="oc-1b2">
         <name>.debug_line</name>
         <load_address>0x12c9</load_address>
         <run_address>0x12c9</run_address>
         <size>0x97</size>
         <input_file_ref idref="fl-7"/>
      </object_component>
      <object_component id="oc-3d">
         <name>.debug_frame</name>
         <load_address>0x0</load_address>
         <run_address>0x0</run_address>
         <size>0x42</size>
         <input_file_ref idref="fl-23"/>
      </object_component>
      <object_component id="oc-40">
         <name>.debug_frame</name>
         <load_address>0x42</load_address>
         <run_address>0x42</run_address>
         <size>0x47</size>
         <input_file_ref idref="fl-24"/>
      </object_component>
      <object_component id="oc-47">
         <name>.debug_frame</name>
         <load_address>0x89</load_address>
         <run_address>0x89</run_address>
         <size>0x47</size>
         <input_file_ref idref="fl-26"/>
      </object_component>
      <object_component id="oc-4c">
         <name>.debug_frame</name>
         <load_address>0xd0</load_address>
         <run_address>0xd0</run_address>
         <size>0x47</size>
         <input_file_ref idref="fl-25"/>
      </object_component>
      <object_component id="oc-5a">
         <name>.debug_frame</name>
         <load_address>0x117</load_address>
         <run_address>0x117</run_address>
         <size>0x47</size>
         <input_file_ref idref="fl-48"/>
      </object_component>
      <object_component id="oc-5f">
         <name>.debug_frame</name>
         <load_address>0x15e</load_address>
         <run_address>0x15e</run_address>
         <size>0x51</size>
         <input_file_ref idref="fl-4c"/>
      </object_component>
      <object_component id="oc-64">
         <name>.debug_frame</name>
         <load_address>0x1af</load_address>
         <run_address>0x1af</run_address>
         <size>0x5d</size>
         <input_file_ref idref="fl-5"/>
      </object_component>
      <object_component id="oc-69">
         <name>.debug_frame</name>
         <load_address>0x20c</load_address>
         <run_address>0x20c</run_address>
         <size>0x47</size>
         <input_file_ref idref="fl-2b"/>
      </object_component>
      <object_component id="oc-6f">
         <name>.debug_frame</name>
         <load_address>0x253</load_address>
         <run_address>0x253</run_address>
         <size>0x47</size>
         <input_file_ref idref="fl-44"/>
      </object_component>
      <object_component id="oc-82">
         <name>.debug_frame</name>
         <load_address>0x29a</load_address>
         <run_address>0x29a</run_address>
         <size>0x51</size>
         <input_file_ref idref="fl-25"/>
      </object_component>
      <object_component id="oc-a0">
         <name>.debug_frame</name>
         <load_address>0x2eb</load_address>
         <run_address>0x2eb</run_address>
         <size>0x47</size>
         <input_file_ref idref="fl-6"/>
      </object_component>
      <object_component id="oc-a5">
         <name>.debug_frame</name>
         <load_address>0x332</load_address>
         <run_address>0x332</run_address>
         <size>0x47</size>
         <input_file_ref idref="fl-6"/>
      </object_component>
      <object_component id="oc-b3">
         <name>.debug_frame</name>
         <load_address>0x379</load_address>
         <run_address>0x379</run_address>
         <size>0x66</size>
         <input_file_ref idref="fl-6"/>
      </object_component>
      <object_component id="oc-c8">
         <name>.debug_frame</name>
         <load_address>0x3df</load_address>
         <run_address>0x3df</run_address>
         <size>0x57</size>
         <input_file_ref idref="fl-4"/>
      </object_component>
      <object_component id="oc-f9">
         <name>.debug_frame</name>
         <load_address>0x436</load_address>
         <run_address>0x436</run_address>
         <size>0x4d</size>
         <input_file_ref idref="fl-6"/>
      </object_component>
      <object_component id="oc-fe">
         <name>.debug_frame</name>
         <load_address>0x483</load_address>
         <run_address>0x483</run_address>
         <size>0x4d</size>
         <input_file_ref idref="fl-6"/>
      </object_component>
      <object_component id="oc-103">
         <name>.debug_frame</name>
         <load_address>0x4d0</load_address>
         <run_address>0x4d0</run_address>
         <size>0x4d</size>
         <input_file_ref idref="fl-6"/>
      </object_component>
      <object_component id="oc-108">
         <name>.debug_frame</name>
         <load_address>0x51d</load_address>
         <run_address>0x51d</run_address>
         <size>0x4d</size>
         <input_file_ref idref="fl-6"/>
      </object_component>
      <object_component id="oc-10d">
         <name>.debug_frame</name>
         <load_address>0x56a</load_address>
         <run_address>0x56a</run_address>
         <size>0x5a</size>
         <input_file_ref idref="fl-6"/>
      </object_component>
      <object_component id="oc-112">
         <name>.debug_frame</name>
         <load_address>0x5c4</load_address>
         <run_address>0x5c4</run_address>
         <size>0x47</size>
         <input_file_ref idref="fl-6"/>
      </object_component>
      <object_component id="oc-124">
         <name>.debug_frame</name>
         <load_address>0x60b</load_address>
         <run_address>0x60b</run_address>
         <size>0x5b</size>
         <input_file_ref idref="fl-6"/>
      </object_component>
      <object_component id="oc-13c">
         <name>.debug_frame</name>
         <load_address>0x666</load_address>
         <run_address>0x666</run_address>
         <size>0x5b</size>
         <input_file_ref idref="fl-4"/>
      </object_component>
      <object_component id="oc-145">
         <name>.debug_frame</name>
         <load_address>0x6c1</load_address>
         <run_address>0x6c1</run_address>
         <size>0x47</size>
         <input_file_ref idref="fl-4"/>
      </object_component>
      <object_component id="oc-15a">
         <name>.debug_frame</name>
         <load_address>0x708</load_address>
         <run_address>0x708</run_address>
         <size>0x66</size>
         <input_file_ref idref="fl-6"/>
      </object_component>
      <object_component id="oc-163">
         <name>.debug_frame</name>
         <load_address>0x76e</load_address>
         <run_address>0x76e</run_address>
         <size>0x61</size>
         <input_file_ref idref="fl-6"/>
      </object_component>
      <object_component id="oc-168">
         <name>.debug_frame</name>
         <load_address>0x7cf</load_address>
         <run_address>0x7cf</run_address>
         <size>0x51</size>
         <input_file_ref idref="fl-6"/>
      </object_component>
      <object_component id="oc-171">
         <name>.debug_frame</name>
         <load_address>0x820</load_address>
         <run_address>0x820</run_address>
         <size>0x47</size>
         <input_file_ref idref="fl-7"/>
      </object_component>
      <object_component id="oc-176">
         <name>.debug_frame</name>
         <load_address>0x867</load_address>
         <run_address>0x867</run_address>
         <size>0x47</size>
         <input_file_ref idref="fl-7"/>
      </object_component>
      <object_component id="oc-17b">
         <name>.debug_frame</name>
         <load_address>0x8ae</load_address>
         <run_address>0x8ae</run_address>
         <size>0x47</size>
         <input_file_ref idref="fl-7"/>
      </object_component>
      <object_component id="oc-180">
         <name>.debug_frame</name>
         <load_address>0x8f5</load_address>
         <run_address>0x8f5</run_address>
         <size>0x47</size>
         <input_file_ref idref="fl-7"/>
      </object_component>
      <object_component id="oc-185">
         <name>.debug_frame</name>
         <load_address>0x93c</load_address>
         <run_address>0x93c</run_address>
         <size>0x47</size>
         <input_file_ref idref="fl-7"/>
      </object_component>
      <object_component id="oc-195">
         <name>.debug_frame</name>
         <load_address>0x983</load_address>
         <run_address>0x983</run_address>
         <size>0x56</size>
         <input_file_ref idref="fl-6"/>
      </object_component>
      <object_component id="oc-3e">
         <name>.debug_aranges</name>
         <load_address>0x0</load_address>
         <run_address>0x0</run_address>
         <size>0x20</size>
         <input_file_ref idref="fl-23"/>
      </object_component>
      <object_component id="oc-43">
         <name>.debug_aranges</name>
         <load_address>0x20</load_address>
         <run_address>0x20</run_address>
         <size>0x20</size>
         <input_file_ref idref="fl-24"/>
      </object_component>
      <object_component id="oc-48">
         <name>.debug_aranges</name>
         <load_address>0x40</load_address>
         <run_address>0x40</run_address>
         <size>0x20</size>
         <input_file_ref idref="fl-26"/>
      </object_component>
      <object_component id="oc-4d">
         <name>.debug_aranges</name>
         <load_address>0x60</load_address>
         <run_address>0x60</run_address>
         <size>0x20</size>
         <input_file_ref idref="fl-25"/>
      </object_component>
      <object_component id="oc-56">
         <name>.debug_aranges</name>
         <load_address>0x80</load_address>
         <run_address>0x80</run_address>
         <size>0x20</size>
         <input_file_ref idref="fl-3f"/>
      </object_component>
      <object_component id="oc-5b">
         <name>.debug_aranges</name>
         <load_address>0xa0</load_address>
         <run_address>0xa0</run_address>
         <size>0x20</size>
         <input_file_ref idref="fl-48"/>
      </object_component>
      <object_component id="oc-60">
         <name>.debug_aranges</name>
         <load_address>0xc0</load_address>
         <run_address>0xc0</run_address>
         <size>0x20</size>
         <input_file_ref idref="fl-4c"/>
      </object_component>
      <object_component id="oc-65">
         <name>.debug_aranges</name>
         <load_address>0xe0</load_address>
         <run_address>0xe0</run_address>
         <size>0x28</size>
         <input_file_ref idref="fl-5"/>
      </object_component>
      <object_component id="oc-6a">
         <name>.debug_aranges</name>
         <load_address>0x108</load_address>
         <run_address>0x108</run_address>
         <size>0x20</size>
         <input_file_ref idref="fl-2b"/>
      </object_component>
      <object_component id="oc-70">
         <name>.debug_aranges</name>
         <load_address>0x128</load_address>
         <run_address>0x128</run_address>
         <size>0x20</size>
         <input_file_ref idref="fl-44"/>
      </object_component>
      <object_component id="oc-83">
         <name>.debug_aranges</name>
         <load_address>0x148</load_address>
         <run_address>0x148</run_address>
         <size>0x20</size>
         <input_file_ref idref="fl-25"/>
      </object_component>
      <object_component id="oc-9a">
         <name>.debug_aranges</name>
         <load_address>0x168</load_address>
         <run_address>0x168</run_address>
         <size>0x20</size>
         <input_file_ref idref="fl-2a"/>
      </object_component>
      <object_component id="oc-a1">
         <name>.debug_aranges</name>
         <load_address>0x188</load_address>
         <run_address>0x188</run_address>
         <size>0x20</size>
         <input_file_ref idref="fl-6"/>
      </object_component>
      <object_component id="oc-a6">
         <name>.debug_aranges</name>
         <load_address>0x1a8</load_address>
         <run_address>0x1a8</run_address>
         <size>0x20</size>
         <input_file_ref idref="fl-6"/>
      </object_component>
      <object_component id="oc-b4">
         <name>.debug_aranges</name>
         <load_address>0x1c8</load_address>
         <run_address>0x1c8</run_address>
         <size>0x20</size>
         <input_file_ref idref="fl-6"/>
      </object_component>
      <object_component id="oc-c9">
         <name>.debug_aranges</name>
         <load_address>0x1e8</load_address>
         <run_address>0x1e8</run_address>
         <size>0x20</size>
         <input_file_ref idref="fl-4"/>
      </object_component>
      <object_component id="oc-cd">
         <name>.debug_aranges</name>
         <load_address>0x208</load_address>
         <run_address>0x208</run_address>
         <size>0x20</size>
         <input_file_ref idref="fl-32"/>
      </object_component>
      <object_component id="oc-d1">
         <name>.debug_aranges</name>
         <load_address>0x228</load_address>
         <run_address>0x228</run_address>
         <size>0x20</size>
         <input_file_ref idref="fl-31"/>
      </object_component>
      <object_component id="oc-fa">
         <name>.debug_aranges</name>
         <load_address>0x248</load_address>
         <run_address>0x248</run_address>
         <size>0x20</size>
         <input_file_ref idref="fl-6"/>
      </object_component>
      <object_component id="oc-ff">
         <name>.debug_aranges</name>
         <load_address>0x268</load_address>
         <run_address>0x268</run_address>
         <size>0x20</size>
         <input_file_ref idref="fl-6"/>
      </object_component>
      <object_component id="oc-104">
         <name>.debug_aranges</name>
         <load_address>0x288</load_address>
         <run_address>0x288</run_address>
         <size>0x20</size>
         <input_file_ref idref="fl-6"/>
      </object_component>
      <object_component id="oc-109">
         <name>.debug_aranges</name>
         <load_address>0x2a8</load_address>
         <run_address>0x2a8</run_address>
         <size>0x20</size>
         <input_file_ref idref="fl-6"/>
      </object_component>
      <object_component id="oc-10e">
         <name>.debug_aranges</name>
         <load_address>0x2c8</load_address>
         <run_address>0x2c8</run_address>
         <size>0x28</size>
         <input_file_ref idref="fl-6"/>
      </object_component>
      <object_component id="oc-113">
         <name>.debug_aranges</name>
         <load_address>0x2f0</load_address>
         <run_address>0x2f0</run_address>
         <size>0x20</size>
         <input_file_ref idref="fl-6"/>
      </object_component>
      <object_component id="oc-125">
         <name>.debug_aranges</name>
         <load_address>0x310</load_address>
[...]
         <value>0x6b</value>
      </symbol>
      <symbol id="sm-4f">
         <name>UCB0I2CIE</name>
         <value>0x6c</value>
      </symbol>
      <symbol id="sm-50">
         <name>UCB0STAT</name>
         <value>0x6d</value>
      </symbol>
      <symbol id="sm-51">
         <name>UCB0RXBUF</name>
         <value>0x6e</value>
      </symbol>
      <symbol id="sm-52">
         <name>UCB0TXBUF</name>
         <value>0x6f</value>
      </symbol>
      <symbol id="sm-53">
         <name>UCB0I2COA</name>
         <value>0x118</value>
      </symbol>
      <symbol id="sm-54">
         <name>UCB0I2CSA</name>
         <value>0x11a</value>
      </symbol>
      <symbol id="sm-55">
         <name>WDTCTL</name>
         <value>0x120</value>
      </symbol>
      <symbol id="sm-56">
         <name>CALDCO_16MHZ</name>
         <value>0x10f8</value>
      </symbol>
      <symbol id="sm-57">
         <name>CALBC1_16MHZ</name>
         <value>0x10f9</value>
      </symbol>
      <symbol id="sm-58">
         <name>CALDCO_12MHZ</name>
         <value>0x10fa</value>
      </symbol>
      <symbol id="sm-59">
         <name>CALBC1_12MHZ</name>
         <value>0x10fb</value>
      </symbol>
      <symbol id="sm-5a">
         <name>CALDCO_8MHZ</name>
         <value>0x10fc</value>
      </symbol>
      <symbol id="sm-5b">
         <name>CALBC1_8MHZ</name>
         <value>0x10fd</value>
      </symbol>
      <symbol id="sm-5c">
         <name>CALDCO_1MHZ</name>
         <value>0x10fe</value>
      </symbol>
      <symbol id="sm-5d">
         <name>CALBC1_1MHZ</name>
         <value>0x10ff</value>
      </symbol>
      <symbol id="sm-5e">
         <name>__TI_CINIT_Base</name>
         <value>0xc9d0</value>
      </symbol>
      <symbol id="sm-5f">
         <name>__TI_CINIT_Limit</name>
         <value>0xc9d8</value>
      </symbol>
      <symbol id="sm-60">
         <name>__TI_Handler_Table_Base</name>
         <value>0xc9c6</value>
      </symbol>
      <symbol id="sm-61">
         <name>__TI_Handler_Table_Limit</name>
         <value>0xc9cc</value>
      </symbol>
      <symbol id="sm-62">
         <name>binit</name>
         <value>0xffffffff</value>
      </symbol>
      <symbol id="sm-63">
         <name>__binit__</name>
         <value>0xffffffff</value>
      </symbol>
      <symbol id="sm-64">
         <name>__STACK_SIZE</name>
         <value>0x50</value>
      </symbol>
      <symbol id="sm-65">
         <name>__STACK_END</name>
         <value>0x400</value>
      </symbol>
      <symbol id="sm-66">
         <name>__SYSMEM_SIZE</name>
         <value>0x50</value>
      </symbol>
      <symbol id="sm-67">
         <name>__c_args__</name>
         <value>0xffffffff</value>
      </symbol>
      <symbol id="sm-af">
         <name>puts</name>
         <value>0xc212</value>
         <object_component_ref idref="oc-133"/>
      </symbol>
      <symbol id="sm-b0">
         <name>putc</name>
         <value>0xc1e2</value>
         <object_component_ref idref="oc-133"/>
      </symbol>
      <symbol id="sm-b1">
         <name>getc</name>
         <value>0xc226</value>
         <object_component_ref idref="oc-133"/>
      </symbol>
      <symbol id="sm-b2">
         <name>serial_setup</name>
         <value>0xc1b2</value>
         <object_component_ref idref="oc-133"/>
      </symbol>
      <symbol id="sm-eb">
         <name>printf</name>
         <value>0xc000</value>
         <object_component_ref idref="oc-c5"/>
      </symbol>
      <symbol id="sm-10d">
         <name>g_ax</name>
         <value>0x27a</value>
      </symbol>
      <symbol id="sm-10e">
         <name>g_ay</name>
         <value>0x27e</value>
      </symbol>
      <symbol id="sm-10f">
         <name>g_az</name>
         <value>0x282</value>
      </symbol>
      <symbol id="sm-110">
         <name>iter</name>
         <value>0x2a8</value>
         <object_component_ref idref="oc-a7"/>
      </symbol>
      <symbol id="sm-111">
         <name>interruptFlag</name>
         <value>0x2a6</value>
         <object_component_ref idref="oc-a7"/>
      </symbol>
      <symbol id="sm-112">
         <name>timer</name>
         <value>0x2a4</value>
         <object_component_ref idref="oc-a7"/>
      </symbol>
      <symbol id="sm-113">
         <name>main</name>
         <value>0xc0e8</value>
         <object_component_ref idref="oc-61"/>
      </symbol>
      <symbol id="sm-175">
         <name>initializeIMU</name>
         <value>0xc6d8</value>
         <object_component_ref idref="oc-9d"/>
      </symbol>
      <symbol id="sm-176">
         <name>setDLPFConfig</name>
         <value>0xc83e</value>
         <object_component_ref idref="oc-105"/>
      </symbol>
      <symbol id="sm-177">
         <name>initMPU</name>
         <value>0xc408</value>
         <object_component_ref idref="oc-157"/>
      </symbol>
      <symbol id="sm-178">
         <name>writeByte</name>
         <value>0xc802</value>
         <object_component_ref idref="oc-165"/>
      </symbol>
      <symbol id="sm-179">
         <name>msDelay</name>
         <value>0xc7e0</value>
         <object_component_ref idref="oc-a2"/>
      </symbol>
      <symbol id="sm-17a">
         <name>getMotion6</name>
         <value>0xc2fa</value>
         <object_component_ref idref="oc-b0"/>
      </symbol>
      <symbol id="sm-17b">
         <name>setSleepEnabled</name>
         <value>0xc8f6</value>
         <object_component_ref idref="oc-10f"/>
      </symbol>
      <symbol id="sm-17c">
         <name>setInterruptPin</name>
         <value>0xc38e</value>
         <object_component_ref idref="oc-10a"/>
      </symbol>
      <symbol id="sm-17d">
         <name>setFullScaleGyroRange</name>
         <value>0xc88e</value>
         <object_component_ref idref="oc-fb"/>
      </symbol>
      <symbol id="sm-17e">
         <name>readBytes</name>
         <value>0xc634</value>
         <object_component_ref idref="oc-121"/>
      </symbol>
      <symbol id="sm-17f">
         <name>readByte</name>
         <value>0xc754</value>
         <object_component_ref idref="oc-192"/>
      </symbol>
      <symbol id="sm-180">
         <name>writeBit</name>
         <value>0xc688</value>
         <object_component_ref idref="oc-160"/>
      </symbol>
      <symbol id="sm-181">
         <name>setClockSource</name>
         <value>0xc822</value>
         <object_component_ref idref="oc-f6"/>
      </symbol>
      <symbol id="sm-182">
         <name>setFullScaleAccelRange</name>
         <value>0xc874</value>
         <object_component_ref idref="oc-100"/>
      </symbol>
      <symbol id="sm-1b8">
         <name>I2CendTransmission</name>
         <value>0xc58a</value>
         <object_component_ref idref="oc-178"/>
      </symbol>
      <symbol id="sm-1b9">
         <name>I2Cwrite</name>
         <value>0xc926</value>
         <object_component_ref idref="oc-173"/>
      </symbol>
      <symbol id="sm-1ba">
         <name>I2CrequestFrom</name>
         <value>0xc5e0</value>
         <object_component_ref idref="oc-17d"/>
      </symbol>
      <symbol id="sm-1bb">
         <name>I2CbeginTransmission</name>
         <value>0xc918</value>
         <object_component_ref idref="oc-16e"/>
      </symbol>
      <symbol id="sm-1bc">
         <name>I2Cread</name>
         <value>0xc8a8</value>
         <object_component_ref idref="oc-182"/>
      </symbol>
      <symbol id="sm-1c4">
         <name>__mspabi_srai</name>
         <value>0xc788</value>
         <object_component_ref idref="oc-13e"/>
      </symbol>
      <symbol id="sm-1c5">
         <name>__mspabi_srai_8</name>
         <value>0xc7a2</value>
         <object_component_ref idref="oc-13e"/>
      </symbol>
      <symbol id="sm-1c6">
         <name>__mspabi_srai_9</name>
         <value>0xc7a0</value>
         <object_component_ref idref="oc-13e"/>
      </symbol>
      <symbol id="sm-1c7">
         <name>__mspabi_srai_6</name>
         <value>0xc7a6</value>
         <object_component_ref idref="oc-13e"/>
      </symbol>
      <symbol id="sm-1c8">
         <name>__mspabi_srai_7</name>
         <value>0xc7a4</value>
         <object_component_ref idref="oc-13e"/>
      </symbol>
      <symbol id="sm-1c9">
         <name>__mspabi_srai_4</name>
         <value>0xc7aa</value>
         <object_component_ref idref="oc-13e"/>
      </symbol>
      <symbol id="sm-1ca">
         <name>__mspabi_srai_5</name>
         <value>0xc7a8</value>
         <object_component_ref idref="oc-13e"/>
      </symbol>
      <symbol id="sm-1cb">
         <name>__mspabi_srai_2</name>
         <value>0xc7ae</value>
         <object_component_ref idref="oc-13e"/>
      </symbol>
      <symbol id="sm-1cc">
         <name>__mspabi_srai_3</name>
         <value>0xc7ac</value>
         <object_component_ref idref="oc-13e"/>
      </symbol>
      <symbol id="sm-1cd">
         <name>__mspabi_srai_1</name>
         <value>0xc7b0</value>
         <object_component_ref idref="oc-13e"/>
      </symbol>
      <symbol id="sm-1ce">
         <name>__mspabi_srai_15</name>
         <value>0xc794</value>
         <object_component_ref idref="oc-13e"/>
      </symbol>
      <symbol id="sm-1cf">
         <name>__mspabi_srai_14</name>
         <value>0xc796</value>
         <object_component_ref idref="oc-13e"/>
      </symbol>
      <symbol id="sm-1d0">
         <name>__mspabi_srai_13</name>
         <value>0xc798</value>
         <object_component_ref idref="oc-13e"/>
      </symbol>
      <symbol id="sm-1d1">
         <name>__mspabi_srai_12</name>
         <value>0xc79a</value>
         <object_component_ref idref="oc-13e"/>
      </symbol>
      <symbol id="sm-1d2">
         <name>__mspabi_srai_11</name>
         <value>0xc79c</value>
         <object_component_ref idref="oc-13e"/>
      </symbol>
      <symbol id="sm-1d3">
         <name>__mspabi_srai_10</name>
         <value>0xc79e</value>
         <object_component_ref idref="oc-13e"/>
      </symbol>
      <symbol id="sm-1e1">
         <name>_c_int00_noexit</name>
         <value>0xc85a</value>
         <object_component_ref idref="oc-3a"/>
      </symbol>
      <symbol id="sm-1e2">
         <name>_c_int00</name>
         <value>0xc85a</value>
         <object_component_ref idref="oc-3a"/>
      </symbol>
      <symbol id="sm-1e3">
         <name>_stack</name>
         <value>0x3b0</value>
         <object_component_ref idref="oc-4e"/>
      </symbol>
      <symbol id="sm-1e4">
         <name>_reset_vector</name>
         <value>0xfffe</value>
         <object_component_ref idref="oc-50"/>
      </symbol>
      <symbol id="sm-1f9">
         <name>__TI_decompress_none</name>
         <value>0xc8d2</value>
         <object_component_ref idref="oc-3f"/>
      </symbol>
      <symbol id="sm-219">
         <name>__TI_decompress_rle24</name>
         <value>0xc946</value>
         <object_component_ref idref="oc-49"/>
      </symbol>
      <symbol id="sm-22b">
         <name>__TI_zero_init</name>
         <value>0xc8be</value>
         <object_component_ref idref="oc-44"/>
      </symbol>
      <symbol id="sm-236">
         <name>__mspabi_func_epilog_2</name>
         <value>0xc912</value>
         <object_component_ref idref="oc-97"/>
      </symbol>
      <symbol id="sm-237">
         <name>__mspabi_func_epilog_3</name>
         <value>0xc910</value>
         <object_component_ref idref="oc-97"/>
      </symbol>
      <symbol id="sm-238">
         <name>__mspabi_func_epilog_1</name>
         <value>0xc914</value>
         <object_component_ref idref="oc-97"/>
      </symbol>
      <symbol id="sm-239">
         <name>__mspabi_func_epilog_6</name>
         <value>0xc90a</value>
         <object_component_ref idref="oc-97"/>
      </symbol>
      <symbol id="sm-23a">
         <name>__mspabi_func_epilog_7</name>
         <value>0xc908</value>
         <object_component_ref idref="oc-97"/>
      </symbol>
      <symbol id="sm-23b">
         <name>__mspabi_func_epilog_4</name>
         <value>0xc90e</value>
         <object_component_ref idref="oc-97"/>
      </symbol>
      <symbol id="sm-23c">
         <name>__mspabi_func_epilog_5</name>
         <value>0xc90c</value>
         <object_component_ref idref="oc-97"/>
      </symbol>
      <symbol id="sm-245">
         <name>C$$EXIT</name>
         <value>0xc950</value>
         <object_component_ref idref="oc-66"/>
      </symbol>
      <symbol id="sm-246">
         <name>abort</name>
         <value>0xc950</value>
         <object_component_ref idref="oc-66"/>
      </symbol>
      <symbol id="sm-25c">
         <name>__mspabi_divf</name>
         <value>0xc260</value>
         <object_component_ref idref="oc-ce"/>
      </symbol>
      <symbol id="sm-268">
         <name>__mspabi_fltif</name>
         <value>0xc71e</value>
         <object_component_ref idref="oc-ca"/>
      </symbol>
      <symbol id="sm-26b">
         <name>__TI_int02</name>
         <value>0xffe4</value>
         <object_component_ref idref="oc-2e"/>
      </symbol>
      <symbol id="sm-26e">
         <name>__TI_int03</name>
         <value>0xffe6</value>
         <object_component_ref idref="oc-2f"/>
      </symbol>
      <symbol id="sm-271">
         <name>__TI_int05</name>
         <value>0xffea</value>
         <object_component_ref idref="oc-30"/>
      </symbol>
      <symbol id="sm-274">
         <name>__TI_int06</name>
         <value>0xffec</value>
         <object_component_ref idref="oc-31"/>
      </symbol>
      <symbol id="sm-277">
         <name>__TI_int07</name>
         <value>0xffee</value>
         <object_component_ref idref="oc-32"/>
      </symbol>
      <symbol id="sm-27a">
         <name>__TI_int08</name>
         <value>0xfff0</value>
         <object_component_ref idref="oc-33"/>
      </symbol>
      <symbol id="sm-27d">
         <name>__TI_int09</name>
         <value>0xfff2</value>
         <object_component_ref idref="oc-34"/>
      </symbol>
      <symbol id="sm-280">
         <name>__TI_int10</name>
         <value>0xfff4</value>
         <object_component_ref idref="oc-35"/>
      </symbol>
      <symbol id="sm-283">
         <name>__TI_int11</name>
         <value>0xfff6</value>
         <object_component_ref idref="oc-36"/>
      </symbol>
      <symbol id="sm-286">
         <name>__TI_int12</name>
         <value>0xfff8</value>
         <object_component_ref idref="oc-37"/>
      </symbol>
      <symbol id="sm-289">
         <name>__TI_int13</name>
         <value>0xfffa</value>
         <object_component_ref idref="oc-38"/>
      </symbol>
      <symbol id="sm-28c">
         <name>__TI_int14</name>
         <value>0xfffc</value>
         <object_component_ref idref="oc-39"/>
      </symbol>
      <symbol id="sm-293">
         <name>__TI_ISR_TRAP</name>
         <value>0xc940</value>
         <object_component_ref idref="oc-53"/>
      </symbol>
      <symbol id="sm-29a">
         <name>__mspabi_slli</name>
         <value>0xc7b4</value>
         <object_component_ref idref="oc-197"/>
      </symbol>
      <symbol id="sm-29b">
         <name>__mspabi_slli_9</name>
         <value>0xc7cc</value>
         <object_component_ref idref="oc-197"/>
      </symbol>
      <symbol id="sm-29c">
         <name>__mspabi_slli_8</name>
         <value>0xc7ce</value>
         <object_component_ref idref="oc-197"/>
      </symbol>
      <symbol id="sm-29d">
         <name>__mspabi_slli_7</name>
         <value>0xc7d0</value>
         <object_component_ref idref="oc-197"/>
      </symbol>
      <symbol id="sm-29e">
         <name>__mspabi_slli_6</name>
         <value>0xc7d2</value>
         <object_component_ref idref="oc-197"/>
      </symbol>
      <symbol id="sm-29f">
         <name>__mspabi_slli_5</name>
         <value>0xc7d4</value>
         <object_component_ref idref="oc-197"/>
      </symbol>
      <symbol id="sm-2a0">
         <name>__mspabi_slli_4</name>
         <value>0xc7d6</value>
         <object_component_ref idref="oc-197"/>
      </symbol>
      <symbol id="sm-2a1">
         <name>__mspabi_slli_3</name>
         <value>0xc7d8</value>
         <object_component_ref idref="oc-197"/>
      </symbol>
      <symbol id="sm-2a2">
         <name>__mspabi_slli_2</name>
         <value>0xc7da</value>
         <object_component_ref idref="oc-197"/>
      </symbol>
      <symbol id="sm-2a3">
         <name>__mspabi_slli_1</name>
         <value>0xc7dc</value>
         <object_component_ref idref="oc-197"/>
      </symbol>
      <symbol id="sm-2a4">
         <name>__mspabi_slli_15</name>
         <value>0xc7c0</value>
         <object_component_ref idref="oc-197"/>
      </symbol>
      <symbol id="sm-2a5">
         <name>__mspabi_slli_14</name>
         <value>0xc7c2</value>
         <object_component_ref idref="oc-197"/>
      </symbol>
      <symbol id="sm-2a6">
         <name>__mspabi_slli_13</name>
         <value>0xc7c4</value>
         <object_component_ref idref="oc-197"/>
      </symbol>
      <symbol id="sm-2a7">
         <name>__mspabi_slli_12</name>
         <value>0xc7c6</value>
         <object_component_ref idref="oc-197"/>
      </symbol>
      <symbol id="sm-2a8">
         <name>__mspabi_slli_11</name>
         <value>0xc7c8</value>
         <object_component_ref idref="oc-197"/>
      </symbol>
      <symbol id="sm-2a9">
         <name>__mspabi_slli_10</name>
         <value>0xc7ca</value>
         <object_component_ref idref="oc-197"/>
      </symbol>
      <symbol id="sm-2b9">
         <name>memcpy</name>
         <value>0xc8e4</value>
         <object_component_ref idref="oc-6c"/>
      </symbol>
      <symbol id="sm-2cc">
         <name>_sys_memory</name>
         <value>0x200</value>
         <object_component_ref idref="oc-51"/>
      </symbol>
      <symbol id="sm-2d6">
         <name>_system_pre_init</name>
         <value>0xc94c</value>
         <object_component_ref idref="oc-57"/>
      </symbol>
      <symbol id="sm-2ee">
         <name>_auto_init</name>
         <value>0xc4d0</value>
         <object_component_ref idref="oc-5c"/>
      </symbol>
      <symbol id="sm-2ef">
         <name>PAOUT_L</name>
         <value>0x0</value>
      </symbol>
      <symbol id="sm-2f0">
         <name>PADIR_L</name>
         <value>0x0</value>
      </symbol>
      <symbol id="sm-2f1">
         <name>PBSEL_L</name>
         <value>0x0</value>
      </symbol>
      <symbol id="sm-2f2">
         <name>UCB0CTLW0_H</name>
         <value>0x0</value>
      </symbol>
      <symbol id="sm-2f3">
         <name>UCB0CTLW0_L</name>
         <value>0x0</value>
      </symbol>
      <symbol id="sm-2f4">
         <name>UCB0ICTL_L</name>
         <value>0x0</value>
      </symbol>
      <symbol id="sm-2f5">
         <name>UCB0BRW_H</name>
         <value>0x0</value>
      </symbol>
      <symbol id="sm-2f6">
         <name>UCB0BRW_L</name>
         <value>0x0</value>
      </symbol>
      <symbol id="sm-2f7">
         <name>__TI_exit</name>
         <value>0x1</value>
      </symbol>
      <symbol id="sm-2f8">
         <name>__TI_args_main</name>
         <value>0x1</value>
      </symbol>
      <symbol id="sm-2f9">
         <name>__TI_INITARRAY_Base</name>
         <value>0x0</value>
      </symbol>
      <symbol id="sm-2fa">
         <name>__TI_INITARRAY_Limit</name>
         <value>0x0</value>
      </symbol>
   </symbol_table>
   <title>Link errors: red sections failed placement</title>
</link_info>
