******************************************************************************
                  MSP430 Linker PC v4.2.1                      
******************************************************************************
>> Linked Mon Jun 02 23:49:50 2014

OUTPUT FILE NAME:   <MSP430_MPU6050.out>
ENTRY POINT SYMBOL: "_c_int00"  address: 0000bc48


MEMORY CONFIGURATION

         name            origin    length      used     unused   attr    fill
----------------------  --------  ---------  --------  --------  ----  --------
  SFR                   00000000   00000010  00000000  00000010  RWIX
  PERIPHERALS_8BIT      00000010   000000f0  00000000  000000f0  RWIX
  PERIPHERALS_16BIT     00000100   00000100  00000000  00000100  RWIX
  INFOD                 00001800   00000080  00000000  00000080  RWIX
  INFOC                 00001880   00000080  00000000  00000080  RWIX
  INFOB                 00001900   00000080  00000000  00000080  RWIX
  INFOA                 00001980   00000080  00000000  00000080  RWIX
  USBRAM                00001c00   00000800  00000000  00000800  RWIX
  RAM                   00002400   00002000  00001dc1  0000023f  RWIX
  FLASH                 00004400   0000bb80  00007c28  00003f58  RWIX
  INT00                 0000ff80   00000002  00000000  00000002  RWIX
  INT01                 0000ff82   00000002  00000000  00000002  RWIX
  INT02                 0000ff84   00000002  00000000  00000002  RWIX
  INT03                 0000ff86   00000002  00000000  00000002  RWIX
  INT04                 0000ff88   00000002  00000000  00000002  RWIX
  INT05                 0000ff8a   00000002  00000000  00000002  RWIX
  INT06                 0000ff8c   00000002  00000000  00000002  RWIX
  INT07                 0000ff8e   00000002  00000000  00000002  RWIX
  INT08                 0000ff90   00000002  00000000  00000002  RWIX
  INT09                 0000ff92   00000002  00000000  00000002  RWIX
  INT10                 0000ff94   00000002  00000000  00000002  RWIX
  INT11                 0000ff96   00000002  00000000  00000002  RWIX
  INT12                 0000ff98   00000002  00000000  00000002  RWIX
  INT13                 0000ff9a   00000002  00000000  00000002  RWIX
  INT14                 0000ff9c   00000002  00000000  00000002  RWIX
  INT15                 0000ff9e   00000002  00000000  00000002  RWIX
  INT16                 0000ffa0   00000002  00000000  00000002  RWIX
  INT17                 0000ffa2   00000002  00000000  00000002  RWIX
  INT18                 0000ffa4   00000002  00000000  00000002  RWIX
  INT19                 0000ffa6   00000002  00000000  00000002  RWIX
  INT20                 0000ffa8   00000002  00000000  00000002  RWIX
  INT21                 0000ffaa   00000002  00000000  00000002  RWIX
  INT22                 0000ffac   00000002  00000000  00000002  RWIX
  INT23                 0000ffae   00000002  00000000  00000002  RWIX
  INT24                 0000ffb0   00000002  00000000  00000002  RWIX
  INT25                 0000ffb2   00000002  00000000  00000002  RWIX
  INT26                 0000ffb4   00000002  00000000  00000002  RWIX
  INT27                 0000ffb6   00000002  00000000  00000002  RWIX
  INT28                 0000ffb8   00000002  00000000  00000002  RWIX
  INT29                 0000ffba   00000002  00000000  00000002  RWIX
  INT30                 0000ffbc   00000002  00000000  00000002  RWIX
  INT31                 0000ffbe   00000002  00000000  00000002  RWIX
  INT32                 0000ffc0   00000002  00000000  00000002  RWIX
  INT33                 0000ffc2   00000002  00000000  00000002  RWIX
  INT34                 0000ffc4   00000002  00000000  00000002  RWIX
  INT35                 0000ffc6   00000002  00000000  00000002  RWIX
  INT36                 0000ffc8   00000002  00000000  00000002  RWIX
  INT37                 0000ffca   00000002  00000000  00000002  RWIX
  INT38                 0000ffcc   00000002  00000000  00000002  RWIX
  INT39                 0000ffce   00000002  00000000  00000002  RWIX
  INT40                 0000ffd0   00000002  00000000  00000002  RWIX
  INT41                 0000ffd2   00000002  00000002  00000000  RWIX
  INT42                 0000ffd4   00000002  00000002  00000000  RWIX
  INT43                 0000ffd6   00000002  00000002  00000000  RWIX
  INT44                 0000ffd8   00000002  00000002  00000000  RWIX
  INT45                 0000ffda   00000002  00000002  00000000  RWIX
  INT46                 0000ffdc   00000002  00000002  00000000  RWIX
  INT47                 0000ffde   00000002  00000002  00000000  RWIX
  INT48                 0000ffe0   00000002  00000002  00000000  RWIX
  INT49                 0000ffe2   00000002  00000002  00000000  RWIX
  INT50                 0000ffe4   00000002  00000002  00000000  RWIX
  INT51                 0000ffe6   00000002  00000002  00000000  RWIX
  INT52                 0000ffe8   00000002  00000002  00000000  RWIX
  INT53                 0000ffea   00000002  00000002  00000000  RWIX
  INT54                 0000ffec   00000002  00000002  00000000  RWIX
  INT55                 0000ffee   00000002  00000002  00000000  RWIX
  INT56                 0000fff0   00000002  00000002  00000000  RWIX
  INT57                 0000fff2   00000002  00000002  00000000  RWIX
  INT58                 0000fff4   00000002  00000002  00000000  RWIX
  INT59                 0000fff6   00000002  00000002  00000000  RWIX
  INT60                 0000fff8   00000002  00000002  00000000  RWIX
  INT61                 0000fffa   00000002  00000002  00000000  RWIX
  INT62                 0000fffc   00000002  00000002  00000000  RWIX
  RESET                 0000fffe   00000002  00000002  00000000  RWIX
  FLASH2                00010000   00014400  00000000  00014400  RWIX


SECTION ALLOCATION MAP

 output                                  attributes/
section   page    origin      length       input sections
--------  ----  ----------  ----------   ----------------
.init_array 
*          0    00004400    00000000     UNINITIALIZED

.bss       0    00002400    00000c8b     UNINITIALIZED
                  00002400    0000070e     (.common:templates)
                  00002b0e    00000258     (.common:accBuffer)
                  00002d66    0000022e     (.common:fatfs)
                  00002f94    000000a0     (.common:__TI_tmpnams)
                  00003034    00000016     (.common:dir)
                  0000304a    0000000e     (.common:buffer)
                  00003058    0000000e     (.common:bufferedDataRX)
                  00003066    00000008     (.common:parmbuf)
                  0000306e    00000006     (.common:bufferedDataOutput)
                  00003074    00000002     (.common:Bytecount)
                  00003076    00000002     (.common:FatFs)
                  00003078    00000002     (.common:Fsid)
                  0000307a    00000002     (.common:__TI_cleanup_ptr)
                  0000307c    00000002     (.common:__TI_dtors_ptr)
                  0000307e    00000002     (.common:accIndex)
                  00003080    00000002     (.common:errCode)
                  00003082    00000002     (.common:memsize)
                  00003084    00000002     (.common:sys_base)
                  00003086    00000002     (.common:sys_free)
                  00003088    00000001     (.common:CardType)
                  00003089    00000001     (.common:RXByteCtr)
                  0000308a    00000001     (.common:TXByteCtr)

.TI.noinit 
*          0    00002400    00000000     UNINITIALIZED

.sysmem    0    0000308c    00000900     UNINITIALIZED
                  0000308c    00000004     rts430_eabi.lib : memory.obj (.sysmem)
                  00003090    000008fc     --HOLE--

.cio       0    0000398c    00000120     UNINITIALIZED
                  0000398c    00000120     rts430_eabi.lib : trgmsg.obj (.cio)

.data      0    00003aac    00000116     UNINITIALIZED
                  00003aac    00000078     rts430_eabi.lib : defs.obj (.data:_ftable)
                  00003b24    0000004e                     : lowlev.obj (.data:_device)
                  00003b72    00000028                     : lowlev.obj (.data:_stream)
                  00003b9a    0000000a     I2C_MSP430.obj (.data)
                  00003ba4    00000008     main.obj (.data)
                  00003bac    00000004     MSP430_MPU6050.obj (.data)
                  00003bb0    00000004     rts430_eabi.lib : _lock.obj (.data)
                  00003bb4    00000004     uWave.obj (.data)
                  00003bb8    00000002     SD_main.obj (.data)
                  00003bba    00000002     mmc.obj (.data)
                  00003bbc    00000002     rts430_eabi.lib : defs.obj (.data)
                  00003bbe    00000002                     : memory.obj (.data)
                  00003bc0    00000002                     : strtok.obj (.data)

.TI.persistent 
*          0    00003aac    00000000     UNINITIALIZED

.stack     0    00003e00    00000600     UNINITIALIZED
                  00003e00    00000002     rts430_eabi.lib : boot.obj (.stack)
                  00003e02    000005fe     --HOLE--

.const     0    00004400    00000212     
                  00004400    00000102     rts430_eabi.lib : ctype.obj (.const:.string:_ctypes_)
                  00004502    000000aa     uWave.obj (.const:.string)
                  000045ac    00000030     main.obj (.const:.string)
                  000045dc    00000024     rts430_eabi.lib : _printfi.obj (.const:.string)
                  00004600    00000010     ff.obj (.const:.string)
                  00004610    00000002     SD_main.obj (.const:.string)

.text      0    00004612    000079b0     
                  00004612    000004a4     ff.obj (.text:chk_mounted)
                  00004ab6    0000045e     rts430_eabi.lib : frcdivd.obj (.text:__TI_frcdivd)
                  00004f14    000003b2                     : llmath.obj (.text:__mspabi_divull)
                  000052c6    000002fc     uWave.obj (.text:DTWdistance)
                  000055c2    000002f8     rts430_eabi.lib : frcmpyd.obj (.text:__TI_frcmpyd)
                  000058ba    000002e8                     : addd.obj (.text:__mspabi_addd)
                  00005ba2    000002da     ff.obj (.text:f_printf)
                  00005e7c    000002a0     ff.obj (.text:f_write)
                  0000611c    0000026e     rts430_eabi.lib : frcaddd.obj (.text:__TI_frcaddd)
                  0000638a    00000256                     : mpyd.obj (.text:__mspabi_mpyd)
                  000065e0    00000238                     : divd.obj (.text:__mspabi_divd)
                  00006818    00000220                     : _printfi.obj (.text:ecvt)
                  00006a38    0000021a                     : _printfi.obj (.text:fcvt)
                  00006c52    00000216     ff.obj (.text:f_open)
                  00006e68    00000212     rts430_eabi.lib : _printfi.obj (.text:_setfield)
                  0000707a    0000020c     uWave.obj (.text:quantizeAcc)
                  00007286    000001fe     rts430_eabi.lib : _printfi.obj (.text:_pproc_fge)
                  00007484    000001f2     ff.obj (.text:f_read)
                  00007676    000001de     rts430_eabi.lib : _printfi.obj (.text:__TI_printfi)
                  00007854    000001ac                     : _printfi.obj (.text:_pconv_e)
                  00007a00    00000186     ff.obj (.text:create_name)
                  00007b86    00000184     ff.obj (.text:put_fat)
                  00007d0a    00000182     ff.obj (.text:dir_next)
                  00007e8c    00000170     uWave.obj (.text:readFile)
                  00007ffc    00000168     rts430_eabi.lib : _printfi.obj (.text:_getarg_diouxp)
                  00008164    0000014a     uWave.obj (.text:DetectGesture)
                  000082ae    00000144     mmc.obj (.text:disk_initialize)
                  000083f2    0000013e     rts430_eabi.lib : _printfi.obj (.text:_pproc_diouxp)
                  00008530    0000013c     ff.obj (.text:get_fat)
                  0000866c    00000138     rts430_eabi.lib : cmpd.obj (.text:__mspabi_cmpd)
                  000087a4    00000138     uWave.obj (.text:captureGesture)
                  000088dc    00000130     rts430_eabi.lib : fs_add.obj (.text)
                  00008a0c    0000012c     ff.obj (.text:create_chain)
                  00008b38    0000010a     ff.obj (.text:dir_sdi)
                  00008c42    00000108     rts430_eabi.lib : _printfi.obj (.text:_pconv_g)
                  00008d4a    00000106                     : _printfi.obj (.text:_ltostr)
                  00008e50    000000fe                     : _printfi.obj (.text:_pproc_fwp)
                  00008f4e    000000fa     mmc.obj (.text:disk_ioctl)
                  00009048    000000f4     ff.obj (.text:sync)
                  0000913c    000000ea     rts430_eabi.lib : fputs.obj (.text:fputs)
                  00009226    000000d0                     : setvbuf.obj (.text:setvbuf)
                  000092f6    000000c8     ff.obj (.text:move_window)
                  000093be    000000c2     mmc.obj (.text:disk_write)
                  00009480    000000c2     rts430_eabi.lib : fs_mpy.obj (.text)
                  00009542    000000c0                     : renormd.obj (.text:__TI_renormd)
                  00009602    000000ba     main.obj (.text:main)
                  000096bc    000000b2     mmc.obj (.text:send_cmd)
                  0000976e    000000b0     rts430_eabi.lib : fltlid.obj (.text:__mspabi_fltlid)
                  0000981e    000000ac                     : _printfi.obj (.text:_pproc_str)
                  000098ca    000000aa     ff.obj (.text:f_sync)
                  00009974    000000a8     ff.obj (.text:follow_path)
                  00009a1c    000000a8     rts430_eabi.lib : memory.obj (.text:malloc)
                  00009ac4    000000a8     uWave.obj (.text:writeFile)
                  00009b6c    000000a6     ff.obj (.text:remove_chain)
                  00009c12    000000a0     I2C_MSP430.obj (.text:USCI_B1_ISR)
                  00009cb2    000000a0     ff.obj (.text:f_opendir)
                  00009d52    0000009a     rts430_eabi.lib : fs_div.obj (.text)
                  00009dec    00000096     mmc.obj (.text:disk_read)
                  00009e82    00000094     MSP430_MPU6050.obj (.text:getMotion6)
                  00009f16    00000090     rts430_eabi.lib : _printfi.obj (.text:_mcpy)
                  00009fa6    00000090                     : fputc.obj (.text:fputc)
                  0000a036    0000008a                     : trgdrv.obj (.text:HOSTlseek)
                  0000a0c0    0000008a                     : fixdul.obj (.text:__mspabi_fixdul)
                  0000a14a    0000008a                     : _printfi.obj (.text:_div)
                  0000a1d4    0000008a     ff.obj (.text:check_fs)
                  0000a25e    00000088     rts430_eabi.lib : fixdli.obj (.text:__mspabi_fixdli)
                  0000a2e6    00000086                     : _printfi.obj (.text:_ecpy)
                  0000a36c    00000086     MSP430_MPU6050.obj (.text:setInterruptPin)
                  0000a3f2    00000084     ff.obj (.text:dir_register)
                  0000a476    00000084     rts430_eabi.lib : ltoa.obj (.text:ltoa)
                  0000a4fa    00000080                     : _printfi.obj (.text:_pconv_f)
                  0000a57a    00000080                     : memory.obj (.text:free)
                  0000a5fa    00000080     uWave.obj (.text:loadFilesFromMem)
                  0000a67a    0000007a     rts430_eabi.lib : _io_perm.obj (.text:__TI_wrt_ok)
                  0000a6f4    00000074                     : autoinit.obj (.text:_auto_init_hold_wdt)
                  0000a768    00000070                     : fclose.obj (.text:__TI_closefile)
                  0000a7d8    00000070                     : fseek.obj (.text:fseek)
                  0000a848    0000006c     MSP430_MPU6050.obj (.text:initMPU)
                  0000a8b4    0000006a     rts430_eabi.lib : trgdrv.obj (.text:HOSTrename)
                  0000a91e    0000006a     SD_main.obj (.text:fat_init)
                  0000a988    00000068     rts430_eabi.lib : fs_toi.obj (.text)
                  0000a9f0    00000066     MSP430_MPU6050.obj (.text:initializeIMU)
                  0000aa56    00000064     rts430_eabi.lib : trgdrv.obj (.text:HOSTopen)
                  0000aaba    00000062                     : fflush.obj (.text:__TI_doflush)
                  0000ab1c    00000060                     : trgdrv.obj (.text:HOSTwrite)
                  0000ab7c    0000005e                     : trgdrv.obj (.text:HOSTread)
                  0000abda    0000005e                     : copy_decompress_rle.obj (.text:__TI_decompress_rle_core)
                  0000ac38    0000005e                     : mult64_f5hw.obj (.text:__mpyll)
                  0000ac96    0000005e     ff.obj (.text:dir_find)
                  0000acf4    0000005e     ff.obj (.text:f_gets)
                  0000ad52    0000005c     rts430_eabi.lib : lsr32.obj (.text:l_lsr_const)
                  0000adae    0000005c     MSP430_MPU6050.obj (.text:readBytes)
                  0000ae0a    0000005a     mmc.obj (.text:xmit_datablock)
                  0000ae64    00000058     rts430_eabi.lib : div32u.obj (.text)
                  0000aebc    00000056                     : xdtest.obj (.text:_Dtest)
                  0000af12    00000056                     : lowlev.obj (.text:getdevice)
                  0000af68    00000056     mmc.obj (.text:rcvr_datablock)
                  0000afbe    00000054     I2C_MSP430.obj (.text:I2CendTransmission)
                  0000b012    00000054     rts430_eabi.lib : atoi.obj (.text:atoi)
                  0000b066    00000054     MSP430_MPU6050.obj (.text:detectDoubleTap)
                  0000b0ba    00000052     I2C_MSP430.obj (.text:I2CrequestFrom)
                  0000b10c    00000050     MSP430_MPU6050.obj (.text:writeBit)
                  0000b15c    0000004e     rts430_eabi.lib : _printfi.obj (.text:_fcpy)
                  0000b1aa    0000004c                     : lsr16.obj (.text)
                  0000b1f6    0000004c                     : strtok.obj (.text:strtok)
                  0000b242    0000004a     HAL_SDCard.obj (.text:SDCard_init)
                  0000b28c    0000004a     rts430_eabi.lib : llmath.obj (.text:__mspabi_srlll)
                  0000b2d6    0000004a                     : lowlev.obj (.text:close)
                  0000b320    00000048                     : llmath.obj (.text:__mspabi_sllll)
                  0000b368    00000046     uWave.obj (.text:endGesture)
                  0000b3ae    00000044     rts430_eabi.lib : _printfi.obj (.text:_pproc_fflags)
                  0000b3f2    00000042                     : trgdrv.obj (.text:HOSTclose)
                  0000b434    00000042     ff.obj (.text:f_putc)
                  0000b476    00000040     rts430_eabi.lib : trgdrv.obj (.text:HOSTunlink)
                  0000b4b6    00000040     LEDs.obj (.text:flashBothLEDs)
                  0000b4f6    00000040     rts430_eabi.lib : div32s.obj (.text)
                  0000b536    0000003e     ff.obj (.text:clust2sect)
                  0000b574    0000003e     rts430_eabi.lib : asr32.obj (.text:l_asr_const)
                  0000b5b2    0000003e                     : lsl32.obj (.text:l_lsl_const)
                  0000b5f0    0000003c                     : printf.obj (.text:printf)
                  0000b62c    00000038                     : memory.obj (.text:minit)
                  0000b664    00000038                     : sprintf.obj (.text:sprintf)
                  0000b69c    00000036                     : subd.obj (.text:__mspabi_subd)
                  0000b6d2    00000036                     : fs_itof.obj (.text)
                  0000b708    00000036     mmc.obj (.text:wait_ready)
                  0000b73e    00000034     rts430_eabi.lib : fopen.obj (.text:__TI_cleanup)
                  0000b772    00000034     MSP430_MPU6050.obj (.text:readByte)
                  0000b7a6    00000032     HAL_SDCard.obj (.text:SDCard_readFrame)
                  0000b7d8    00000032     rts430_eabi.lib : lowlev.obj (.text:finddevice)
                  0000b80a    0000002e                     : trgmsg.obj (.text:__TI_writemsg)
                  0000b838    0000002e     ff.obj (.text:f_mount)
                  0000b866    0000002e     ff.obj (.text:f_puts)
                  0000b894    0000002c     rts430_eabi.lib : trgmsg.obj (.text:__TI_readmsg)
                  0000b8c0    0000002c     uWave.obj (.text:freeArray)
                  0000b8ec    0000002c     MSP430_MPU6050.obj (.text:msDelay)
                  0000b918    0000002c     rts430_eabi.lib : asr16.obj (.text)
                  0000b944    0000002c                     : div16s.obj (.text)
                  0000b970    0000002c                     : lsl16.obj (.text)
                  0000b99c    0000002c                     : strncpy.obj (.text:strncpy)
                  0000b9c8    0000002c     ff.obj (.text:validate)
                  0000b9f4    0000002a     HAL_SDCard.obj (.text:SDCard_sendFrame)
                  0000ba1e    0000002a     rts430_eabi.lib : negd.obj (.text:__mspabi_negd)
                  0000ba48    0000002a                     : exit.obj (.text:exit)
                  0000ba72    0000002a     LEDs.obj (.text:flashLED2)
                  0000ba9c    00000028     rts430_eabi.lib : fixdi.obj (.text:__mspabi_fixdi)
                  0000bac4    00000028                     : strspn.obj (.text:strspn)
                  0000baec    00000028                     : lowlev.obj (.text:unlink)
                  0000bb14    00000026     LEDs.obj (.text:flashLED1)
                  0000bb3a    00000026     rts430_eabi.lib : lowlev.obj (.text:lseek)
                  0000bb60    00000026                     : strcspn.obj (.text:strcspn)
                  0000bb86    00000024                     : lowlev.obj (.text:write)
                  0000bbaa    00000022     main.obj (.text:Port_1)
                  0000bbcc    00000020     mmc.obj (.text:disk_status)
                  0000bbec    00000020     rts430_eabi.lib : mult32_f5hw.obj (.text)
                  0000bc0c    00000020     MSP430_MPU6050.obj (.text:writeByte)
                  0000bc2c    0000001c     rts430_eabi.lib : xdclass.obj (.text:_Dclass)
                  0000bc48    0000001c                     : boot.obj (.text:_c_int00_noargs)
                  0000bc64    0000001c                     : memccpy.obj (.text:memccpy)
                  0000bc80    0000001c     MSP430_MPU6050.obj (.text:setClockSource)
                  0000bc9c    0000001c     MSP430_MPU6050.obj (.text:setDLPFConfig)
                  0000bcb8    0000001a     rts430_eabi.lib : sprintf.obj (.text:_outs)
                  0000bcd2    0000001a     MSP430_MPU6050.obj (.text:setFullScaleAccelRange)
                  0000bcec    0000001a     MSP430_MPU6050.obj (.text:setFullScaleGyroRange)
                  0000bd06    0000001a     rts430_eabi.lib : strcat.obj (.text:strcat)
                  0000bd20    00000018     mmc.obj (.text:select)
                  0000bd38    00000018     rts430_eabi.lib : strchr.obj (.text:strchr)
                  0000bd50    00000018                     : strcmp.obj (.text:strcmp)
                  0000bd68    00000016     I2C_MSP430.obj (.text:I2Cread)
                  0000bd7e    00000016     LEDs.obj (.text:ledInit)
                  0000bd94    00000016     rts430_eabi.lib : div16u.obj (.text)
                  0000bdaa    00000014     ff.obj (.text:chk_chr)
                  0000bdbe    00000014     rts430_eabi.lib : copy_zero_init.obj (.text:decompress:ZI:__TI_zero_init)
                  0000bdd2    00000014     ff.obj (.text:f_close)
                  0000bde6    00000014     ff.obj (.text:mem_cmp)
                  0000bdfa    00000014     rts430_eabi.lib : memchr.obj (.text:memchr)
                  0000be0e    00000014                     : memset.obj (.text:memset)
                  0000be22    00000014                     : mult16_f5hw.obj (.text)
                  0000be36    00000014     MSP430_MPU6050.obj (.text:setSleepEnabled)
                  0000be4a    00000012     HAL_SDCard.obj (.text:SDCard_fastMode)
                  0000be5c    00000012     rts430_eabi.lib : fixdu.obj (.text:__mspabi_fixdu)
                  0000be6e    00000012                     : sprintf.obj (.text:_outc)
                  0000be80    00000012                     : copy_decompress_none.obj (.text:decompress:none:__TI_decompress_none)
                  0000be92    00000012     mmc.obj (.text:deselect)
                  0000bea4    00000012     rts430_eabi.lib : lsr32.obj (.text:l_lsr)
                  0000beb6    00000012                     : memcpy.obj (.text:memcpy)
                  0000bec8    00000010                     : asr32.obj (.text:l_asr)
                  0000bed8    00000010                     : lsl32.obj (.text:l_lsl)
                  0000bee8    00000010     ff.obj (.text:mem_cpy)
                  0000bef8    00000010     ff.obj (.text:mem_set)
                  0000bf08    00000010     rts430_eabi.lib : epilog.obj (.text)
                  0000bf18    00000010                     : strcpy.obj (.text:strcpy)
                  0000bf28    0000000e     I2C_MSP430.obj (.text:I2CbeginTransmission)
                  0000bf36    0000000e     I2C_MSP430.obj (.text:I2Cwrite)
                  0000bf44    0000000e     rts430_eabi.lib : strlen.obj (.text:strlen)
                  0000bf52    0000000c                     : fltid.obj (.text:__mspabi_fltid)
                  0000bf5e    0000000c                     : toupper.obj (.text:toupper)
                  0000bf6a    0000000a                     : abs.obj (.text:abs)
                  0000bf74    0000000a     mmc.obj (.text:get_fattime)
                  0000bf7e    00000008     HAL_SDCard.obj (.text:SDCard_setCSHigh)
                  0000bf86    00000008     HAL_SDCard.obj (.text:SDCard_setCSLow)
                  0000bf8e    00000008     rts430_eabi.lib : bzero.obj (.text:bzero)
                  0000bf96    00000006                     : isr_trap.obj (.text:__TI_ISR_TRAP)
                  0000bf9c    00000006                     : printf.obj (.text:_outc)
                  0000bfa2    00000006                     : copy_decompress_rle.obj (.text:decompress:rle24:__TI_decompress_rle24)
                  0000bfa8    00000006     mmc.obj (.text:rcvr_mmc)
                  0000bfae    00000006     mmc.obj (.text:xmit_mmc)
                  0000bfb4    00000004     rts430_eabi.lib : printf.obj (.text:_outs)
                  0000bfb8    00000004                     : pre_init.obj (.text:_system_pre_init)
                  0000bfbc    00000004                     : exit.obj (.text:abort)
                  0000bfc0    00000002                     : _lock.obj (.text:_nop)

.cinit     0    0000bfc2    00000066     
                  0000bfc2    0000004b     (.cinit..data.load) [load image, compression = rle]
                  0000c00d    00000001     --HOLE-- [fill = 0]
                  0000c00e    00000006     (__TI_handler_table)
                  0000c014    00000004     (.cinit..bss.load) [load image, compression = zero_init]
                  0000c018    00000004     (.cinit..cio.load) [load image, compression = zero_init]
                  0000c01c    0000000c     (__TI_cinit_table)

RTC        0    0000ffd2    00000002     
                  0000ffd2    00000002     rts430_eabi.lib : int41.obj (.int41)

PORT2      0    0000ffd4    00000002     
                  0000ffd4    00000002     rts430_eabi.lib : int42.obj (.int42)

TIMER2_A1 
*          0    0000ffd6    00000002     
                  0000ffd6    00000002     rts430_eabi.lib : int43.obj (.int43)

TIMER2_A0 
*          0    0000ffd8    00000002     
                  0000ffd8    00000002     rts430_eabi.lib : int44.obj (.int44)

USCI_B1    0    0000ffda    00000002     
                  0000ffda    00000002     I2C_MSP430.obj (.int45)

USCI_A1    0    0000ffdc    00000002     
                  0000ffdc    00000002     rts430_eabi.lib : int46.obj (.int46)

PORT1      0    0000ffde    00000002     
                  0000ffde    00000002     main.obj (.int47)

TIMER1_A1 
*          0    0000ffe0    00000002     
                  0000ffe0    00000002     rts430_eabi.lib : int48.obj (.int48)

TIMER1_A0 
*          0    0000ffe2    00000002     
                  0000ffe2    00000002     rts430_eabi.lib : int49.obj (.int49)

DMA        0    0000ffe4    00000002     
                  0000ffe4    00000002     rts430_eabi.lib : int50.obj (.int50)

USB_UBM    0    0000ffe6    00000002     
                  0000ffe6    00000002     rts430_eabi.lib : int51.obj (.int51)

TIMER0_A1 
*          0    0000ffe8    00000002     
                  0000ffe8    00000002     rts430_eabi.lib : int52.obj (.int52)

TIMER0_A0 
*          0    0000ffea    00000002     
                  0000ffea    00000002     rts430_eabi.lib : int53.obj (.int53)

ADC12      0    0000ffec    00000002     
                  0000ffec    00000002     rts430_eabi.lib : int54.obj (.int54)

USCI_B0    0    0000ffee    00000002     
                  0000ffee    00000002     rts430_eabi.lib : int55.obj (.int55)

USCI_A0    0    0000fff0    00000002     
                  0000fff0    00000002     rts430_eabi.lib : int56.obj (.int56)

WDT        0    0000fff2    00000002     
                  0000fff2    00000002     rts430_eabi.lib : int57.obj (.int57)

TIMER0_B1 
*          0    0000fff4    00000002     
                  0000fff4    00000002     rts430_eabi.lib : int58.obj (.int58)

TIMER0_B0 
*          0    0000fff6    00000002     
                  0000fff6    00000002     rts430_eabi.lib : int59.obj (.int59)

COMP_B     0    0000fff8    00000002     
                  0000fff8    00000002     rts430_eabi.lib : int60.obj (.int60)

UNMI       0    0000fffa    00000002     
                  0000fffa    00000002     rts430_eabi.lib : int61.obj (.int61)

SYSNMI     0    0000fffc    00000002     
                  0000fffc    00000002     rts430_eabi.lib : int62.obj (.int62)

.reset     0    0000fffe    00000002     
                  0000fffe    00000002     rts430_eabi.lib : boot.obj (.reset)


LINKER GENERATED COPY TABLES

__TI_cinit_table @ 0000c01c records: 3, size/record: 4, table size: 12
	.data: load addr=0000bfc2, load size=0000004b bytes, run addr=00003aac, run size=00000116 bytes, compression=rle
	.bss: load addr=0000c014, load size=00000004 bytes, run addr=00002400, run size=00000c8b bytes, compression=zero_init
	.cio: load addr=0000c018, load size=00000004 bytes, run addr=0000398c, run size=00000120 bytes, compression=zero_init


LINKER GENERATED HANDLER TABLE

__TI_handler_table @ 0000c00e records: 3, size/record: 2, table size: 6
	index: 0, handler: __TI_zero_init
	index: 1, handler: __TI_decompress_rle24
	index: 2, handler: __TI_decompress_none


GLOBAL SYMBOLS: SORTED ALPHABETICALLY BY Name 

address    name
--------   ----
00000700   ADC12CTL0
00000701   ADC12CTL0_H
00000700   ADC12CTL0_L
00000702   ADC12CTL1
00000703   ADC12CTL1_H
00000702   ADC12CTL1_L
00000704   ADC12CTL2
00000705   ADC12CTL2_H
00000704   ADC12CTL2_L
0000070c   ADC12IE
0000070d   ADC12IE_H
0000070c   ADC12IE_L
0000070a   ADC12IFG
0000070b   ADC12IFG_H
0000070a   ADC12IFG_L
0000070e   ADC12IV
0000070f   ADC12IV_H
0000070e   ADC12IV_L
00000710   ADC12MCTL0
00000711   ADC12MCTL1
0000071a   ADC12MCTL10
0000071b   ADC12MCTL11
0000071c   ADC12MCTL12
0000071d   ADC12MCTL13
0000071e   ADC12MCTL14
0000071f   ADC12MCTL15
00000712   ADC12MCTL2
00000713   ADC12MCTL3
00000714   ADC12MCTL4
00000715   ADC12MCTL5
00000716   ADC12MCTL6
00000717   ADC12MCTL7
00000718   ADC12MCTL8
00000719   ADC12MCTL9
00000720   ADC12MEM0
00000721   ADC12MEM0_H
00000720   ADC12MEM0_L
00000722   ADC12MEM1
00000734   ADC12MEM10
00000735   ADC12MEM10_H
00000734   ADC12MEM10_L
00000736   ADC12MEM11
00000737   ADC12MEM11_H
00000736   ADC12MEM11_L
00000738   ADC12MEM12
00000739   ADC12MEM12_H
00000738   ADC12MEM12_L
0000073a   ADC12MEM13
0000073b   ADC12MEM13_H
0000073a   ADC12MEM13_L
0000073c   ADC12MEM14
0000073d   ADC12MEM14_H
0000073c   ADC12MEM14_L
0000073e   ADC12MEM15
0000073f   ADC12MEM15_H
0000073e   ADC12MEM15_L
00000723   ADC12MEM1_H
00000722   ADC12MEM1_L
00000724   ADC12MEM2
00000725   ADC12MEM2_H
00000724   ADC12MEM2_L
00000726   ADC12MEM3
00000727   ADC12MEM3_H
00000726   ADC12MEM3_L
00000728   ADC12MEM4
00000729   ADC12MEM4_H
00000728   ADC12MEM4_L
0000072a   ADC12MEM5
0000072b   ADC12MEM5_H
0000072a   ADC12MEM5_L
0000072c   ADC12MEM6
0000072d   ADC12MEM6_H
0000072c   ADC12MEM6_L
0000072e   ADC12MEM7
0000072f   ADC12MEM7_H
0000072e   ADC12MEM7_L
00000730   ADC12MEM8
00000731   ADC12MEM8_H
00000730   ADC12MEM8_L
00000732   ADC12MEM9
00000733   ADC12MEM9_H
00000732   ADC12MEM9_L
0000bfbc   C$$EXIT
0000b834   C$$IO$$
000008c0   CBCTL0
000008c1   CBCTL0_H
000008c0   CBCTL0_L
000008c2   CBCTL1
000008c3   CBCTL1_H
000008c2   CBCTL1_L
000008c4   CBCTL2
000008c5   CBCTL2_H
000008c4   CBCTL2_L
000008c6   CBCTL3
000008c7   CBCTL3_H
000008c6   CBCTL3_L
000008cc   CBINT
000008cd   CBINT_H
000008cc   CBINT_L
000008ce   CBIV
00000150   CRCDI
00000152   CRCDIRB
00000153   CRCDIRB_H
00000152   CRCDIRB_L
00000151   CRCDI_H
00000150   CRCDI_L
00000154   CRCINIRES
00000155   CRCINIRES_H
00000154   CRCINIRES_L
00000156   CRCRESR
00000157   CRCRESR_H
00000156   CRCRESR_L
00000510   DMA0CTL
00000511   DMA0CTL_H
00000510   DMA0CTL_L
00000516   DMA0DA
00000516   DMA0DAL
00000512   DMA0SA
00000512   DMA0SAL
0000051a   DMA0SZ
00000520   DMA1CTL
00000521   DMA1CTL_H
00000520   DMA1CTL_L
00000526   DMA1DA
00000526   DMA1DAL
00000522   DMA1SA
00000522   DMA1SAL
0000052a   DMA1SZ
00000530   DMA2CTL
00000531   DMA2CTL_H
00000530   DMA2CTL_L
00000536   DMA2DA
00000536   DMA2DAL
00000532   DMA2SA
00000532   DMA2SAL
0000053a   DMA2SZ
00000500   DMACTL0
00000501   DMACTL0_H
00000500   DMACTL0_L
00000502   DMACTL1
00000503   DMACTL1_H
00000502   DMACTL1_L
00000504   DMACTL2
00000505   DMACTL2_H
00000504   DMACTL2_L
00000506   DMACTL3
00000507   DMACTL3_H
00000506   DMACTL3_L
00000508   DMACTL4
00000509   DMACTL4_H
00000508   DMACTL4_L
0000050e   DMAIV
0000050f   DMAIV_H
0000050e   DMAIV_L
000052c6   DTWdistance
00008164   DetectGesture
00000140   FCTL1
00000141   FCTL1_H
00000140   FCTL1_L
00000144   FCTL3
00000145   FCTL3_H
00000144   FCTL3_L
00000146   FCTL4
00000147   FCTL4_H
00000146   FCTL4_L
0000b3f2   HOSTclose
0000a036   HOSTlseek
0000aa56   HOSTopen
0000ab7c   HOSTread
0000a8b4   HOSTrename
0000b476   HOSTunlink
0000ab1c   HOSTwrite
0000bf28   I2CbeginTransmission
0000afbe   I2CendTransmission
0000bd68   I2Cread
0000b0ba   I2CrequestFrom
0000bf36   I2Cwrite
00003bba   INS
000004c4   MAC
000004da   MAC32H
000004db   MAC32H_H
000004da   MAC32H_L
000004d8   MAC32L
000004d9   MAC32L_H
000004d8   MAC32L_L
000004c6   MACS
000004de   MACS32H
000004df   MACS32H_H
000004de   MACS32H_L
000004dc   MACS32L
000004dd   MACS32L_H
000004dc   MACS32L_L
000004c7   MACS_H
000004c6   MACS_L
000004c5   MAC_H
000004c4   MAC_L
000004c0   MPY
000004ec   MPY32CTL0
000004ed   MPY32CTL0_H
000004ec   MPY32CTL0_L
000004d2   MPY32H
000004d3   MPY32H_H
000004d2   MPY32H_L
000004d0   MPY32L
000004d1   MPY32L_H
000004d0   MPY32L_L
000004c2   MPYS
000004d6   MPYS32H
000004d7   MPYS32H_H
000004d6   MPYS32H_L
000004d4   MPYS32L
000004d5   MPYS32L_H
000004d4   MPYS32L_L
000004c3   MPYS_H
000004c2   MPYS_L
000004c1   MPY_H
000004c0   MPY_L
000004c8   OP2
000004e2   OP2H
000004e3   OP2H_H
000004e2   OP2H_L
000004e0   OP2L
000004e1   OP2L_H
000004e0   OP2L_L
000004c9   OP2_H
000004c8   OP2_L
0000020e   P1IV
0000021e   P2IV
000001e0   P4MAP01
000001e1   P4MAP01_H
000001e0   P4MAP01_L
000001e2   P4MAP23
000001e3   P4MAP23_H
000001e2   P4MAP23_L
000001e4   P4MAP45
000001e5   P4MAP45_H
000001e4   P4MAP45_L
000001e6   P4MAP67
000001e7   P4MAP67_H
000001e6   P4MAP67_L
00000204   PADIR
00000205   PADIR_H
00000204   PADIR_L
00000208   PADS
00000209   PADS_H
00000208   PADS_L
0000021a   PAIE
00000218   PAIES
00000219   PAIES_H
00000218   PAIES_L
0000021b   PAIE_H
0000021a   PAIE_L
0000021c   PAIFG
0000021d   PAIFG_H
0000021c   PAIFG_L
00000200   PAIN
00000201   PAIN_H
00000200   PAIN_L
00000202   PAOUT
00000203   PAOUT_H
00000202   PAOUT_L
00000206   PAREN
00000207   PAREN_H
00000206   PAREN_L
0000020a   PASEL
0000020b   PASEL_H
0000020a   PASEL_L
00000224   PBDIR
00000225   PBDIR_H
00000224   PBDIR_L
00000228   PBDS
00000229   PBDS_H
00000228   PBDS_L
00000220   PBIN
00000221   PBIN_H
00000220   PBIN_L
00000222   PBOUT
00000223   PBOUT_H
00000222   PBOUT_L
00000226   PBREN
00000227   PBREN_H
00000226   PBREN_L
0000022a   PBSEL
0000022b   PBSEL_H
0000022a   PBSEL_L
00000244   PCDIR
00000245   PCDIR_H
00000244   PCDIR_L
00000248   PCDS
00000249   PCDS_H
00000248   PCDS_L
00000240   PCIN
00000241   PCIN_H
00000240   PCIN_L
00000242   PCOUT
00000243   PCOUT_H
00000242   PCOUT_L
00000246   PCREN
00000247   PCREN_H
00000246   PCREN_L
0000024a   PCSEL
0000024b   PCSEL_H
0000024a   PCSEL_L
00000264   PDDIR
00000265   PDDIR_H
00000264   PDDIR_L
00000268   PDDS
00000269   PDDS_H
00000268   PDDS_L
00000260   PDIN
00000261   PDIN_H
00000260   PDIN_L
00000262   PDOUT
00000263   PDOUT_H
00000262   PDOUT_L
00000266   PDREN
00000267   PDREN_H
00000266   PDREN_L
0000026a   PDSEL
0000026b   PDSEL_H
0000026a   PDSEL_L
00000324   PJDIR
00000325   PJDIR_H
00000324   PJDIR_L
00000328   PJDS
00000329   PJDS_H
00000328   PJDS_L
00000320   PJIN
00000321   PJIN_H
00000320   PJIN_L
00000322   PJOUT
00000323   PJOUT_H
00000322   PJOUT_L
00000326   PJREN
00000327   PJREN_H
00000326   PJREN_L
00000130   PM5CTL0
00000131   PM5CTL0_H
00000130   PM5CTL0_L
000001c2   PMAPCTL
000001c3   PMAPCTL_H
000001c2   PMAPCTL_L
000001c0   PMAPKEYID
000001c1   PMAPKEYID_H
000001c0   PMAPKEYID_L
00000120   PMMCTL0
00000121   PMMCTL0_H
00000120   PMMCTL0_L
00000122   PMMCTL1
00000123   PMMCTL1_H
00000122   PMMCTL1_L
0000012c   PMMIFG
0000012d   PMMIFG_H
0000012c   PMMIFG_L
0000012e   PMMRIE
0000012f   PMMRIE_H
0000012e   PMMRIE_L
0000bbaa   Port_1
00000158   RCCTL0
00000159   RCCTL0_H
00000158   RCCTL0_L
000001b0   REFCTL0
000001b1   REFCTL0_H
000001b0   REFCTL0_L
000004e4   RES0
000004e5   RES0_H
000004e4   RES0_L
000004e6   RES1
000004e7   RES1_H
000004e6   RES1_L
000004e8   RES2
000004e9   RES2_H
000004e8   RES2_L
000004ea   RES3
000004eb   RES3_H
000004ea   RES3_L
000004cc   RESHI
000004cd   RESHI_H
000004cc   RESHI_L
000004ca   RESLO
000004cb   RESLO_H
000004ca   RESLO_L
000004ba   RTCADOWDAY
000004bb   RTCADOWDAY_H
000004ba   RTCADOWDAY_L
000004b8   RTCAMINHR
000004b9   RTCAMINHR_H
000004b8   RTCAMINHR_L
000004a0   RTCCTL01
000004a1   RTCCTL01_H
000004a0   RTCCTL01_L
000004a2   RTCCTL23
000004a3   RTCCTL23_H
000004a2   RTCCTL23_L
000004b4   RTCDATE
000004b5   RTCDATE_H
000004b4   RTCDATE_L
000004ae   RTCIV
000004ac   RTCPS
000004a8   RTCPS0CTL
000004a9   RTCPS0CTL_H
000004a8   RTCPS0CTL_L
000004aa   RTCPS1CTL
000004ab   RTCPS1CTL_H
000004aa   RTCPS1CTL_L
000004ad   RTCPS_H
000004ac   RTCPS_L
000004b0   RTCTIM0
000004b1   RTCTIM0_H
000004b0   RTCTIM0_L
000004b2   RTCTIM1
000004b3   RTCTIM1_H
000004b2   RTCTIM1_L
000004b6   RTCYEAR
000004b7   RTCYEAR_H
000004b6   RTCYEAR_L
0000be4a   SDCard_fastMode
0000b242   SDCard_init
0000b7a6   SDCard_readFrame
0000b9f4   SDCard_sendFrame
0000bf7e   SDCard_setCSHigh
0000bf86   SDCard_setCSLow
00000100   SFRIE1
00000101   SFRIE1_H
00000100   SFRIE1_L
00000102   SFRIFG1
00000103   SFRIFG1_H
00000102   SFRIFG1_L
00000104   SFRRPCR
00000105   SFRRPCR_H
00000104   SFRRPCR_L
000004ce   SUMEXT
000004cf   SUMEXT_H
000004ce   SUMEXT_L
00000124   SVSMHCTL
00000125   SVSMHCTL_H
00000124   SVSMHCTL_L
00000128   SVSMIO
00000129   SVSMIO_H
00000128   SVSMIO_L
00000126   SVSMLCTL
00000127   SVSMLCTL_H
00000126   SVSMLCTL_L
00000198   SYSBERRIV
00000199   SYSBERRIV_H
00000198   SYSBERRIV_L
00000182   SYSBSLC
00000183   SYSBSLC_H
00000182   SYSBSLC_L
00000180   SYSCTL
00000181   SYSCTL_H
00000180   SYSCTL_L
00000186   SYSJMBC
00000187   SYSJMBC_H
00000186   SYSJMBC_L
00000188   SYSJMBI0
00000189   SYSJMBI0_H
00000188   SYSJMBI0_L
0000018a   SYSJMBI1
0000018b   SYSJMBI1_H
0000018a   SYSJMBI1_L
0000018c   SYSJMBO0
0000018d   SYSJMBO0_H
0000018c   SYSJMBO0_L
0000018e   SYSJMBO1
0000018f   SYSJMBO1_H
0000018e   SYSJMBO1_L
0000019e   SYSRSTIV
0000019f   SYSRSTIV_H
0000019e   SYSRSTIV_L
0000019c   SYSSNIV
0000019d   SYSSNIV_H
0000019c   SYSSNIV_L
0000019a   SYSUNIV
0000019b   SYSUNIV_H
0000019a   SYSUNIV_L
00000352   TA0CCR0
00000354   TA0CCR1
00000356   TA0CCR2
00000358   TA0CCR3
0000035a   TA0CCR4
00000342   TA0CCTL0
00000344   TA0CCTL1
00000346   TA0CCTL2
00000348   TA0CCTL3
0000034a   TA0CCTL4
00000340   TA0CTL
00000360   TA0EX0
0000036e   TA0IV
00000350   TA0R
00000392   TA1CCR0
00000394   TA1CCR1
00000396   TA1CCR2
00000382   TA1CCTL0
00000384   TA1CCTL1
00000386   TA1CCTL2
00000380   TA1CTL
000003a0   TA1EX0
000003ae   TA1IV
00000390   TA1R
00000412   TA2CCR0
00000414   TA2CCR1
00000416   TA2CCR2
00000402   TA2CCTL0
00000404   TA2CCTL1
00000406   TA2CCTL2
00000400   TA2CTL
00000420   TA2EX0
0000042e   TA2IV
00000410   TA2R
000003d2   TB0CCR0
000003d4   TB0CCR1
000003d6   TB0CCR2
000003d8   TB0CCR3
000003da   TB0CCR4
000003dc   TB0CCR5
000003de   TB0CCR6
000003c2   TB0CCTL0
000003c4   TB0CCTL1
000003c6   TB0CCTL2
000003c8   TB0CCTL3
000003ca   TB0CCTL4
000003cc   TB0CCTL5
000003ce   TB0CCTL6
000003c0   TB0CTL
000003e0   TB0EX0
000003ee   TB0IV
000003d0   TB0R
000005d0   UCA0ABCTL
000005c6   UCA0BRW
000005c7   UCA0BRW_H
000005c6   UCA0BRW_L
000005c0   UCA0CTLW0
000005c1   UCA0CTLW0_H
000005c0   UCA0CTLW0_L
000005dc   UCA0ICTL
000005dd   UCA0ICTL_H
000005dc   UCA0ICTL_L
000005d2   UCA0IRCTL
000005d3   UCA0IRCTL_H
000005d2   UCA0IRCTL_L
000005de   UCA0IV
000005c8   UCA0MCTL
000005cc   UCA0RXBUF
000005ca   UCA0STAT
000005ce   UCA0TXBUF
00000610   UCA1ABCTL
00000606   UCA1BRW
00000607   UCA1BRW_H
00000606   UCA1BRW_L
00000600   UCA1CTLW0
00000601   UCA1CTLW0_H
00000600   UCA1CTLW0_L
0000061c   UCA1ICTL
0000061d   UCA1ICTL_H
0000061c   UCA1ICTL_L
00000612   UCA1IRCTL
00000613   UCA1IRCTL_H
00000612   UCA1IRCTL_L
0000061e   UCA1IV
00000608   UCA1MCTL
0000060c   UCA1RXBUF
0000060a   UCA1STAT
0000060e   UCA1TXBUF
000005e6   UCB0BRW
000005e7   UCB0BRW_H
000005e6   UCB0BRW_L
000005e0   UCB0CTLW0
000005e1   UCB0CTLW0_H
000005e0   UCB0CTLW0_L
000005f0   UCB0I2COA
000005f1   UCB0I2COA_H
000005f0   UCB0I2COA_L
000005f2   UCB0I2CSA
000005f3   UCB0I2CSA_H
000005f2   UCB0I2CSA_L
000005fc   UCB0ICTL
000005fd   UCB0ICTL_H
000005fc   UCB0ICTL_L
000005fe   UCB0IV
000005ec   UCB0RXBUF
000005ea   UCB0STAT
000005ee   UCB0TXBUF
00000626   UCB1BRW
00000627   UCB1BRW_H
00000626   UCB1BRW_L
00000620   UCB1CTLW0
00000621   UCB1CTLW0_H
00000620   UCB1CTLW0_L
00000630   UCB1I2COA
00000631   UCB1I2COA_H
00000630   UCB1I2COA_L
00000632   UCB1I2CSA
00000633   UCB1I2CSA_H
00000632   UCB1I2CSA_L
0000063c   UCB1ICTL
0000063d   UCB1ICTL_H
0000063c   UCB1ICTL_L
0000063e   UCB1IV
0000062c   UCB1RXBUF
0000062a   UCB1STAT
0000062e   UCB1TXBUF
00000160   UCSCTL0
00000161   UCSCTL0_H
00000160   UCSCTL0_L
00000162   UCSCTL1
00000163   UCSCTL1_H
00000162   UCSCTL1_L
00000164   UCSCTL2
00000165   UCSCTL2_H
00000164   UCSCTL2_L
00000166   UCSCTL3
00000167   UCSCTL3_H
00000166   UCSCTL3_L
00000168   UCSCTL4
00000169   UCSCTL4_H
00000168   UCSCTL4_L
0000016a   UCSCTL5
0000016b   UCSCTL5_H
0000016a   UCSCTL5_L
0000016c   UCSCTL6
0000016d   UCSCTL6_H
0000016c   UCSCTL6_L
0000016e   UCSCTL7
0000016f   UCSCTL7_H
0000016e   UCSCTL7_L
00000170   UCSCTL8
00000171   UCSCTL8_H
00000170   UCSCTL8_L
00000902   USBCNF
00000903   USBCNF_H
00000902   USBCNF_L
0000093c   USBCTL
0000093a   USBFN
0000093b   USBFN_H
0000093a   USBFN_L
0000093f   USBFUNADR
0000093d   USBIE
00002378   USBIEP0BUF
000023c9   USBIEPBBAX_1
000023d1   USBIEPBBAX_2
000023d9   USBIEPBBAX_3
000023e1   USBIEPBBAX_4
000023e9   USBIEPBBAX_5
000023f1   USBIEPBBAX_6
000023f9   USBIEPBBAX_7
000023cd   USBIEPBBAY_1
000023d5   USBIEPBBAY_2
000023dd   USBIEPBBAY_3
000023e5   USBIEPBBAY_4
000023ed   USBIEPBBAY_5
000023f5   USBIEPBBAY_6
000023fd   USBIEPBBAY_7
000023ca   USBIEPBCTX_1
000023d2   USBIEPBCTX_2
000023da   USBIEPBCTX_3
000023e2   USBIEPBCTX_4
000023ea   USBIEPBCTX_5
000023f2   USBIEPBCTX_6
000023fa   USBIEPBCTX_7
000023ce   USBIEPBCTY_1
000023d6   USBIEPBCTY_2
000023de   USBIEPBCTY_3
000023e6   USBIEPBCTY_4
000023ee   USBIEPBCTY_5
000023f6   USBIEPBCTY_6
000023fe   USBIEPBCTY_7
00000920   USBIEPCNF_0
000023c8   USBIEPCNF_1
000023d0   USBIEPCNF_2
000023d8   USBIEPCNF_3
000023e0   USBIEPCNF_4
000023e8   USBIEPCNF_5
000023f0   USBIEPCNF_6
000023f8   USBIEPCNF_7
00000921   USBIEPCNT_0
0000092e   USBIEPIE
00000930   USBIEPIFG
000023cf   USBIEPSIZXY_1
000023d7   USBIEPSIZXY_2
000023df   USBIEPSIZXY_3
000023e7   USBIEPSIZXY_4
000023ef   USBIEPSIZXY_5
000023f7   USBIEPSIZXY_6
000023ff   USBIEPSIZXY_7
0000093e   USBIFG
00000900   USBKEYID
00000901   USBKEYID_H
00000900   USBKEYID_L
00000936   USBMAINT
00000937   USBMAINT_H
00000936   USBMAINT_L
00002370   USBOEP0BUF
00002389   USBOEPBBAX_1
00002391   USBOEPBBAX_2
00002399   USBOEPBBAX_3
000023a1   USBOEPBBAX_4
000023a9   USBOEPBBAX_5
000023b1   USBOEPBBAX_6
000023b9   USBOEPBBAX_7
0000238d   USBOEPBBAY_1
00002395   USBOEPBBAY_2
0000239d   USBOEPBBAY_3
000023a5   USBOEPBBAY_4
000023ad   USBOEPBBAY_5
000023b5   USBOEPBBAY_6
000023bd   USBOEPBBAY_7
0000238a   USBOEPBCTX_1
00002392   USBOEPBCTX_2
0000239a   USBOEPBCTX_3
000023a2   USBOEPBCTX_4
000023aa   USBOEPBCTX_5
000023b2   USBOEPBCTX_6
000023ba   USBOEPBCTX_7
0000238e   USBOEPBCTY_1
00002396   USBOEPBCTY_2
0000239e   USBOEPBCTY_3
000023a6   USBOEPBCTY_4
000023ae   USBOEPBCTY_5
000023b6   USBOEPBCTY_6
000023be   USBOEPBCTY_7
00000922   USBOEPCNF_0
00002388   USBOEPCNF_1
00002390   USBOEPCNF_2
00002398   USBOEPCNF_3
000023a0   USBOEPCNF_4
000023a8   USBOEPCNF_5
000023b0   USBOEPCNF_6
000023b8   USBOEPCNF_7
00000923   USBOEPCNT_0
0000092f   USBOEPIE
00000931   USBOEPIFG
0000238f   USBOEPSIZXY_1
00002397   USBOEPSIZXY_2
0000239f   USBOEPSIZXY_3
000023a7   USBOEPSIZXY_4
000023af   USBOEPSIZXY_5
000023b7   USBOEPSIZXY_6
000023bf   USBOEPSIZXY_7
00000904   USBPHYCTL
00000905   USBPHYCTL_H
00000904   USBPHYCTL_L
00000910   USBPLLCTL
00000911   USBPLLCTL_H
00000910   USBPLLCTL_L
00000912   USBPLLDIVB
00000913   USBPLLDIVB_H
00000912   USBPLLDIVB_L
00000914   USBPLLIR
00000915   USBPLLIR_H
00000914   USBPLLIR_L
00000908   USBPWRCTL
00000909   USBPWRCTL_H
00000908   USBPWRCTL_L
00001c00   USBSTABUFF
00002380   USBSUBLK
0000236f   USBTOPBUFF
00000938   USBTSREG
00000939   USBTSREG_H
00000938   USBTSREG_L
00000932   USBVECINT
00000933   USBVECINT_H
00000932   USBVECINT_L
00009c12   USCI_B1_ISR
0000015c   WDTCTL
0000015d   WDTCTL_H
0000015c   WDTCTL_L
0000398c   _CIOBUF_
0000bc2c   _Dclass
0000aebc   _Dtest
00004400   __STACK_END
00000600   __STACK_SIZE
00000900   __SYSMEM_SIZE
0000c01c   __TI_CINIT_Base
0000c028   __TI_CINIT_Limit
0000c00e   __TI_Handler_Table_Base
0000c014   __TI_Handler_Table_Limit
UNDEFED    __TI_INITARRAY_Base
UNDEFED    __TI_INITARRAY_Limit
0000bf96   __TI_ISR_TRAP
00000001   __TI_args_main
0000b73e   __TI_cleanup
0000307a   __TI_cleanup_ptr
0000a768   __TI_closefile
0000be80   __TI_decompress_none
0000bfa2   __TI_decompress_rle24
0000aaba   __TI_doflush
0000307c   __TI_dtors_ptr
00000001   __TI_exit
0000611c   __TI_frcaddd
00004ab6   __TI_frcdivd
000055c2   __TI_frcmpyd
00003bbc   __TI_ft_end
0000ffd2   __TI_int41
0000ffd4   __TI_int42
0000ffd6   __TI_int43
0000ffd8   __TI_int44
0000ffda   __TI_int45
0000ffdc   __TI_int46
0000ffde   __TI_int47
0000ffe0   __TI_int48
0000ffe2   __TI_int49
0000ffe4   __TI_int50
0000ffe6   __TI_int51
0000ffe8   __TI_int52
0000ffea   __TI_int53
0000ffec   __TI_int54
0000ffee   __TI_int55
0000fff0   __TI_int56
0000fff2   __TI_int57
0000fff4   __TI_int58
0000fff6   __TI_int59
0000fff8   __TI_int60
0000fffa   __TI_int61
0000fffc   __TI_int62
00007676   __TI_printfi
0000b894   __TI_readmsg
00009542   __TI_renormd
00002f94   __TI_tmpnams
0000b80a   __TI_writemsg
0000a67a   __TI_wrt_ok
0000bdbe   __TI_zero_init
ffffffff   __binit__
ffffffff   __c_args__
000058ba   __mspabi_addd
000088e2   __mspabi_addf
0000866c   __mspabi_cmpd
000065e0   __mspabi_divd
00009d52   __mspabi_divf
0000b944   __mspabi_divi
0000b4f6   __mspabi_divli
0000bd94   __mspabi_divu
0000ae64   __mspabi_divul
00004f14   __mspabi_divull
0000ba9c   __mspabi_fixdi
0000a25e   __mspabi_fixdli
0000be5c   __mspabi_fixdu
0000a0c0   __mspabi_fixdul
0000a988   __mspabi_fixfi
0000bf52   __mspabi_fltid
0000b6d2   __mspabi_fltif
0000976e   __mspabi_fltlid
0000bf14   __mspabi_func_epilog_1
0000bf12   __mspabi_func_epilog_2
0000bf10   __mspabi_func_epilog_3
0000bf0e   __mspabi_func_epilog_4
0000bf0c   __mspabi_func_epilog_5
0000bf0a   __mspabi_func_epilog_6
0000bf08   __mspabi_func_epilog_7
0000638a   __mspabi_mpyd
00009480   __mspabi_mpyf
0000be22   __mspabi_mpyi_f5hw
0000bbec   __mspabi_mpyl_f5hw
0000ac38   __mspabi_mpyll_f5hw
0000ba1e   __mspabi_negd
0000b944   __mspabi_remi
0000b4f6   __mspabi_remli
0000bd94   __mspabi_remu
0000ae64   __mspabi_remul
0000b970   __mspabi_slli
0000b998   __mspabi_slli_1
0000b986   __mspabi_slli_10
0000b984   __mspabi_slli_11
0000b982   __mspabi_slli_12
0000b980   __mspabi_slli_13
0000b97e   __mspabi_slli_14
0000b97c   __mspabi_slli_15
0000b996   __mspabi_slli_2
0000b994   __mspabi_slli_3
0000b992   __mspabi_slli_4
0000b990   __mspabi_slli_5
0000b98e   __mspabi_slli_6
0000b98c   __mspabi_slli_7
0000b98a   __mspabi_slli_8
0000b988   __mspabi_slli_9
0000bed8   __mspabi_slll
0000b5ea   __mspabi_slll_1
0000b5c6   __mspabi_slll_10
0000b5c2   __mspabi_slll_11
0000b5be   __mspabi_slll_12
0000b5ba   __mspabi_slll_13
0000b5b6   __mspabi_slll_14
0000b5b2   __mspabi_slll_15
0000b5e6   __mspabi_slll_2
0000b5e2   __mspabi_slll_3
0000b5de   __mspabi_slll_4
0000b5da   __mspabi_slll_5
0000b5d6   __mspabi_slll_6
0000b5d2   __mspabi_slll_7
0000b5ce   __mspabi_slll_8
0000b5ca   __mspabi_slll_9
0000b320   __mspabi_sllll
0000b918   __mspabi_srai
0000b940   __mspabi_srai_1
0000b92e   __mspabi_srai_10
0000b92c   __mspabi_srai_11
0000b92a   __mspabi_srai_12
0000b928   __mspabi_srai_13
0000b926   __mspabi_srai_14
0000b924   __mspabi_srai_15
0000b93e   __mspabi_srai_2
0000b93c   __mspabi_srai_3
0000b93a   __mspabi_srai_4
0000b938   __mspabi_srai_5
0000b936   __mspabi_srai_6
0000b934   __mspabi_srai_7
0000b932   __mspabi_srai_8
0000b930   __mspabi_srai_9
0000bec8   __mspabi_sral
0000b5ac   __mspabi_sral_1
0000b588   __mspabi_sral_10
0000b584   __mspabi_sral_11
0000b580   __mspabi_sral_12
0000b57c   __mspabi_sral_13
0000b578   __mspabi_sral_14
0000b574   __mspabi_sral_15
0000b5a8   __mspabi_sral_2
0000b5a4   __mspabi_sral_3
0000b5a0   __mspabi_sral_4
0000b59c   __mspabi_sral_5
0000b598   __mspabi_sral_6
0000b594   __mspabi_sral_7
0000b590   __mspabi_sral_8
0000b58c   __mspabi_sral_9
0000b1aa   __mspabi_srli
0000b1f0   __mspabi_srli_1
0000b1cc   __mspabi_srli_10
0000b1c8   __mspabi_srli_11
0000b1c4   __mspabi_srli_12
0000b1c0   __mspabi_srli_13
0000b1bc   __mspabi_srli_14
0000b1b8   __mspabi_srli_15
0000b1ec   __mspabi_srli_2
0000b1e8   __mspabi_srli_3
0000b1e4   __mspabi_srli_4
0000b1e0   __mspabi_srli_5
0000b1dc   __mspabi_srli_6
0000b1d8   __mspabi_srli_7
0000b1d4   __mspabi_srli_8
0000b1d0   __mspabi_srli_9
0000bea4   __mspabi_srll
0000ada6   __mspabi_srll_1
0000ad70   __mspabi_srll_10
0000ad6a   __mspabi_srll_11
0000ad64   __mspabi_srll_12
0000ad5e   __mspabi_srll_13
0000ad58   __mspabi_srll_14
0000ad52   __mspabi_srll_15
0000ada0   __mspabi_srll_2
0000ad9a   __mspabi_srll_3
0000ad94   __mspabi_srll_4
0000ad8e   __mspabi_srll_5
0000ad88   __mspabi_srll_6
0000ad82   __mspabi_srll_7
0000ad7c   __mspabi_srll_8
0000ad76   __mspabi_srll_9
0000b28c   __mspabi_srlll
0000b69c   __mspabi_subd
000088dc   __mspabi_subf
0000a6f4   _auto_init_hold_wdt
0000bc48   _c_int00
0000bc48   _c_int00_noargs
00004400   _ctypes_
00003aac   _ftable
00003bb0   _lock
0000bfc0   _nop
0000fffe   _reset_vector
00003e00   _stack
0000308c   _sys_memory
0000bfb8   _system_pre_init
00003bb2   _unlock
0000bfbc   abort
0000bf6a   abs
00002b0e   accBuffer
0000307e   accIndex
0000b012   atoi
ffffffff   binit
0000bf8e   bzero
000087a4   captureGesture
0000b2d6   close
0000b536   clust2sect
0000b066   detectDoubleTap
00003034   dir
000082ae   disk_initialize
00008f4e   disk_ioctl
00009dec   disk_read
0000bbcc   disk_status
000093be   disk_write
0000b368   endGesture
00003080   errCode
0000ba48   exit
0000bdd2   f_close
0000acf4   f_gets
0000b838   f_mount
00006c52   f_open
00009cb2   f_opendir
00005ba2   f_printf
0000b434   f_putc
0000b866   f_puts
00007484   f_read
000098ca   f_sync
00005e7c   f_write
0000a91e   fat_init
00002d66   fatfs
0000b4b6   flashBothLEDs
0000bb14   flashLED1
0000ba72   flashLED2
00009fa6   fputc
0000913c   fputs
0000a57a   free
0000b8c0   freeArray
0000a7d8   fseek
00009e82   getMotion6
00008530   get_fat
0000bf74   get_fattime
0000a848   initMPU
0000a9f0   initializeIMU
00003ba6   interruptFlag
00003ba8   iter
0000bd7e   ledInit
0000a5fa   loadFilesFromMem
0000bb3a   lseek
0000a476   ltoa
00009602   main
00009a1c   malloc
0000bc64   memccpy
0000bdfa   memchr
0000beb6   memcpy
0000be0e   memset
0000b62c   minit
0000b8ec   msDelay
0000b5f0   printf
00007b86   put_fat
0000707a   quantizeAcc
0000b772   readByte
0000adae   readBytes
00007e8c   readFile
00003bb4   recordFlag
0000baec   remove
00003bb8   result
00003baa   returnVal
0000bc80   setClockSource
0000bc9c   setDLPFConfig
0000bcd2   setFullScaleAccelRange
0000bcec   setFullScaleGyroRange
0000a36c   setInterruptPin
0000be36   setSleepEnabled
00009226   setvbuf
0000b664   sprintf
0000bd06   strcat
0000bd38   strchr
0000bd50   strcmp
0000bf18   strcpy
0000bb60   strcspn
0000bf44   strlen
0000b99c   strncpy
0000bac4   strspn
0000b1f6   strtok
00003bb6   tempIndex
00002400   templates
00003ba4   timer
0000bf5e   toupper
0000baec   unlink
0000bb86   write
0000b10c   writeBit
0000bc0c   writeByte
00009ac4   writeFile


GLOBAL SYMBOLS: SORTED BY Symbol Address 

address    name
--------   ----
00000001   __TI_args_main
00000001   __TI_exit
00000100   SFRIE1
00000100   SFRIE1_L
00000101   SFRIE1_H
00000102   SFRIFG1
00000102   SFRIFG1_L
00000103   SFRIFG1_H
00000104   SFRRPCR
00000104   SFRRPCR_L
00000105   SFRRPCR_H
00000120   PMMCTL0
00000120   PMMCTL0_L
00000121   PMMCTL0_H
00000122   PMMCTL1
00000122   PMMCTL1_L
00000123   PMMCTL1_H
00000124   SVSMHCTL
00000124   SVSMHCTL_L
00000125   SVSMHCTL_H
00000126   SVSMLCTL
00000126   SVSMLCTL_L
00000127   SVSMLCTL_H
00000128   SVSMIO
00000128   SVSMIO_L
00000129   SVSMIO_H
0000012c   PMMIFG
0000012c   PMMIFG_L
0000012d   PMMIFG_H
0000012e   PMMRIE
0000012e   PMMRIE_L
0000012f   PMMRIE_H
00000130   PM5CTL0
00000130   PM5CTL0_L
00000131   PM5CTL0_H
00000140   FCTL1
00000140   FCTL1_L
00000141   FCTL1_H
00000144   FCTL3
00000144   FCTL3_L
00000145   FCTL3_H
00000146   FCTL4
00000146   FCTL4_L
00000147   FCTL4_H
00000150   CRCDI
00000150   CRCDI_L
00000151   CRCDI_H
00000152   CRCDIRB
00000152   CRCDIRB_L
00000153   CRCDIRB_H
00000154   CRCINIRES
00000154   CRCINIRES_L
00000155   CRCINIRES_H
00000156   CRCRESR
00000156   CRCRESR_L
00000157   CRCRESR_H
00000158   RCCTL0
00000158   RCCTL0_L
00000159   RCCTL0_H
0000015c   WDTCTL
0000015c   WDTCTL_L
0000015d   WDTCTL_H
00000160   UCSCTL0
00000160   UCSCTL0_L
00000161   UCSCTL0_H
00000162   UCSCTL1
00000162   UCSCTL1_L
00000163   UCSCTL1_H
00000164   UCSCTL2
00000164   UCSCTL2_L
00000165   UCSCTL2_H
00000166   UCSCTL3
00000166   UCSCTL3_L
00000167   UCSCTL3_H
00000168   UCSCTL4
00000168   UCSCTL4_L
00000169   UCSCTL4_H
0000016a   UCSCTL5
0000016a   UCSCTL5_L
0000016b   UCSCTL5_H
0000016c   UCSCTL6
0000016c   UCSCTL6_L
0000016d   UCSCTL6_H
0000016e   UCSCTL7
0000016e   UCSCTL7_L
0000016f   UCSCTL7_H
00000170   UCSCTL8
00000170   UCSCTL8_L
00000171   UCSCTL8_H
00000180   SYSCTL
00000180   SYSCTL_L
00000181   SYSCTL_H
00000182   SYSBSLC
00000182   SYSBSLC_L
00000183   SYSBSLC_H
00000186   SYSJMBC
00000186   SYSJMBC_L
00000187   SYSJMBC_H
00000188   SYSJMBI0
00000188   SYSJMBI0_L
00000189   SYSJMBI0_H
0000018a   SYSJMBI1
0000018a   SYSJMBI1_L
0000018b   SYSJMBI1_H
0000018c   SYSJMBO0
0000018c   SYSJMBO0_L
0000018d   SYSJMBO0_H
0000018e   SYSJMBO1
0000018e   SYSJMBO1_L
0000018f   SYSJMBO1_H
00000198   SYSBERRIV
00000198   SYSBERRIV_L
00000199   SYSBERRIV_H
0000019a   SYSUNIV
0000019a   SYSUNIV_L
0000019b   SYSUNIV_H
0000019c   SYSSNIV
0000019c   SYSSNIV_L
0000019d   SYSSNIV_H
0000019e   SYSRSTIV
0000019e   SYSRSTIV_L
0000019f   SYSRSTIV_H
000001b0   REFCTL0
000001b0   REFCTL0_L
000001b1   REFCTL0_H
000001c0   PMAPKEYID
000001c0   PMAPKEYID_L
000001c1   PMAPKEYID_H
000001c2   PMAPCTL
000001c2   PMAPCTL_L
000001c3   PMAPCTL_H
000001e0   P4MAP01
000001e0   P4MAP01_L
000001e1   P4MAP01_H
000001e2   P4MAP23
000001e2   P4MAP23_L
000001e3   P4MAP23_H
000001e4   P4MAP45
000001e4   P4MAP45_L
000001e5   P4MAP45_H
000001e6   P4MAP67
000001e6   P4MAP67_L
000001e7   P4MAP67_H
00000200   PAIN
00000200   PAIN_L
00000201   PAIN_H
00000202   PAOUT
00000202   PAOUT_L
00000203   PAOUT_H
00000204   PADIR
00000204   PADIR_L
00000205   PADIR_H
00000206   PAREN
00000206   PAREN_L
00000207   PAREN_H
00000208   PADS
00000208   PADS_L
00000209   PADS_H
0000020a   PASEL
0000020a   PASEL_L
0000020b   PASEL_H
0000020e   P1IV
00000218   PAIES
00000218   PAIES_L
00000219   PAIES_H
0000021a   PAIE
0000021a   PAIE_L
0000021b   PAIE_H
0000021c   PAIFG
0000021c   PAIFG_L
0000021d   PAIFG_H
0000021e   P2IV
00000220   PBIN
00000220   PBIN_L
00000221   PBIN_H
00000222   PBOUT
00000222   PBOUT_L
00000223   PBOUT_H
00000224   PBDIR
00000224   PBDIR_L
00000225   PBDIR_H
00000226   PBREN
00000226   PBREN_L
00000227   PBREN_H
00000228   PBDS
00000228   PBDS_L
00000229   PBDS_H
0000022a   PBSEL
0000022a   PBSEL_L
0000022b   PBSEL_H
00000240   PCIN
00000240   PCIN_L
00000241   PCIN_H
00000242   PCOUT
00000242   PCOUT_L
00000243   PCOUT_H
00000244   PCDIR
00000244   PCDIR_L
00000245   PCDIR_H
00000246   PCREN
00000246   PCREN_L
00000247   PCREN_H
00000248   PCDS
00000248   PCDS_L
00000249   PCDS_H
0000024a   PCSEL
0000024a   PCSEL_L
0000024b   PCSEL_H
00000260   PDIN
00000260   PDIN_L
00000261   PDIN_H
00000262   PDOUT
00000262   PDOUT_L
00000263   PDOUT_H
00000264   PDDIR
00000264   PDDIR_L
00000265   PDDIR_H
00000266   PDREN
00000266   PDREN_L
00000267   PDREN_H
00000268   PDDS
00000268   PDDS_L
00000269   PDDS_H
0000026a   PDSEL
0000026a   PDSEL_L
0000026b   PDSEL_H
00000320   PJIN
00000320   PJIN_L
00000321   PJIN_H
00000322   PJOUT
00000322   PJOUT_L
00000323   PJOUT_H
00000324   PJDIR
00000324   PJDIR_L
00000325   PJDIR_H
00000326   PJREN
00000326   PJREN_L
00000327   PJREN_H
00000328   PJDS
00000328   PJDS_L
00000329   PJDS_H
00000340   TA0CTL
00000342   TA0CCTL0
00000344   TA0CCTL1
00000346   TA0CCTL2
00000348   TA0CCTL3
0000034a   TA0CCTL4
00000350   TA0R
00000352   TA0CCR0
00000354   TA0CCR1
00000356   TA0CCR2
00000358   TA0CCR3
0000035a   TA0CCR4
00000360   TA0EX0
0000036e   TA0IV
00000380   TA1CTL
00000382   TA1CCTL0
00000384   TA1CCTL1
00000386   TA1CCTL2
00000390   TA1R
00000392   TA1CCR0
00000394   TA1CCR1
00000396   TA1CCR2
000003a0   TA1EX0
000003ae   TA1IV
000003c0   TB0CTL
000003c2   TB0CCTL0
000003c4   TB0CCTL1
000003c6   TB0CCTL2
000003c8   TB0CCTL3
000003ca   TB0CCTL4
000003cc   TB0CCTL5
000003ce   TB0CCTL6
000003d0   TB0R
000003d2   TB0CCR0
000003d4   TB0CCR1
000003d6   TB0CCR2
000003d8   TB0CCR3
000003da   TB0CCR4
000003dc   TB0CCR5
000003de   TB0CCR6
000003e0   TB0EX0
000003ee   TB0IV
00000400   TA2CTL
00000402   TA2CCTL0
00000404   TA2CCTL1
00000406   TA2CCTL2
00000410   TA2R
00000412   TA2CCR0
00000414   TA2CCR1
00000416   TA2CCR2
00000420   TA2EX0
0000042e   TA2IV
000004a0   RTCCTL01
000004a0   RTCCTL01_L
000004a1   RTCCTL01_H
000004a2   RTCCTL23
000004a2   RTCCTL23_L
000004a3   RTCCTL23_H
000004a8   RTCPS0CTL
000004a8   RTCPS0CTL_L
000004a9   RTCPS0CTL_H
000004aa   RTCPS1CTL
000004aa   RTCPS1CTL_L
000004ab   RTCPS1CTL_H
000004ac   RTCPS
000004ac   RTCPS_L
000004ad   RTCPS_H
000004ae   RTCIV
000004b0   RTCTIM0
000004b0   RTCTIM0_L
000004b1   RTCTIM0_H
000004b2   RTCTIM1
000004b2   RTCTIM1_L
000004b3   RTCTIM1_H
000004b4   RTCDATE
000004b4   RTCDATE_L
000004b5   RTCDATE_H
000004b6   RTCYEAR
000004b6   RTCYEAR_L
000004b7   RTCYEAR_H
000004b8   RTCAMINHR
000004b8   RTCAMINHR_L
000004b9   RTCAMINHR_H
000004ba   RTCADOWDAY
000004ba   RTCADOWDAY_L
000004bb   RTCADOWDAY_H
000004c0   MPY
000004c0   MPY_L
000004c1   MPY_H
000004c2   MPYS
000004c2   MPYS_L
000004c3   MPYS_H
000004c4   MAC
000004c4   MAC_L
000004c5   MAC_H
000004c6   MACS
000004c6   MACS_L
000004c7   MACS_H
000004c8   OP2
000004c8   OP2_L
000004c9   OP2_H
000004ca   RESLO
000004ca   RESLO_L
000004cb   RESLO_H
000004cc   RESHI
000004cc   RESHI_L
000004cd   RESHI_H
000004ce   SUMEXT
000004ce   SUMEXT_L
000004cf   SUMEXT_H
000004d0   MPY32L
000004d0   MPY32L_L
000004d1   MPY32L_H
000004d2   MPY32H
000004d2   MPY32H_L
000004d3   MPY32H_H
000004d4   MPYS32L
000004d4   MPYS32L_L
000004d5   MPYS32L_H
000004d6   MPYS32H
000004d6   MPYS32H_L
000004d7   MPYS32H_H
000004d8   MAC32L
000004d8   MAC32L_L
000004d9   MAC32L_H
000004da   MAC32H
000004da   MAC32H_L
000004db   MAC32H_H
000004dc   MACS32L
000004dc   MACS32L_L
000004dd   MACS32L_H
000004de   MACS32H
000004de   MACS32H_L
000004df   MACS32H_H
000004e0   OP2L
000004e0   OP2L_L
000004e1   OP2L_H
000004e2   OP2H
000004e2   OP2H_L
000004e3   OP2H_H
000004e4   RES0
000004e4   RES0_L
000004e5   RES0_H
000004e6   RES1
000004e6   RES1_L
000004e7   RES1_H
000004e8   RES2
000004e8   RES2_L
000004e9   RES2_H
000004ea   RES3
000004ea   RES3_L
000004eb   RES3_H
000004ec   MPY32CTL0
000004ec   MPY32CTL0_L
000004ed   MPY32CTL0_H
00000500   DMACTL0
00000500   DMACTL0_L
00000501   DMACTL0_H
00000502   DMACTL1
00000502   DMACTL1_L
00000503   DMACTL1_H
00000504   DMACTL2
00000504   DMACTL2_L
00000505   DMACTL2_H
00000506   DMACTL3
00000506   DMACTL3_L
00000507   DMACTL3_H
00000508   DMACTL4
00000508   DMACTL4_L
00000509   DMACTL4_H
0000050e   DMAIV
0000050e   DMAIV_L
0000050f   DMAIV_H
00000510   DMA0CTL
00000510   DMA0CTL_L
00000511   DMA0CTL_H
00000512   DMA0SA
00000512   DMA0SAL
00000516   DMA0DA
00000516   DMA0DAL
0000051a   DMA0SZ
00000520   DMA1CTL
00000520   DMA1CTL_L
00000521   DMA1CTL_H
00000522   DMA1SA
00000522   DMA1SAL
00000526   DMA1DA
00000526   DMA1DAL
0000052a   DMA1SZ
00000530   DMA2CTL
00000530   DMA2CTL_L
00000531   DMA2CTL_H
00000532   DMA2SA
00000532   DMA2SAL
00000536   DMA2DA
00000536   DMA2DAL
0000053a   DMA2SZ
000005c0   UCA0CTLW0
000005c0   UCA0CTLW0_L
000005c1   UCA0CTLW0_H
000005c6   UCA0BRW
000005c6   UCA0BRW_L
000005c7   UCA0BRW_H
000005c8   UCA0MCTL
000005ca   UCA0STAT
000005cc   UCA0RXBUF
000005ce   UCA0TXBUF
000005d0   UCA0ABCTL
000005d2   UCA0IRCTL
000005d2   UCA0IRCTL_L
000005d3   UCA0IRCTL_H
000005dc   UCA0ICTL
000005dc   UCA0ICTL_L
000005dd   UCA0ICTL_H
000005de   UCA0IV
000005e0   UCB0CTLW0
000005e0   UCB0CTLW0_L
000005e1   UCB0CTLW0_H
000005e6   UCB0BRW
000005e6   UCB0BRW_L
000005e7   UCB0BRW_H
000005ea   UCB0STAT
000005ec   UCB0RXBUF
000005ee   UCB0TXBUF
000005f0   UCB0I2COA
000005f0   UCB0I2COA_L
000005f1   UCB0I2COA_H
000005f2   UCB0I2CSA
000005f2   UCB0I2CSA_L
000005f3   UCB0I2CSA_H
000005fc   UCB0ICTL
000005fc   UCB0ICTL_L
000005fd   UCB0ICTL_H
000005fe   UCB0IV
00000600   UCA1CTLW0
00000600   UCA1CTLW0_L
00000600   __STACK_SIZE
00000601   UCA1CTLW0_H
00000606   UCA1BRW
00000606   UCA1BRW_L
00000607   UCA1BRW_H
00000608   UCA1MCTL
0000060a   UCA1STAT
0000060c   UCA1RXBUF
0000060e   UCA1TXBUF
00000610   UCA1ABCTL
00000612   UCA1IRCTL
00000612   UCA1IRCTL_L
00000613   UCA1IRCTL_H
0000061c   UCA1ICTL
0000061c   UCA1ICTL_L
0000061d   UCA1ICTL_H
0000061e   UCA1IV
00000620   UCB1CTLW0
00000620   UCB1CTLW0_L
00000621   UCB1CTLW0_H
00000626   UCB1BRW
00000626   UCB1BRW_L
00000627   UCB1BRW_H
0000062a   UCB1STAT
0000062c   UCB1RXBUF
0000062e   UCB1TXBUF
00000630   UCB1I2COA
00000630   UCB1I2COA_L
00000631   UCB1I2COA_H
00000632   UCB1I2CSA
00000632   UCB1I2CSA_L
00000633   UCB1I2CSA_H
0000063c   UCB1ICTL
0000063c   UCB1ICTL_L
0000063d   UCB1ICTL_H
0000063e   UCB1IV
00000700   ADC12CTL0
00000700   ADC12CTL0_L
00000701   ADC12CTL0_H
00000702   ADC12CTL1
00000702   ADC12CTL1_L
00000703   ADC12CTL1_H
00000704   ADC12CTL2
00000704   ADC12CTL2_L
00000705   ADC12CTL2_H
0000070a   ADC12IFG
0000070a   ADC12IFG_L
0000070b   ADC12IFG_H
0000070c   ADC12IE
0000070c   ADC12IE_L
0000070d   ADC12IE_H
0000070e   ADC12IV
0000070e   ADC12IV_L
0000070f   ADC12IV_H
00000710   ADC12MCTL0
00000711   ADC12MCTL1
00000712   ADC12MCTL2
00000713   ADC12MCTL3
00000714   ADC12MCTL4
00000715   ADC12MCTL5
00000716   ADC12MCTL6
00000717   ADC12MCTL7
00000718   ADC12MCTL8
00000719   ADC12MCTL9
0000071a   ADC12MCTL10
0000071b   ADC12MCTL11
0000071c   ADC12MCTL12
0000071d   ADC12MCTL13
0000071e   ADC12MCTL14
0000071f   ADC12MCTL15
00000720   ADC12MEM0
00000720   ADC12MEM0_L
00000721   ADC12MEM0_H
00000722   ADC12MEM1
00000722   ADC12MEM1_L
00000723   ADC12MEM1_H
00000724   ADC12MEM2
00000724   ADC12MEM2_L
00000725   ADC12MEM2_H
00000726   ADC12MEM3
00000726   ADC12MEM3_L
00000727   ADC12MEM3_H
00000728   ADC12MEM4
00000728   ADC12MEM4_L
00000729   ADC12MEM4_H
0000072a   ADC12MEM5
0000072a   ADC12MEM5_L
0000072b   ADC12MEM5_H
0000072c   ADC12MEM6
0000072c   ADC12MEM6_L
0000072d   ADC12MEM6_H
0000072e   ADC12MEM7
0000072e   ADC12MEM7_L
0000072f   ADC12MEM7_H
00000730   ADC12MEM8
00000730   ADC12MEM8_L
00000731   ADC12MEM8_H
00000732   ADC12MEM9
00000732   ADC12MEM9_L
00000733   ADC12MEM9_H
00000734   ADC12MEM10
00000734   ADC12MEM10_L
00000735   ADC12MEM10_H
00000736   ADC12MEM11
00000736   ADC12MEM11_L
00000737   ADC12MEM11_H
00000738   ADC12MEM12
00000738   ADC12MEM12_L
00000739   ADC12MEM12_H
0000073a   ADC12MEM13
0000073a   ADC12MEM13_L
0000073b   ADC12MEM13_H
0000073c   ADC12MEM14
0000073c   ADC12MEM14_L
0000073d   ADC12MEM14_H
0000073e   ADC12MEM15
0000073e   ADC12MEM15_L
0000073f   ADC12MEM15_H
000008c0   CBCTL0
000008c0   CBCTL0_L
000008c1   CBCTL0_H
000008c2   CBCTL1
000008c2   CBCTL1_L
000008c3   CBCTL1_H
000008c4   CBCTL2
000008c4   CBCTL2_L
000008c5   CBCTL2_H
000008c6   CBCTL3
000008c6   CBCTL3_L
000008c7   CBCTL3_H
000008cc   CBINT
000008cc   CBINT_L
000008cd   CBINT_H
000008ce   CBIV
00000900   USBKEYID
00000900   USBKEYID_L
00000900   __SYSMEM_SIZE
00000901   USBKEYID_H
00000902   USBCNF
00000902   USBCNF_L
00000903   USBCNF_H
00000904   USBPHYCTL
00000904   USBPHYCTL_L
00000905   USBPHYCTL_H
00000908   USBPWRCTL
00000908   USBPWRCTL_L
00000909   USBPWRCTL_H
00000910   USBPLLCTL
00000910   USBPLLCTL_L
00000911   USBPLLCTL_H
00000912   USBPLLDIVB
00000912   USBPLLDIVB_L
00000913   USBPLLDIVB_H
00000914   USBPLLIR
00000914   USBPLLIR_L
00000915   USBPLLIR_H
00000920   USBIEPCNF_0
00000921   USBIEPCNT_0
00000922   USBOEPCNF_0
00000923   USBOEPCNT_0
0000092e   USBIEPIE
0000092f   USBOEPIE
00000930   USBIEPIFG
00000931   USBOEPIFG
00000932   USBVECINT
00000932   USBVECINT_L
00000933   USBVECINT_H
00000936   USBMAINT
00000936   USBMAINT_L
00000937   USBMAINT_H
00000938   USBTSREG
00000938   USBTSREG_L
00000939   USBTSREG_H
0000093a   USBFN
0000093a   USBFN_L
0000093b   USBFN_H
0000093c   USBCTL
0000093d   USBIE
0000093e   USBIFG
0000093f   USBFUNADR
00001c00   USBSTABUFF
0000236f   USBTOPBUFF
00002370   USBOEP0BUF
00002378   USBIEP0BUF
00002380   USBSUBLK
00002388   USBOEPCNF_1
00002389   USBOEPBBAX_1
0000238a   USBOEPBCTX_1
0000238d   USBOEPBBAY_1
0000238e   USBOEPBCTY_1
0000238f   USBOEPSIZXY_1
00002390   USBOEPCNF_2
00002391   USBOEPBBAX_2
00002392   USBOEPBCTX_2
00002395   USBOEPBBAY_2
00002396   USBOEPBCTY_2
00002397   USBOEPSIZXY_2
00002398   USBOEPCNF_3
00002399   USBOEPBBAX_3
0000239a   USBOEPBCTX_3
0000239d   USBOEPBBAY_3
0000239e   USBOEPBCTY_3
0000239f   USBOEPSIZXY_3
000023a0   USBOEPCNF_4
000023a1   USBOEPBBAX_4
000023a2   USBOEPBCTX_4
000023a5   USBOEPBBAY_4
000023a6   USBOEPBCTY_4
000023a7   USBOEPSIZXY_4
000023a8   USBOEPCNF_5
000023a9   USBOEPBBAX_5
000023aa   USBOEPBCTX_5
000023ad   USBOEPBBAY_5
000023ae   USBOEPBCTY_5
000023af   USBOEPSIZXY_5
000023b0   USBOEPCNF_6
000023b1   USBOEPBBAX_6
000023b2   USBOEPBCTX_6
000023b5   USBOEPBBAY_6
000023b6   USBOEPBCTY_6
000023b7   USBOEPSIZXY_6
000023b8   USBOEPCNF_7
000023b9   USBOEPBBAX_7
000023ba   USBOEPBCTX_7
000023bd   USBOEPBBAY_7
000023be   USBOEPBCTY_7
000023bf   USBOEPSIZXY_7
000023c8   USBIEPCNF_1
000023c9   USBIEPBBAX_1
000023ca   USBIEPBCTX_1
000023cd   USBIEPBBAY_1
000023ce   USBIEPBCTY_1
000023cf   USBIEPSIZXY_1
000023d0   USBIEPCNF_2
000023d1   USBIEPBBAX_2
000023d2   USBIEPBCTX_2
000023d5   USBIEPBBAY_2
000023d6   USBIEPBCTY_2
000023d7   USBIEPSIZXY_2
000023d8   USBIEPCNF_3
000023d9   USBIEPBBAX_3
000023da   USBIEPBCTX_3
000023dd   USBIEPBBAY_3
000023de   USBIEPBCTY_3
000023df   USBIEPSIZXY_3
000023e0   USBIEPCNF_4
000023e1   USBIEPBBAX_4
000023e2   USBIEPBCTX_4
000023e5   USBIEPBBAY_4
000023e6   USBIEPBCTY_4
000023e7   USBIEPSIZXY_4
000023e8   USBIEPCNF_5
000023e9   USBIEPBBAX_5
000023ea   USBIEPBCTX_5
000023ed   USBIEPBBAY_5
000023ee   USBIEPBCTY_5
000023ef   USBIEPSIZXY_5
000023f0   USBIEPCNF_6
000023f1   USBIEPBBAX_6
000023f2   USBIEPBCTX_6
000023f5   USBIEPBBAY_6
000023f6   USBIEPBCTY_6
000023f7   USBIEPSIZXY_6
000023f8   USBIEPCNF_7
000023f9   USBIEPBBAX_7
000023fa   USBIEPBCTX_7
000023fd   USBIEPBBAY_7
000023fe   USBIEPBCTY_7
000023ff   USBIEPSIZXY_7
00002400   templates
00002b0e   accBuffer
00002d66   fatfs
00002f94   __TI_tmpnams
00003034   dir
0000307a   __TI_cleanup_ptr
0000307c   __TI_dtors_ptr
0000307e   accIndex
00003080   errCode
0000308c   _sys_memory
0000398c   _CIOBUF_
00003aac   _ftable
00003ba4   timer
00003ba6   interruptFlag
00003ba8   iter
00003baa   returnVal
00003bb0   _lock
00003bb2   _unlock
00003bb4   recordFlag
00003bb6   tempIndex
00003bb8   result
00003bba   INS
00003bbc   __TI_ft_end
00003e00   _stack
00004400   __STACK_END
00004400   _ctypes_
00004ab6   __TI_frcdivd
00004f14   __mspabi_divull
000052c6   DTWdistance
000055c2   __TI_frcmpyd
000058ba   __mspabi_addd
00005ba2   f_printf
00005e7c   f_write
0000611c   __TI_frcaddd
0000638a   __mspabi_mpyd
000065e0   __mspabi_divd
00006c52   f_open
0000707a   quantizeAcc
00007484   f_read
00007676   __TI_printfi
00007b86   put_fat
00007e8c   readFile
00008164   DetectGesture
000082ae   disk_initialize
00008530   get_fat
0000866c   __mspabi_cmpd
000087a4   captureGesture
000088dc   __mspabi_subf
000088e2   __mspabi_addf
00008f4e   disk_ioctl
0000913c   fputs
00009226   setvbuf
000093be   disk_write
00009480   __mspabi_mpyf
00009542   __TI_renormd
00009602   main
0000976e   __mspabi_fltlid
000098ca   f_sync
00009a1c   malloc
00009ac4   writeFile
00009c12   USCI_B1_ISR
00009cb2   f_opendir
00009d52   __mspabi_divf
00009dec   disk_read
00009e82   getMotion6
00009fa6   fputc
0000a036   HOSTlseek
0000a0c0   __mspabi_fixdul
0000a25e   __mspabi_fixdli
0000a36c   setInterruptPin
0000a476   ltoa
0000a57a   free
0000a5fa   loadFilesFromMem
0000a67a   __TI_wrt_ok
0000a6f4   _auto_init_hold_wdt
0000a768   __TI_closefile
0000a7d8   fseek
0000a848   initMPU
0000a8b4   HOSTrename
0000a91e   fat_init
0000a988   __mspabi_fixfi
0000a9f0   initializeIMU
0000aa56   HOSTopen
0000aaba   __TI_doflush
0000ab1c   HOSTwrite
0000ab7c   HOSTread
0000ac38   __mspabi_mpyll_f5hw
0000acf4   f_gets
0000ad52   __mspabi_srll_15
0000ad58   __mspabi_srll_14
0000ad5e   __mspabi_srll_13
0000ad64   __mspabi_srll_12
0000ad6a   __mspabi_srll_11
0000ad70   __mspabi_srll_10
0000ad76   __mspabi_srll_9
0000ad7c   __mspabi_srll_8
0000ad82   __mspabi_srll_7
0000ad88   __mspabi_srll_6
0000ad8e   __mspabi_srll_5
0000ad94   __mspabi_srll_4
0000ad9a   __mspabi_srll_3
0000ada0   __mspabi_srll_2
0000ada6   __mspabi_srll_1
0000adae   readBytes
0000ae64   __mspabi_divul
0000ae64   __mspabi_remul
0000aebc   _Dtest
0000afbe   I2CendTransmission
0000b012   atoi
0000b066   detectDoubleTap
0000b0ba   I2CrequestFrom
0000b10c   writeBit
0000b1aa   __mspabi_srli
0000b1b8   __mspabi_srli_15
0000b1bc   __mspabi_srli_14
0000b1c0   __mspabi_srli_13
0000b1c4   __mspabi_srli_12
0000b1c8   __mspabi_srli_11
0000b1cc   __mspabi_srli_10
0000b1d0   __mspabi_srli_9
0000b1d4   __mspabi_srli_8
0000b1d8   __mspabi_srli_7
0000b1dc   __mspabi_srli_6
0000b1e0   __mspabi_srli_5
0000b1e4   __mspabi_srli_4
0000b1e8   __mspabi_srli_3
0000b1ec   __mspabi_srli_2
0000b1f0   __mspabi_srli_1
0000b1f6   strtok
0000b242   SDCard_init
0000b28c   __mspabi_srlll
0000b2d6   close
0000b320   __mspabi_sllll
0000b368   endGesture
0000b3f2   HOSTclose
0000b434   f_putc
0000b476   HOSTunlink
0000b4b6   flashBothLEDs
0000b4f6   __mspabi_divli
0000b4f6   __mspabi_remli
0000b536   clust2sect
0000b574   __mspabi_sral_15
0000b578   __mspabi_sral_14
0000b57c   __mspabi_sral_13
0000b580   __mspabi_sral_12
0000b584   __mspabi_sral_11
0000b588   __mspabi_sral_10
0000b58c   __mspabi_sral_9
0000b590   __mspabi_sral_8
0000b594   __mspabi_sral_7
0000b598   __mspabi_sral_6
0000b59c   __mspabi_sral_5
0000b5a0   __mspabi_sral_4
0000b5a4   __mspabi_sral_3
0000b5a8   __mspabi_sral_2
0000b5ac   __mspabi_sral_1
0000b5b2   __mspabi_slll_15
0000b5b6   __mspabi_slll_14
0000b5ba   __mspabi_slll_13
0000b5be   __mspabi_slll_12
0000b5c2   __mspabi_slll_11
0000b5c6   __mspabi_slll_10
0000b5ca   __mspabi_slll_9
0000b5ce   __mspabi_slll_8
0000b5d2   __mspabi_slll_7
0000b5d6   __mspabi_slll_6
0000b5da   __mspabi_slll_5
0000b5de   __mspabi_slll_4
0000b5e2   __mspabi_slll_3
0000b5e6   __mspabi_slll_2
0000b5ea   __mspabi_slll_1
0000b5f0   printf
0000b62c   minit
0000b664   sprintf
0000b69c   __mspabi_subd
0000b6d2   __mspabi_fltif
0000b73e   __TI_cleanup
0000b772   readByte
0000b7a6   SDCard_readFrame
0000b80a   __TI_writemsg
0000b834   C$$IO$$
0000b838   f_mount
0000b866   f_puts
0000b894   __TI_readmsg
0000b8c0   freeArray
0000b8ec   msDelay
0000b918   __mspabi_srai
0000b924   __mspabi_srai_15
0000b926   __mspabi_srai_14
0000b928   __mspabi_srai_13
0000b92a   __mspabi_srai_12
0000b92c   __mspabi_srai_11
0000b92e   __mspabi_srai_10
0000b930   __mspabi_srai_9
0000b932   __mspabi_srai_8
0000b934   __mspabi_srai_7
0000b936   __mspabi_srai_6
0000b938   __mspabi_srai_5
0000b93a   __mspabi_srai_4
0000b93c   __mspabi_srai_3
0000b93e   __mspabi_srai_2
0000b940   __mspabi_srai_1
0000b944   __mspabi_divi
0000b944   __mspabi_remi
0000b970   __mspabi_slli
0000b97c   __mspabi_slli_15
0000b97e   __mspabi_slli_14
0000b980   __mspabi_slli_13
0000b982   __mspabi_slli_12
0000b984   __mspabi_slli_11
0000b986   __mspabi_slli_10
0000b988   __mspabi_slli_9
0000b98a   __mspabi_slli_8
0000b98c   __mspabi_slli_7
0000b98e   __mspabi_slli_6
0000b990   __mspabi_slli_5
0000b992   __mspabi_slli_4
0000b994   __mspabi_slli_3
0000b996   __mspabi_slli_2
0000b998   __mspabi_slli_1
0000b99c   strncpy
0000b9f4   SDCard_sendFrame
0000ba1e   __mspabi_negd
0000ba48   exit
0000ba72   flashLED2
0000ba9c   __mspabi_fixdi
0000bac4   strspn
0000baec   remove
0000baec   unlink
0000bb14   flashLED1
0000bb3a   lseek
0000bb60   strcspn
0000bb86   write
0000bbaa   Port_1
0000bbcc   disk_status
0000bbec   __mspabi_mpyl_f5hw
0000bc0c   writeByte
0000bc2c   _Dclass
0000bc48   _c_int00
0000bc48   _c_int00_noargs
0000bc64   memccpy
0000bc80   setClockSource
0000bc9c   setDLPFConfig
0000bcd2   setFullScaleAccelRange
0000bcec   setFullScaleGyroRange
0000bd06   strcat
0000bd38   strchr
0000bd50   strcmp
0000bd68   I2Cread
0000bd7e   ledInit
0000bd94   __mspabi_divu
0000bd94   __mspabi_remu
0000bdbe   __TI_zero_init
0000bdd2   f_close
0000bdfa   memchr
0000be0e   memset
0000be22   __mspabi_mpyi_f5hw
0000be36   setSleepEnabled
0000be4a   SDCard_fastMode
0000be5c   __mspabi_fixdu
0000be80   __TI_decompress_none
0000bea4   __mspabi_srll
0000beb6   memcpy
0000bec8   __mspabi_sral
0000bed8   __mspabi_slll
0000bf08   __mspabi_func_epilog_7
0000bf0a   __mspabi_func_epilog_6
0000bf0c   __mspabi_func_epilog_5
0000bf0e   __mspabi_func_epilog_4
0000bf10   __mspabi_func_epilog_3
0000bf12   __mspabi_func_epilog_2
0000bf14   __mspabi_func_epilog_1
0000bf18   strcpy
0000bf28   I2CbeginTransmission
0000bf36   I2Cwrite
0000bf44   strlen
0000bf52   __mspabi_fltid
0000bf5e   toupper
0000bf6a   abs
0000bf74   get_fattime
0000bf7e   SDCard_setCSHigh
0000bf86   SDCard_setCSLow
0000bf8e   bzero
0000bf96   __TI_ISR_TRAP
0000bfa2   __TI_decompress_rle24
0000bfb8   _system_pre_init
0000bfbc   C$$EXIT
0000bfbc   abort
0000bfc0   _nop
0000c00e   __TI_Handler_Table_Base
0000c014   __TI_Handler_Table_Limit
0000c01c   __TI_CINIT_Base
0000c028   __TI_CINIT_Limit
0000ffd2   __TI_int41
0000ffd4   __TI_int42
0000ffd6   __TI_int43
0000ffd8   __TI_int44
0000ffda   __TI_int45
0000ffdc   __TI_int46
0000ffde   __TI_int47
0000ffe0   __TI_int48
0000ffe2   __TI_int49
0000ffe4   __TI_int50
0000ffe6   __TI_int51
0000ffe8   __TI_int52
0000ffea   __TI_int53
0000ffec   __TI_int54
0000ffee   __TI_int55
0000fff0   __TI_int56
0000fff2   __TI_int57
0000fff4   __TI_int58
0000fff6   __TI_int59
0000fff8   __TI_int60
0000fffa   __TI_int61
0000fffc   __TI_int62
0000fffe   _reset_vector
ffffffff   __binit__
ffffffff   __c_args__
ffffffff   binit
UNDEFED    __TI_INITARRAY_Base
UNDEFED    __TI_INITARRAY_Limit

[1067 symbols]
