<?xml version="1.0"?>
<link_info>
   <banner>MSP430 Linker PC v4.2.1</banner>
   <copyright>Copyright (c) 2003-2013 Texas Instruments Incorporated</copyright>
   <link_time>0x538d700e</link_time>
   <link_errors>0x0</link_errors>
   <output_file>MSP430_MPU6050.out</output_file>
   <entry_point>
      <name>_c_int00</name>
      <address>0xbc48</address>
   </entry_point>
   <input_file_list>
      <input_file id="fl-2">
         <path>.\IMU_MPU6050\</path>
         <kind>object</kind>
         <file>MSP430_MPU6050.obj</file>
         <name>MSP430_MPU6050.obj</name>
      </input_file>
      <input_file id="fl-3">
         <path>.\IMU_MPU6050\</path>
         <kind>object</kind>
         <file>I2C_MSP430.obj</file>
         <name>I2C_MSP430.obj</name>
      </input_file>
      <input_file id="fl-4">
         <path>.\SD_Card\</path>
         <kind>object</kind>
         <file>mmc.obj</file>
         <name>mmc.obj</name>
      </input_file>
      <input_file id="fl-5">
         <path>.\SD_Card\</path>
         <kind>object</kind>
         <file>ff.obj</file>
         <name>ff.obj</name>
      </input_file>
      <input_file id="fl-6">
         <path>.\SD_Card\</path>
         <kind>object</kind>
         <file>SD_main.obj</file>
         <name>SD_main.obj</name>
      </input_file>
      <input_file id="fl-7">
         <path>.\SD_Card\</path>
         <kind>object</kind>
         <file>HAL_SDCard.obj</file>
         <name>HAL_SDCard.obj</name>
      </input_file>
      <input_file id="fl-8">
         <path>.\</path>
         <kind>object</kind>
         <file>uWave.obj</file>
         <name>uWave.obj</name>
      </input_file>
      <input_file id="fl-9">
         <path>.\</path>
         <kind>object</kind>
         <file>main.obj</file>
         <name>main.obj</name>
      </input_file>
      <input_file id="fl-a">
         <path>.\</path>
         <kind>object</kind>
         <file>LEDs.obj</file>
         <name>LEDs.obj</name>
      </input_file>
      <input_file id="fl-2a">
         <path>C:\ti\ccsv5\tools\compiler\msp430_4.2.1\lib\</path>
         <kind>archive</kind>
         <file>rts430_eabi.lib</file>
         <name>abs.obj</name>
      </input_file>
      <input_file id="fl-2b">
         <path>C:\ti\ccsv5\tools\compiler\msp430_4.2.1\lib\</path>
         <kind>archive</kind>
         <file>rts430_eabi.lib</file>
         <name>asr16.obj</name>
      </input_file>
      <input_file id="fl-2c">
         <path>C:\ti\ccsv5\tools\compiler\msp430_4.2.1\lib\</path>
         <kind>archive</kind>
         <file>rts430_eabi.lib</file>
         <name>atoi.obj</name>
      </input_file>
      <input_file id="fl-2d">
         <path>C:\ti\ccsv5\tools\compiler\msp430_4.2.1\lib\</path>
         <kind>archive</kind>
         <file>rts430_eabi.lib</file>
         <name>boot.obj</name>
      </input_file>
      <input_file id="fl-2e">
         <path>C:\ti\ccsv5\tools\compiler\msp430_4.2.1\lib\</path>
         <kind>archive</kind>
         <file>rts430_eabi.lib</file>
         <name>bzero.obj</name>
      </input_file>
      <input_file id="fl-2f">
         <path>C:\ti\ccsv5\tools\compiler\msp430_4.2.1\lib\</path>
         <kind>archive</kind>
         <file>rts430_eabi.lib</file>
         <name>copy_decompress_none.obj</name>
      </input_file>
      <input_file id="fl-30">
         <path>C:\ti\ccsv5\tools\compiler\msp430_4.2.1\lib\</path>
         <kind>archive</kind>
         <file>rts430_eabi.lib</file>
         <name>copy_decompress_rle.obj</name>
      </input_file>
      <input_file id="fl-31">
         <path>C:\ti\ccsv5\tools\compiler\msp430_4.2.1\lib\</path>
         <kind>archive</kind>
         <file>rts430_eabi.lib</file>
         <name>copy_zero_init.obj</name>
      </input_file>
      <input_file id="fl-32">
         <path>C:\ti\ccsv5\tools\compiler\msp430_4.2.1\lib\</path>
         <kind>archive</kind>
         <file>rts430_eabi.lib</file>
         <name>ctype.obj</name>
      </input_file>
      <input_file id="fl-33">
         <path>C:\ti\ccsv5\tools\compiler\msp430_4.2.1\lib\</path>
         <kind>archive</kind>
         <file>rts430_eabi.lib</file>
         <name>div16s.obj</name>
      </input_file>
      <input_file id="fl-34">
         <path>C:\ti\ccsv5\tools\compiler\msp430_4.2.1\lib\</path>
         <kind>archive</kind>
         <file>rts430_eabi.lib</file>
         <name>div16u.obj</name>
      </input_file>
      <input_file id="fl-35">
         <path>C:\ti\ccsv5\tools\compiler\msp430_4.2.1\lib\</path>
         <kind>archive</kind>
         <file>rts430_eabi.lib</file>
         <name>div32u.obj</name>
      </input_file>
      <input_file id="fl-36">
         <path>C:\ti\ccsv5\tools\compiler\msp430_4.2.1\lib\</path>
         <kind>archive</kind>
         <file>rts430_eabi.lib</file>
         <name>divd.obj</name>
      </input_file>
      <input_file id="fl-37">
         <path>C:\ti\ccsv5\tools\compiler\msp430_4.2.1\lib\</path>
         <kind>archive</kind>
         <file>rts430_eabi.lib</file>
         <name>epilog.obj</name>
      </input_file>
      <input_file id="fl-38">
         <path>C:\ti\ccsv5\tools\compiler\msp430_4.2.1\lib\</path>
         <kind>archive</kind>
         <file>rts430_eabi.lib</file>
         <name>exit.obj</name>
      </input_file>
      <input_file id="fl-39">
         <path>C:\ti\ccsv5\tools\compiler\msp430_4.2.1\lib\</path>
         <kind>archive</kind>
         <file>rts430_eabi.lib</file>
         <name>fixdi.obj</name>
      </input_file>
      <input_file id="fl-3a">
         <path>C:\ti\ccsv5\tools\compiler\msp430_4.2.1\lib\</path>
         <kind>archive</kind>
         <file>rts430_eabi.lib</file>
         <name>fixdli.obj</name>
      </input_file>
      <input_file id="fl-3b">
         <path>C:\ti\ccsv5\tools\compiler\msp430_4.2.1\lib\</path>
         <kind>archive</kind>
         <file>rts430_eabi.lib</file>
         <name>fltid.obj</name>
      </input_file>
      <input_file id="fl-3c">
         <path>C:\ti\ccsv5\tools\compiler\msp430_4.2.1\lib\</path>
         <kind>archive</kind>
         <file>rts430_eabi.lib</file>
         <name>fltlid.obj</name>
      </input_file>
      <input_file id="fl-3d">
         <path>C:\ti\ccsv5\tools\compiler\msp430_4.2.1\lib\</path>
         <kind>archive</kind>
         <file>rts430_eabi.lib</file>
         <name>frcdivd.obj</name>
      </input_file>
      <input_file id="fl-3e">
         <path>C:\ti\ccsv5\tools\compiler\msp430_4.2.1\lib\</path>
         <kind>archive</kind>
         <file>rts430_eabi.lib</file>
         <name>fs_add.obj</name>
      </input_file>
      <input_file id="fl-3f">
         <path>C:\ti\ccsv5\tools\compiler\msp430_4.2.1\lib\</path>
         <kind>archive</kind>
         <file>rts430_eabi.lib</file>
         <name>fs_div.obj</name>
      </input_file>
      <input_file id="fl-40">
         <path>C:\ti\ccsv5\tools\compiler\msp430_4.2.1\lib\</path>
         <kind>archive</kind>
         <file>rts430_eabi.lib</file>
         <name>fs_itof.obj</name>
      </input_file>
      <input_file id="fl-41">
         <path>C:\ti\ccsv5\tools\compiler\msp430_4.2.1\lib\</path>
         <kind>archive</kind>
         <file>rts430_eabi.lib</file>
         <name>fs_mpy.obj</name>
      </input_file>
      <input_file id="fl-42">
         <path>C:\ti\ccsv5\tools\compiler\msp430_4.2.1\lib\</path>
         <kind>archive</kind>
         <file>rts430_eabi.lib</file>
         <name>fs_toi.obj</name>
      </input_file>
      <input_file id="fl-43">
         <path>C:\ti\ccsv5\tools\compiler\msp430_4.2.1\lib\</path>
         <kind>archive</kind>
         <file>rts430_eabi.lib</file>
         <name>int41.obj</name>
      </input_file>
      <input_file id="fl-44">
         <path>C:\ti\ccsv5\tools\compiler\msp430_4.2.1\lib\</path>
         <kind>archive</kind>
         <file>rts430_eabi.lib</file>
         <name>int42.obj</name>
      </input_file>
      <input_file id="fl-45">
         <path>C:\ti\ccsv5\tools\compiler\msp430_4.2.1\lib\</path>
         <kind>archive</kind>
         <file>rts430_eabi.lib</file>
         <name>int43.obj</name>
      </input_file>
      <input_file id="fl-46">
         <path>C:\ti\ccsv5\tools\compiler\msp430_4.2.1\lib\</path>
         <kind>archive</kind>
         <file>rts430_eabi.lib</file>
         <name>int44.obj</name>
      </input_file>
      <input_file id="fl-47">
         <path>C:\ti\ccsv5\tools\compiler\msp430_4.2.1\lib\</path>
         <kind>archive</kind>
         <file>rts430_eabi.lib</file>
         <name>int46.obj</name>
      </input_file>
      <input_file id="fl-48">
         <path>C:\ti\ccsv5\tools\compiler\msp430_4.2.1\lib\</path>
         <kind>archive</kind>
         <file>rts430_eabi.lib</file>
         <name>int48.obj</name>
      </input_file>
      <input_file id="fl-49">
         <path>C:\ti\ccsv5\tools\compiler\msp430_4.2.1\lib\</path>
         <kind>archive</kind>
         <file>rts430_eabi.lib</file>
         <name>int49.obj</name>
      </input_file>
      <input_file id="fl-4a">
         <path>C:\ti\ccsv5\tools\compiler\msp430_4.2.1\lib\</path>
         <kind>archive</kind>
         <file>rts430_eabi.lib</file>
         <name>int50.obj</name>
      </input_file>
      <input_file id="fl-4b">
         <path>C:\ti\ccsv5\tools\compiler\msp430_4.2.1\lib\</path>
         <kind>archive</kind>
         <file>rts430_eabi.lib</file>
         <name>int51.obj</name>
      </input_file>
      <input_file id="fl-4c">
         <path>C:\ti\ccsv5\tools\compiler\msp430_4.2.1\lib\</path>
         <kind>archive</kind>
         <file>rts430_eabi.lib</file>
         <name>int52.obj</name>
      </input_file>
      <input_file id="fl-4d">
         <path>C:\ti\ccsv5\tools\compiler\msp430_4.2.1\lib\</path>
         <kind>archive</kind>
         <file>rts430_eabi.lib</file>
         <name>int53.obj</name>
      </input_file>
      <input_file id="fl-4e">
         <path>C:\ti\ccsv5\tools\compiler\msp430_4.2.1\lib\</path>
         <kind>archive</kind>
         <file>rts430_eabi.lib</file>
         <name>int54.obj</name>
      </input_file>
      <input_file id="fl-4f">
         <path>C:\ti\ccsv5\tools\compiler\msp430_4.2.1\lib\</path>
         <kind>archive</kind>
         <file>rts430_eabi.lib</file>
         <name>int55.obj</name>
      </input_file>
      <input_file id="fl-50">
         <path>C:\ti\ccsv5\tools\compiler\msp430_4.2.1\lib\</path>
         <kind>archive</kind>
         <file>rts430_eabi.lib</file>
         <name>int56.obj</name>
      </input_file>
      <input_file id="fl-51">
         <path>C:\ti\ccsv5\tools\compiler\msp430_4.2.1\lib\</path>
         <kind>archive</kind>
         <file>rts430_eabi.lib</file>
         <name>int57.obj</name>
      </input_file>
      <input_file id="fl-52">
         <path>C:\ti\ccsv5\tools\compiler\msp430_4.2.1\lib\</path>
         <kind>archive</kind>
         <file>rts430_eabi.lib</file>
         <name>int58.obj</name>
      </input_file>
      <input_file id="fl-53">
         <path>C:\ti\ccsv5\tools\compiler\msp430_4.2.1\lib\</path>
         <kind>archive</kind>
         <file>rts430_eabi.lib</file>
         <name>int59.obj</name>
      </input_file>
      <input_file id="fl-54">
         <path>C:\ti\ccsv5\tools\compiler\msp430_4.2.1\lib\</path>
         <kind>archive</kind>
         <file>rts430_eabi.lib</file>
         <name>int60.obj</name>
      </input_file>
      <input_file id="fl-55">
         <path>C:\ti\ccsv5\tools\compiler\msp430_4.2.1\lib\</path>
         <kind>archive</kind>
         <file>rts430_eabi.lib</file>
         <name>int61.obj</name>
      </input_file>
      <input_file id="fl-56">
         <path>C:\ti\ccsv5\tools\compiler\msp430_4.2.1\lib\</path>
         <kind>archive</kind>
         <file>rts430_eabi.lib</file>
         <name>int62.obj</name>
      </input_file>
      <input_file id="fl-57">
         <path>C:\ti\ccsv5\tools\compiler\msp430_4.2.1\lib\</path>
         <kind>archive</kind>
         <file>rts430_eabi.lib</file>
         <name>isr_trap.obj</name>
      </input_file>
      <input_file id="fl-58">
         <path>C:\ti\ccsv5\tools\compiler\msp430_4.2.1\lib\</path>
         <kind>archive</kind>
         <file>rts430_eabi.lib</file>
         <name>lsl16.obj</name>
      </input_file>
      <input_file id="fl-59">
         <path>C:\ti\ccsv5\tools\compiler\msp430_4.2.1\lib\</path>
         <kind>archive</kind>
         <file>rts430_eabi.lib</file>
         <name>lsl32.obj</name>
      </input_file>
      <input_file id="fl-5a">
         <path>C:\ti\ccsv5\tools\compiler\msp430_4.2.1\lib\</path>
         <kind>archive</kind>
         <file>rts430_eabi.lib</file>
         <name>lsr16.obj</name>
      </input_file>
      <input_file id="fl-5b">
         <path>C:\ti\ccsv5\tools\compiler\msp430_4.2.1\lib\</path>
         <kind>archive</kind>
         <file>rts430_eabi.lib</file>
         <name>lsr32.obj</name>
      </input_file>
      <input_file id="fl-5c">
         <path>C:\ti\ccsv5\tools\compiler\msp430_4.2.1\lib\</path>
         <kind>archive</kind>
         <file>rts430_eabi.lib</file>
         <name>memcpy.obj</name>
      </input_file>
      <input_file id="fl-5d">
         <path>C:\ti\ccsv5\tools\compiler\msp430_4.2.1\lib\</path>
         <kind>archive</kind>
         <file>rts430_eabi.lib</file>
         <name>memory.obj</name>
      </input_file>
      <input_file id="fl-5e">
         <path>C:\ti\ccsv5\tools\compiler\msp430_4.2.1\lib\</path>
         <kind>archive</kind>
         <file>rts430_eabi.lib</file>
         <name>memset.obj</name>
      </input_file>
      <input_file id="fl-5f">
         <path>C:\ti\ccsv5\tools\compiler\msp430_4.2.1\lib\</path>
         <kind>archive</kind>
         <file>rts430_eabi.lib</file>
         <name>mult16_f5hw.obj</name>
      </input_file>
      <input_file id="fl-60">
         <path>C:\ti\ccsv5\tools\compiler\msp430_4.2.1\lib\</path>
         <kind>archive</kind>
         <file>rts430_eabi.lib</file>
         <name>mult32_f5hw.obj</name>
      </input_file>
      <input_file id="fl-61">
         <path>C:\ti\ccsv5\tools\compiler\msp430_4.2.1\lib\</path>
         <kind>archive</kind>
         <file>rts430_eabi.lib</file>
         <name>pre_init.obj</name>
      </input_file>
      <input_file id="fl-62">
         <path>C:\ti\ccsv5\tools\compiler\msp430_4.2.1\lib\</path>
         <kind>archive</kind>
         <file>rts430_eabi.lib</file>
         <name>printf.obj</name>
      </input_file>
      <input_file id="fl-63">
         <path>C:\ti\ccsv5\tools\compiler\msp430_4.2.1\lib\</path>
         <kind>archive</kind>
         <file>rts430_eabi.lib</file>
         <name>sprintf.obj</name>
      </input_file>
      <input_file id="fl-64">
         <path>C:\ti\ccsv5\tools\compiler\msp430_4.2.1\lib\</path>
         <kind>archive</kind>
         <file>rts430_eabi.lib</file>
         <name>strcat.obj</name>
      </input_file>
      <input_file id="fl-65">
         <path>C:\ti\ccsv5\tools\compiler\msp430_4.2.1\lib\</path>
         <kind>archive</kind>
         <file>rts430_eabi.lib</file>
         <name>strtok.obj</name>
      </input_file>
      <input_file id="fl-66">
         <path>C:\ti\ccsv5\tools\compiler\msp430_4.2.1\lib\</path>
         <kind>archive</kind>
         <file>rts430_eabi.lib</file>
         <name>_lock.obj</name>
      </input_file>
      <input_file id="fl-67">
         <path>C:\ti\ccsv5\tools\compiler\msp430_4.2.1\lib\</path>
         <kind>archive</kind>
         <file>rts430_eabi.lib</file>
         <name>_printfi.obj</name>
      </input_file>
      <input_file id="fl-68">
         <path>C:\ti\ccsv5\tools\compiler\msp430_4.2.1\lib\</path>
         <kind>archive</kind>
         <file>rts430_eabi.lib</file>
         <name>args_main.obj</name>
      </input_file>
      <input_file id="fl-69">
         <path>C:\ti\ccsv5\tools\compiler\msp430_4.2.1\lib\</path>
         <kind>archive</kind>
         <file>rts430_eabi.lib</file>
         <name>asr32.obj</name>
      </input_file>
      <input_file id="fl-6a">
         <path>C:\ti\ccsv5\tools\compiler\msp430_4.2.1\lib\</path>
         <kind>archive</kind>
         <file>rts430_eabi.lib</file>
         <name>autoinit.obj</name>
      </input_file>
      <input_file id="fl-6b">
         <path>C:\ti\ccsv5\tools\compiler\msp430_4.2.1\lib\</path>
         <kind>archive</kind>
         <file>rts430_eabi.lib</file>
         <name>cmpd.obj</name>
      </input_file>
      <input_file id="fl-6c">
         <path>C:\ti\ccsv5\tools\compiler\msp430_4.2.1\lib\</path>
         <kind>archive</kind>
         <file>rts430_eabi.lib</file>
         <name>defs.obj</name>
      </input_file>
      <input_file id="fl-6d">
         <path>C:\ti\ccsv5\tools\compiler\msp430_4.2.1\lib\</path>
         <kind>archive</kind>
         <file>rts430_eabi.lib</file>
         <name>fixdu.obj</name>
      </input_file>
      <input_file id="fl-6e">
         <path>C:\ti\ccsv5\tools\compiler\msp430_4.2.1\lib\</path>
         <kind>archive</kind>
         <file>rts430_eabi.lib</file>
         <name>fixdul.obj</name>
      </input_file>
      <input_file id="fl-6f">
         <path>C:\ti\ccsv5\tools\compiler\msp430_4.2.1\lib\</path>
         <kind>archive</kind>
         <file>rts430_eabi.lib</file>
         <name>fputc.obj</name>
      </input_file>
      <input_file id="fl-70">
         <path>C:\ti\ccsv5\tools\compiler\msp430_4.2.1\lib\</path>
         <kind>archive</kind>
         <file>rts430_eabi.lib</file>
         <name>fputs.obj</name>
      </input_file>
      <input_file id="fl-71">
         <path>C:\ti\ccsv5\tools\compiler\msp430_4.2.1\lib\</path>
         <kind>archive</kind>
         <file>rts430_eabi.lib</file>
         <name>llmath.obj</name>
      </input_file>
      <input_file id="fl-72">
         <path>C:\ti\ccsv5\tools\compiler\msp430_4.2.1\lib\</path>
         <kind>archive</kind>
         <file>rts430_eabi.lib</file>
         <name>lowlev.obj</name>
      </input_file>
      <input_file id="fl-73">
         <path>C:\ti\ccsv5\tools\compiler\msp430_4.2.1\lib\</path>
         <kind>archive</kind>
         <file>rts430_eabi.lib</file>
         <name>ltoa.obj</name>
      </input_file>
      <input_file id="fl-74">
         <path>C:\ti\ccsv5\tools\compiler\msp430_4.2.1\lib\</path>
         <kind>archive</kind>
         <file>rts430_eabi.lib</file>
         <name>memccpy.obj</name>
      </input_file>
      <input_file id="fl-75">
         <path>C:\ti\ccsv5\tools\compiler\msp430_4.2.1\lib\</path>
         <kind>archive</kind>
         <file>rts430_eabi.lib</file>
         <name>memchr.obj</name>
      </input_file>
      <input_file id="fl-76">
         <path>C:\ti\ccsv5\tools\compiler\msp430_4.2.1\lib\</path>
         <kind>archive</kind>
         <file>rts430_eabi.lib</file>
         <name>mpyd.obj</name>
      </input_file>
      <input_file id="fl-77">
         <path>C:\ti\ccsv5\tools\compiler\msp430_4.2.1\lib\</path>
         <kind>archive</kind>
         <file>rts430_eabi.lib</file>
         <name>mult64_f5hw.obj</name>
      </input_file>
      <input_file id="fl-78">
         <path>C:\ti\ccsv5\tools\compiler\msp430_4.2.1\lib\</path>
         <kind>archive</kind>
         <file>rts430_eabi.lib</file>
         <name>negd.obj</name>
      </input_file>
      <input_file id="fl-79">
         <path>C:\ti\ccsv5\tools\compiler\msp430_4.2.1\lib\</path>
         <kind>archive</kind>
         <file>rts430_eabi.lib</file>
         <name>strchr.obj</name>
      </input_file>
      <input_file id="fl-7a">
         <path>C:\ti\ccsv5\tools\compiler\msp430_4.2.1\lib\</path>
         <kind>archive</kind>
         <file>rts430_eabi.lib</file>
         <name>strcmp.obj</name>
      </input_file>
      <input_file id="fl-7b">
         <path>C:\ti\ccsv5\tools\compiler\msp430_4.2.1\lib\</path>
         <kind>archive</kind>
         <file>rts430_eabi.lib</file>
         <name>strcspn.obj</name>
      </input_file>
      <input_file id="fl-7c">
         <path>C:\ti\ccsv5\tools\compiler\msp430_4.2.1\lib\</path>
         <kind>archive</kind>
         <file>rts430_eabi.lib</file>
         <name>strlen.obj</name>
      </input_file>
      <input_file id="fl-7d">
         <path>C:\ti\ccsv5\tools\compiler\msp430_4.2.1\lib\</path>
         <kind>archive</kind>
         <file>rts430_eabi.lib</file>
         <name>strncpy.obj</name>
      </input_file>
      <input_file id="fl-7e">
         <path>C:\ti\ccsv5\tools\compiler\msp430_4.2.1\lib\</path>
         <kind>archive</kind>
         <file>rts430_eabi.lib</file>
         <name>strspn.obj</name>
      </input_file>
      <input_file id="fl-7f">
         <path>C:\ti\ccsv5\tools\compiler\msp430_4.2.1\lib\</path>
         <kind>archive</kind>
         <file>rts430_eabi.lib</file>
         <name>subd.obj</name>
      </input_file>
      <input_file id="fl-80">
         <path>C:\ti\ccsv5\tools\compiler\msp430_4.2.1\lib\</path>
         <kind>archive</kind>
         <file>rts430_eabi.lib</file>
         <name>toupper.obj</name>
      </input_file>
      <input_file id="fl-81">
         <path>C:\ti\ccsv5\tools\compiler\msp430_4.2.1\lib\</path>
         <kind>archive</kind>
         <file>rts430_eabi.lib</file>
         <name>trgdrv.obj</name>
      </input_file>
      <input_file id="fl-82">
         <path>C:\ti\ccsv5\tools\compiler\msp430_4.2.1\lib\</path>
         <kind>archive</kind>
         <file>rts430_eabi.lib</file>
         <name>trgmsg.obj</name>
      </input_file>
      <input_file id="fl-83">
         <path>C:\ti\ccsv5\tools\compiler\msp430_4.2.1\lib\</path>
         <kind>archive</kind>
         <file>rts430_eabi.lib</file>
         <name>xdclass.obj</name>
      </input_file>
      <input_file id="fl-84">
         <path>C:\ti\ccsv5\tools\compiler\msp430_4.2.1\lib\</path>
         <kind>archive</kind>
         <file>rts430_eabi.lib</file>
         <name>xdtest.obj</name>
      </input_file>
      <input_file id="fl-85">
         <path>C:\ti\ccsv5\tools\compiler\msp430_4.2.1\lib\</path>
         <kind>archive</kind>
         <file>rts430_eabi.lib</file>
         <name>_io_perm.obj</name>
      </input_file>
      <input_file id="fl-86">
         <path>C:\ti\ccsv5\tools\compiler\msp430_4.2.1\lib\</path>
         <kind>archive</kind>
         <file>rts430_eabi.lib</file>
         <name>addd.obj</name>
      </input_file>
      <input_file id="fl-87">
         <path>C:\ti\ccsv5\tools\compiler\msp430_4.2.1\lib\</path>
         <kind>archive</kind>
         <file>rts430_eabi.lib</file>
         <name>div32s.obj</name>
      </input_file>
      <input_file id="fl-88">
         <path>C:\ti\ccsv5\tools\compiler\msp430_4.2.1\lib\</path>
         <kind>archive</kind>
         <file>rts430_eabi.lib</file>
         <name>fflush.obj</name>
      </input_file>
      <input_file id="fl-89">
         <path>C:\ti\ccsv5\tools\compiler\msp430_4.2.1\lib\</path>
         <kind>archive</kind>
         <file>rts430_eabi.lib</file>
         <name>frcaddd.obj</name>
      </input_file>
      <input_file id="fl-8a">
         <path>C:\ti\ccsv5\tools\compiler\msp430_4.2.1\lib\</path>
         <kind>archive</kind>
         <file>rts430_eabi.lib</file>
         <name>frcmpyd.obj</name>
      </input_file>
      <input_file id="fl-8b">
         <path>C:\ti\ccsv5\tools\compiler\msp430_4.2.1\lib\</path>
         <kind>archive</kind>
         <file>rts430_eabi.lib</file>
         <name>fseek.obj</name>
      </input_file>
      <input_file id="fl-8c">
         <path>C:\ti\ccsv5\tools\compiler\msp430_4.2.1\lib\</path>
         <kind>archive</kind>
         <file>rts430_eabi.lib</file>
         <name>renormd.obj</name>
      </input_file>
      <input_file id="fl-8d">
         <path>C:\ti\ccsv5\tools\compiler\msp430_4.2.1\lib\</path>
         <kind>archive</kind>
         <file>rts430_eabi.lib</file>
         <name>setvbuf.obj</name>
      </input_file>
      <input_file id="fl-8e">
         <path>C:\ti\ccsv5\tools\compiler\msp430_4.2.1\lib\</path>
         <kind>archive</kind>
         <file>rts430_eabi.lib</file>
         <name>strcpy.obj</name>
      </input_file>
      <input_file id="fl-8f">
         <path>C:\ti\ccsv5\tools\compiler\msp430_4.2.1\lib\</path>
         <kind>archive</kind>
         <file>rts430_eabi.lib</file>
         <name>fopen.obj</name>
      </input_file>
      <input_file id="fl-90">
         <path>C:\ti\ccsv5\tools\compiler\msp430_4.2.1\lib\</path>
         <kind>archive</kind>
         <file>rts430_eabi.lib</file>
         <name>fclose.obj</name>
      </input_file>
      <input_file id="fl-91">
         <path>C:\ti\ccsv5\tools\compiler\msp430_4.2.1\lib\</path>
         <kind>archive</kind>
         <file>rts430_eabi.lib</file>
         <name>remove.obj</name>
      </input_file>
   </input_file_list>
   <object_component_list>
      <object_component id="oc-96">
         <name>.sysmem</name>
         <uninitialized>true</uninitialized>
         <run_address>0x308c</run_address>
         <size>0x4</size>
         <input_file_ref idref="fl-5d"/>
      </object_component>
      <object_component id="oc-7d3">
         <name>.sysmem</name>
         <uninitialized>true</uninitialized>
         <run_address>0x308c</run_address>
         <size>0x0</size>
      </object_component>
      <object_component id="oc-93">
         <name>.stack</name>
         <uninitialized>true</uninitialized>
         <run_address>0x3e00</run_address>
         <size>0x2</size>
         <input_file_ref idref="fl-2d"/>
      </object_component>
      <object_component id="oc-7d2">
         <name>.stack</name>
         <uninitialized>true</uninitialized>
         <run_address>0x3e00</run_address>
         <size>0x0</size>
      </object_component>
      <object_component id="oc-409">
         <name>.text:chk_mounted</name>
         <load_address>0x4612</load_address>
         <run_address>0x4612</run_address>
         <size>0x4a4</size>
         <input_file_ref idref="fl-5"/>
      </object_component>
      <object_component id="oc-37e">
         <name>.text:__TI_frcdivd</name>
         <load_address>0x4ab6</load_address>
         <run_address>0x4ab6</run_address>
         <size>0x45e</size>
         <input_file_ref idref="fl-3d"/>
      </object_component>
      <object_component id="oc-637">
         <name>.text:__mspabi_divull</name>
         <load_address>0x4f14</load_address>
         <run_address>0x4f14</run_address>
         <size>0x3b2</size>
         <input_file_ref idref="fl-71"/>
      </object_component>
      <object_component id="oc-2aa">
         <name>.text:DTWdistance</name>
         <load_address>0x52c6</load_address>
         <run_address>0x52c6</run_address>
         <size>0x2fc</size>
         <input_file_ref idref="fl-8"/>
      </object_component>
      <object_component id="oc-656">
         <name>.text:__TI_frcmpyd</name>
         <load_address>0x55c2</load_address>
         <run_address>0x55c2</run_address>
         <size>0x2f8</size>
         <input_file_ref idref="fl-8a"/>
      </object_component>
      <object_component id="oc-6e9">
         <name>.text:__mspabi_addd</name>
         <load_address>0x58ba</load_address>
         <run_address>0x58ba</run_address>
         <size>0x2e8</size>
         <input_file_ref idref="fl-86"/>
      </object_component>
      <object_component id="oc-2b5">
         <name>.text:f_printf</name>
         <load_address>0x5ba2</load_address>
         <run_address>0x5ba2</run_address>
         <size>0x2da</size>
         <input_file_ref idref="fl-5"/>
      </object_component>
      <object_component id="oc-491">
         <name>.text:f_write</name>
         <load_address>0x5e7c</load_address>
         <run_address>0x5e7c</run_address>
         <size>0x2a0</size>
         <input_file_ref idref="fl-5"/>
      </object_component>
      <object_component id="oc-718">
         <name>.text:__TI_frcaddd</name>
         <load_address>0x611c</load_address>
         <run_address>0x611c</run_address>
         <size>0x26e</size>
         <input_file_ref idref="fl-89"/>
      </object_component>
      <object_component id="oc-5af">
         <name>.text:__mspabi_mpyd</name>
         <load_address>0x638a</load_address>
         <run_address>0x638a</run_address>
         <size>0x256</size>
         <input_file_ref idref="fl-76"/>
      </object_component>
      <object_component id="oc-27d">
         <name>.text:__mspabi_divd</name>
         <load_address>0x65e0</load_address>
         <run_address>0x65e0</run_address>
         <size>0x238</size>
         <input_file_ref idref="fl-36"/>
      </object_component>
      <object_component id="oc-594">
         <name>.text:ecvt</name>
         <load_address>0x6818</load_address>
         <run_address>0x6818</run_address>
         <size>0x220</size>
         <input_file_ref idref="fl-67"/>
      </object_component>
      <object_component id="oc-5a4">
         <name>.text:fcvt</name>
         <load_address>0x6a38</load_address>
         <run_address>0x6a38</run_address>
         <size>0x21a</size>
         <input_file_ref idref="fl-67"/>
      </object_component>
      <object_component id="oc-337">
         <name>.text:f_open</name>
         <load_address>0x6c52</load_address>
         <run_address>0x6c52</run_address>
         <size>0x216</size>
         <input_file_ref idref="fl-5"/>
      </object_component>
      <object_component id="oc-2d9">
         <name>.text:_setfield</name>
         <load_address>0x6e68</load_address>
         <run_address>0x6e68</run_address>
         <size>0x212</size>
         <input_file_ref idref="fl-67"/>
      </object_component>
      <object_component id="oc-19c">
         <name>.text:quantizeAcc</name>
         <load_address>0x707a</load_address>
         <run_address>0x707a</run_address>
         <size>0x20c</size>
         <input_file_ref idref="fl-8"/>
      </object_component>
      <object_component id="oc-3d6">
         <name>.text:_pproc_fge</name>
         <load_address>0x7286</load_address>
         <run_address>0x7286</run_address>
         <size>0x1fe</size>
         <input_file_ref idref="fl-67"/>
      </object_component>
      <object_component id="oc-342">
         <name>.text:f_read</name>
         <load_address>0x7484</load_address>
         <run_address>0x7484</run_address>
         <size>0x1f2</size>
         <input_file_ref idref="fl-5"/>
      </object_component>
      <object_component id="oc-1f5">
         <name>.text:__TI_printfi</name>
         <load_address>0x7676</load_address>
         <run_address>0x7676</run_address>
         <size>0x1de</size>
         <input_file_ref idref="fl-67"/>
      </object_component>
      <object_component id="oc-4d7">
         <name>.text:_pconv_e</name>
         <load_address>0x7854</load_address>
         <run_address>0x7854</run_address>
         <size>0x1ac</size>
         <input_file_ref idref="fl-67"/>
      </object_component>
      <object_component id="oc-4fe">
         <name>.text:create_name</name>
         <load_address>0x7a00</load_address>
         <run_address>0x7a00</run_address>
         <size>0x186</size>
         <input_file_ref idref="fl-5"/>
      </object_component>
      <object_component id="oc-516">
         <name>.text:put_fat</name>
         <load_address>0x7b86</load_address>
         <run_address>0x7b86</run_address>
         <size>0x184</size>
         <input_file_ref idref="fl-5"/>
      </object_component>
      <object_component id="oc-50a">
         <name>.text:dir_next</name>
         <load_address>0x7d0a</load_address>
         <run_address>0x7d0a</run_address>
         <size>0x182</size>
         <input_file_ref idref="fl-5"/>
      </object_component>
      <object_component id="oc-195">
         <name>.text:readFile</name>
         <load_address>0x7e8c</load_address>
         <run_address>0x7e8c</run_address>
         <size>0x170</size>
         <input_file_ref idref="fl-8"/>
      </object_component>
      <object_component id="oc-4b3">
         <name>.text:_getarg_diouxp</name>
         <load_address>0x7ffc</load_address>
         <run_address>0x7ffc</run_address>
         <size>0x168</size>
         <input_file_ref idref="fl-67"/>
      </object_component>
      <object_component id="oc-1dc">
         <name>.text:DetectGesture</name>
         <load_address>0x8164</load_address>
         <run_address>0x8164</run_address>
         <size>0x14a</size>
         <input_file_ref idref="fl-8"/>
      </object_component>
      <object_component id="oc-4f1">
         <name>.text:disk_initialize</name>
         <load_address>0x82ae</load_address>
         <run_address>0x82ae</run_address>
         <size>0x144</size>
         <input_file_ref idref="fl-4"/>
      </object_component>
      <object_component id="oc-3d1">
         <name>.text:_pproc_diouxp</name>
         <load_address>0x83f2</load_address>
         <run_address>0x83f2</run_address>
         <size>0x13e</size>
         <input_file_ref idref="fl-67"/>
      </object_component>
      <object_component id="oc-43d">
         <name>.text:get_fat</name>
         <load_address>0x8530</load_address>
         <run_address>0x8530</run_address>
         <size>0x13c</size>
         <input_file_ref idref="fl-5"/>
      </object_component>
      <object_component id="oc-4dc">
         <name>.text:__mspabi_cmpd</name>
         <load_address>0x866c</load_address>
         <run_address>0x866c</run_address>
         <size>0x138</size>
         <input_file_ref idref="fl-6b"/>
      </object_component>
      <object_component id="oc-11e">
         <name>.text:captureGesture</name>
         <load_address>0x87a4</load_address>
         <run_address>0x87a4</run_address>
         <size>0x138</size>
         <input_file_ref idref="fl-8"/>
      </object_component>
      <object_component id="oc-1ca">
         <name>.text</name>
         <load_address>0x88dc</load_address>
         <run_address>0x88dc</run_address>
         <size>0x130</size>
         <input_file_ref idref="fl-3e"/>
      </object_component>
      <object_component id="oc-550">
         <name>.text:create_chain</name>
         <load_address>0x8a0c</load_address>
         <run_address>0x8a0c</run_address>
         <size>0x12c</size>
         <input_file_ref idref="fl-5"/>
      </object_component>
      <object_component id="oc-413">
         <name>.text:dir_sdi</name>
         <load_address>0x8b38</load_address>
         <run_address>0x8b38</run_address>
         <size>0x10a</size>
         <input_file_ref idref="fl-5"/>
      </object_component>
      <object_component id="oc-4cd">
         <name>.text:_pconv_g</name>
         <load_address>0x8c42</load_address>
         <run_address>0x8c42</run_address>
         <size>0x108</size>
         <input_file_ref idref="fl-67"/>
      </object_component>
      <object_component id="oc-4b8">
         <name>.text:_ltostr</name>
         <load_address>0x8d4a</load_address>
         <run_address>0x8d4a</run_address>
         <size>0x106</size>
         <input_file_ref idref="fl-67"/>
      </object_component>
      <object_component id="oc-2d4">
         <name>.text:_pproc_fwp</name>
         <load_address>0x8e50</load_address>
         <run_address>0x8e50</run_address>
         <size>0xfe</size>
         <input_file_ref idref="fl-67"/>
      </object_component>
      <object_component id="oc-540">
         <name>.text:disk_ioctl</name>
         <load_address>0x8f4e</load_address>
         <run_address>0x8f4e</run_address>
         <size>0xfa</size>
         <input_file_ref idref="fl-4"/>
      </object_component>
      <object_component id="oc-460">
         <name>.text:sync</name>
         <load_address>0x9048</load_address>
         <run_address>0x9048</run_address>
         <size>0xf4</size>
         <input_file_ref idref="fl-5"/>
      </object_component>
      <object_component id="oc-2be">
         <name>.text:fputs</name>
         <load_address>0x913c</load_address>
         <run_address>0x913c</run_address>
         <size>0xea</size>
         <input_file_ref idref="fl-70"/>
      </object_component>
      <object_component id="oc-49e">
         <name>.text:setvbuf</name>
         <load_address>0x9226</load_address>
         <run_address>0x9226</run_address>
         <size>0xd0</size>
         <input_file_ref idref="fl-8d"/>
      </object_component>
      <object_component id="oc-428">
         <name>.text:move_window</name>
         <load_address>0x92f6</load_address>
         <run_address>0x92f6</run_address>
         <size>0xc8</size>
         <input_file_ref idref="fl-5"/>
      </object_component>
      <object_component id="oc-51c">
         <name>.text:disk_write</name>
         <load_address>0x93be</load_address>
         <run_address>0x93be</run_address>
         <size>0xc2</size>
         <input_file_ref idref="fl-4"/>
      </object_component>
      <object_component id="oc-1be">
         <name>.text</name>
         <load_address>0x9480</load_address>
         <run_address>0x9480</run_address>
         <size>0xc2</size>
         <input_file_ref idref="fl-41"/>
      </object_component>
      <object_component id="oc-743">
         <name>.text:__TI_renormd</name>
         <load_address>0x9542</load_address>
         <run_address>0x9542</run_address>
         <size>0xc0</size>
         <input_file_ref idref="fl-8c"/>
      </object_component>
      <object_component id="oc-b0">
         <name>.text:main</name>
         <load_address>0x9602</load_address>
         <run_address>0x9602</run_address>
         <size>0xba</size>
         <input_file_ref idref="fl-9"/>
      </object_component>
      <object_component id="oc-529">
         <name>.text:send_cmd</name>
         <load_address>0x96bc</load_address>
         <run_address>0x96bc</run_address>
         <size>0xb2</size>
         <input_file_ref idref="fl-4"/>
      </object_component>
      <object_component id="oc-373">
         <name>.text:__mspabi_fltlid</name>
         <load_address>0x976e</load_address>
         <run_address>0x976e</run_address>
         <size>0xb0</size>
         <input_file_ref idref="fl-3c"/>
      </object_component>
      <object_component id="oc-2de">
         <name>.text:_pproc_str</name>
         <load_address>0x981e</load_address>
         <run_address>0x981e</run_address>
         <size>0xac</size>
         <input_file_ref idref="fl-67"/>
      </object_component>
      <object_component id="oc-35f">
         <name>.text:f_sync</name>
         <load_address>0x98ca</load_address>
         <run_address>0x98ca</run_address>
         <size>0xaa</size>
         <input_file_ref idref="fl-5"/>
      </object_component>
      <object_component id="oc-40e">
         <name>.text:follow_path</name>
         <load_address>0x9974</load_address>
         <run_address>0x9974</run_address>
         <size>0xa8</size>
         <input_file_ref idref="fl-5"/>
      </object_component>
      <object_component id="oc-273">
         <name>.text:malloc</name>
         <load_address>0x9a1c</load_address>
         <run_address>0x9a1c</run_address>
         <size>0xa8</size>
         <input_file_ref idref="fl-5d"/>
      </object_component>
      <object_component id="oc-1e3">
         <name>.text:writeFile</name>
         <load_address>0x9ac4</load_address>
         <run_address>0x9ac4</run_address>
         <size>0xa8</size>
         <input_file_ref idref="fl-8"/>
      </object_component>
      <object_component id="oc-423">
         <name>.text:remove_chain</name>
         <load_address>0x9b6c</load_address>
         <run_address>0x9b6c</run_address>
         <size>0xa6</size>
         <input_file_ref idref="fl-5"/>
      </object_component>
      <object_component id="oc-9c">
         <name>.text:USCI_B1_ISR</name>
         <load_address>0x9c12</load_address>
         <run_address>0x9c12</run_address>
         <size>0xa0</size>
         <input_file_ref idref="fl-3"/>
      </object_component>
      <object_component id="oc-331">
         <name>.text:f_opendir</name>
         <load_address>0x9cb2</load_address>
         <run_address>0x9cb2</run_address>
         <size>0xa0</size>
         <input_file_ref idref="fl-5"/>
      </object_component>
      <object_component id="oc-1ba">
         <name>.text</name>
         <load_address>0x9d52</load_address>
         <run_address>0x9d52</run_address>
         <size>0x9a</size>
         <input_file_ref idref="fl-3f"/>
      </object_component>
      <object_component id="oc-447">
         <name>.text:disk_read</name>
         <load_address>0x9dec</load_address>
         <run_address>0x9dec</run_address>
         <size>0x96</size>
         <input_file_ref idref="fl-4"/>
      </object_component>
      <object_component id="oc-1b1">
         <name>.text:getMotion6</name>
         <load_address>0x9e82</load_address>
         <run_address>0x9e82</run_address>
         <size>0x94</size>
         <input_file_ref idref="fl-2"/>
      </object_component>
      <object_component id="oc-59e">
         <name>.text:_mcpy</name>
         <load_address>0x9f16</load_address>
         <run_address>0x9f16</run_address>
         <size>0x90</size>
         <input_file_ref idref="fl-67"/>
      </object_component>
      <object_component id="oc-2c4">
         <name>.text:fputc</name>
         <load_address>0x9fa6</load_address>
         <run_address>0x9fa6</run_address>
         <size>0x90</size>
         <input_file_ref idref="fl-6f"/>
      </object_component>
      <object_component id="oc-621">
         <name>.text:HOSTlseek</name>
         <load_address>0xa036</load_address>
         <run_address>0xa036</run_address>
         <size>0x8a</size>
         <input_file_ref idref="fl-81"/>
      </object_component>
      <object_component id="oc-6f0">
         <name>.text:__mspabi_fixdul</name>
         <load_address>0xa0c0</load_address>
         <run_address>0xa0c0</run_address>
         <size>0x8a</size>
         <input_file_ref idref="fl-6e"/>
      </object_component>
      <object_component id="oc-581">
         <name>.text:_div</name>
         <load_address>0xa14a</load_address>
         <run_address>0xa14a</run_address>
         <size>0x8a</size>
         <input_file_ref idref="fl-67"/>
      </object_component>
      <object_component id="oc-4f6">
         <name>.text:check_fs</name>
         <load_address>0xa1d4</load_address>
         <run_address>0xa1d4</run_address>
         <size>0x8a</size>
         <input_file_ref idref="fl-5"/>
      </object_component>
      <object_component id="oc-38a">
         <name>.text:__mspabi_fixdli</name>
         <load_address>0xa25e</load_address>
         <run_address>0xa25e</run_address>
         <size>0x88</size>
         <input_file_ref idref="fl-3a"/>
      </object_component>
      <object_component id="oc-599">
         <name>.text:_ecpy</name>
         <load_address>0xa2e6</load_address>
         <run_address>0xa2e6</run_address>
         <size>0x86</size>
         <input_file_ref idref="fl-67"/>
      </object_component>
      <object_component id="oc-180">
         <name>.text:setInterruptPin</name>
         <load_address>0xa36c</load_address>
         <run_address>0xa36c</run_address>
         <size>0x86</size>
         <input_file_ref idref="fl-2"/>
      </object_component>
      <object_component id="oc-419">
         <name>.text:dir_register</name>
         <load_address>0xa3f2</load_address>
         <run_address>0xa3f2</run_address>
         <size>0x84</size>
         <input_file_ref idref="fl-5"/>
      </object_component>
      <object_component id="oc-642">
         <name>.text:ltoa</name>
         <load_address>0xa476</load_address>
         <run_address>0xa476</run_address>
         <size>0x84</size>
         <input_file_ref idref="fl-73"/>
      </object_component>
      <object_component id="oc-4d2">
         <name>.text:_pconv_f</name>
         <load_address>0xa4fa</load_address>
         <run_address>0xa4fa</run_address>
         <size>0x80</size>
         <input_file_ref idref="fl-67"/>
      </object_component>
      <object_component id="oc-2af">
         <name>.text:free</name>
         <load_address>0xa57a</load_address>
         <run_address>0xa57a</run_address>
         <size>0x80</size>
         <input_file_ref idref="fl-5d"/>
      </object_component>
      <object_component id="oc-10f">
         <name>.text:loadFilesFromMem</name>
         <load_address>0xa5fa</load_address>
         <run_address>0xa5fa</run_address>
         <size>0x80</size>
         <input_file_ref idref="fl-8"/>
      </object_component>
      <object_component id="oc-3b4">
         <name>.text:__TI_wrt_ok</name>
         <load_address>0xa67a</load_address>
         <run_address>0xa67a</run_address>
         <size>0x7a</size>
         <input_file_ref idref="fl-85"/>
      </object_component>
      <object_component id="oc-ab">
         <name>.text:_auto_init_hold_wdt</name>
         <load_address>0xa6f4</load_address>
         <run_address>0xa6f4</run_address>
         <size>0x74</size>
         <input_file_ref idref="fl-6a"/>
      </object_component>
      <object_component id="oc-603">
         <name>.text:__TI_closefile</name>
         <load_address>0xa768</load_address>
         <run_address>0xa768</run_address>
         <size>0x70</size>
         <input_file_ref idref="fl-90"/>
      </object_component>
      <object_component id="oc-499">
         <name>.text:fseek</name>
         <load_address>0xa7d8</load_address>
         <run_address>0xa7d8</run_address>
         <size>0x70</size>
         <input_file_ref idref="fl-8b"/>
      </object_component>
      <object_component id="oc-211">
         <name>.text:initMPU</name>
         <load_address>0xa848</load_address>
         <run_address>0xa848</run_address>
         <size>0x6c</size>
         <input_file_ref idref="fl-2"/>
      </object_component>
      <object_component id="oc-62b">
         <name>.text:HOSTrename</name>
         <load_address>0xa8b4</load_address>
         <run_address>0xa8b4</run_address>
         <size>0x6a</size>
         <input_file_ref idref="fl-81"/>
      </object_component>
      <object_component id="oc-250">
         <name>.text:fat_init</name>
         <load_address>0xa91e</load_address>
         <run_address>0xa91e</run_address>
         <size>0x6a</size>
         <input_file_ref idref="fl-6"/>
      </object_component>
      <object_component id="oc-1c2">
         <name>.text</name>
         <load_address>0xa988</load_address>
         <run_address>0xa988</run_address>
         <size>0x68</size>
         <input_file_ref idref="fl-42"/>
      </object_component>
      <object_component id="oc-10a">
         <name>.text:initializeIMU</name>
         <load_address>0xa9f0</load_address>
         <run_address>0xa9f0</run_address>
         <size>0x66</size>
         <input_file_ref idref="fl-2"/>
      </object_component>
      <object_component id="oc-60d">
         <name>.text:HOSTopen</name>
         <load_address>0xaa56</load_address>
         <run_address>0xaa56</run_address>
         <size>0x64</size>
         <input_file_ref idref="fl-81"/>
      </object_component>
      <object_component id="oc-3be">
         <name>.text:__TI_doflush</name>
         <load_address>0xaaba</load_address>
         <run_address>0xaaba</run_address>
         <size>0x62</size>
         <input_file_ref idref="fl-88"/>
      </object_component>
      <object_component id="oc-61c">
         <name>.text:HOSTwrite</name>
         <load_address>0xab1c</load_address>
         <run_address>0xab1c</run_address>
         <size>0x60</size>
         <input_file_ref idref="fl-81"/>
      </object_component>
      <object_component id="oc-617">
         <name>.text:HOSTread</name>
         <load_address>0xab7c</load_address>
         <run_address>0xab7c</run_address>
         <size>0x5e</size>
         <input_file_ref idref="fl-81"/>
      </object_component>
      <object_component id="oc-ce">
         <name>.text:__TI_decompress_rle_core</name>
         <load_address>0xabda</load_address>
         <run_address>0xabda</run_address>
         <size>0x5e</size>
         <input_file_ref idref="fl-30"/>
      </object_component>
      <object_component id="oc-586">
         <name>.text:__mpyll</name>
         <load_address>0xac38</load_address>
         <run_address>0xac38</run_address>
         <size>0x5e</size>
         <input_file_ref idref="fl-77"/>
      </object_component>
      <object_component id="oc-503">
         <name>.text:dir_find</name>
         <load_address>0xac96</load_address>
         <run_address>0xac96</run_address>
         <size>0x5e</size>
         <input_file_ref idref="fl-5"/>
      </object_component>
      <object_component id="oc-255">
         <name>.text:f_gets</name>
         <load_address>0xacf4</load_address>
         <run_address>0xacf4</run_address>
         <size>0x5e</size>
         <input_file_ref idref="fl-5"/>
      </object_component>
      <object_component id="oc-439">
         <name>.text:l_lsr_const</name>
         <load_address>0xad52</load_address>
         <run_address>0xad52</run_address>
         <size>0x5c</size>
         <input_file_ref idref="fl-5b"/>
      </object_component>
      <object_component id="oc-293">
         <name>.text:readBytes</name>
         <load_address>0xadae</load_address>
         <run_address>0xadae</run_address>
         <size>0x5c</size>
         <input_file_ref idref="fl-2"/>
      </object_component>
      <object_component id="oc-5e5">
         <name>.text:xmit_datablock</name>
         <load_address>0xae0a</load_address>
         <run_address>0xae0a</run_address>
         <size>0x5a</size>
         <input_file_ref idref="fl-4"/>
      </object_component>
      <object_component id="oc-3ad">
         <name>.text</name>
         <load_address>0xae64</load_address>
         <run_address>0xae64</run_address>
         <size>0x58</size>
         <input_file_ref idref="fl-35"/>
      </object_component>
      <object_component id="oc-58d">
         <name>.text:_Dtest</name>
         <load_address>0xaebc</load_address>
         <run_address>0xaebc</run_address>
         <size>0x56</size>
         <input_file_ref idref="fl-84"/>
      </object_component>
      <object_component id="oc-701">
         <name>.text:getdevice</name>
         <load_address>0xaf12</load_address>
         <run_address>0xaf12</run_address>
         <size>0x56</size>
         <input_file_ref idref="fl-72"/>
      </object_component>
      <object_component id="oc-52e">
         <name>.text:rcvr_datablock</name>
         <load_address>0xaf68</load_address>
         <run_address>0xaf68</run_address>
         <size>0x56</size>
         <input_file_ref idref="fl-4"/>
      </object_component>
      <object_component id="oc-30e">
         <name>.text:I2CendTransmission</name>
         <load_address>0xafbe</load_address>
         <run_address>0xafbe</run_address>
         <size>0x54</size>
         <input_file_ref idref="fl-3"/>
      </object_component>
      <object_component id="oc-25f">
         <name>.text:atoi</name>
         <load_address>0xb012</load_address>
         <run_address>0xb012</run_address>
         <size>0x54</size>
         <input_file_ref idref="fl-2c"/>
      </object_component>
      <object_component id="oc-114">
         <name>.text:detectDoubleTap</name>
         <load_address>0xb066</load_address>
         <run_address>0xb066</run_address>
         <size>0x54</size>
         <input_file_ref idref="fl-2"/>
      </object_component>
      <object_component id="oc-394">
         <name>.text:I2CrequestFrom</name>
         <load_address>0xb0ba</load_address>
         <run_address>0xb0ba</run_address>
         <size>0x52</size>
         <input_file_ref idref="fl-3"/>
      </object_component>
      <object_component id="oc-21a">
         <name>.text:writeBit</name>
         <load_address>0xb10c</load_address>
         <run_address>0xb10c</run_address>
         <size>0x50</size>
         <input_file_ref idref="fl-2"/>
      </object_component>
      <object_component id="oc-5a9">
         <name>.text:_fcpy</name>
         <load_address>0xb15c</load_address>
         <run_address>0xb15c</run_address>
         <size>0x4e</size>
         <input_file_ref idref="fl-67"/>
      </object_component>
      <object_component id="oc-37a">
         <name>.text</name>
         <load_address>0xb1aa</load_address>
         <run_address>0xb1aa</run_address>
         <size>0x4c</size>
         <input_file_ref idref="fl-5a"/>
      </object_component>
      <object_component id="oc-25a">
         <name>.text:strtok</name>
         <load_address>0xb1f6</load_address>
         <run_address>0xb1f6</run_address>
         <size>0x4c</size>
         <input_file_ref idref="fl-65"/>
      </object_component>
      <object_component id="oc-5bc">
         <name>.text:SDCard_init</name>
         <load_address>0xb242</load_address>
         <run_address>0xb242</run_address>
         <size>0x4a</size>
         <input_file_ref idref="fl-7"/>
      </object_component>
      <object_component id="oc-632">
         <name>.text:__mspabi_srlll</name>
         <load_address>0xb28c</load_address>
         <run_address>0xb28c</run_address>
         <size>0x4a</size>
         <input_file_ref idref="fl-71"/>
      </object_component>
      <object_component id="oc-67f">
         <name>.text:close</name>
         <load_address>0xb2d6</load_address>
         <run_address>0xb2d6</run_address>
         <size>0x4a</size>
         <input_file_ref idref="fl-72"/>
      </object_component>
      <object_component id="oc-6da">
         <name>.text:__mspabi_sllll</name>
         <load_address>0xb320</load_address>
         <run_address>0xb320</run_address>
         <size>0x48</size>
         <input_file_ref idref="fl-71"/>
      </object_component>
      <object_component id="oc-123">
         <name>.text:endGesture</name>
         <load_address>0xb368</load_address>
         <run_address>0xb368</run_address>
         <size>0x46</size>
         <input_file_ref idref="fl-8"/>
      </object_component>
      <object_component id="oc-2cf">
         <name>.text:_pproc_fflags</name>
         <load_address>0xb3ae</load_address>
         <run_address>0xb3ae</run_address>
         <size>0x44</size>
         <input_file_ref idref="fl-67"/>
      </object_component>
      <object_component id="oc-612">
         <name>.text:HOSTclose</name>
         <load_address>0xb3f2</load_address>
         <run_address>0xb3f2</run_address>
         <size>0x42</size>
         <input_file_ref idref="fl-81"/>
      </object_component>
      <object_component id="oc-3a3">
         <name>.text:f_putc</name>
         <load_address>0xb434</load_address>
         <run_address>0xb434</run_address>
         <size>0x42</size>
         <input_file_ref idref="fl-5"/>
      </object_component>
      <object_component id="oc-626">
         <name>.text:HOSTunlink</name>
         <load_address>0xb476</load_address>
         <run_address>0xb476</run_address>
         <size>0x40</size>
         <input_file_ref idref="fl-81"/>
      </object_component>
      <object_component id="oc-12e">
         <name>.text:flashBothLEDs</name>
         <load_address>0xb4b6</load_address>
         <run_address>0xb4b6</run_address>
         <size>0x40</size>
         <input_file_ref idref="fl-a"/>
      </object_component>
      <object_component id="oc-6e3">
         <name>.text</name>
         <load_address>0xb4f6</load_address>
         <run_address>0xb4f6</run_address>
         <size>0x40</size>
         <input_file_ref idref="fl-87"/>
      </object_component>
      <object_component id="oc-442">
         <name>.text:clust2sect</name>
         <load_address>0xb536</load_address>
         <run_address>0xb536</run_address>
         <size>0x3e</size>
         <input_file_ref idref="fl-5"/>
      </object_component>
      <object_component id="oc-477">
         <name>.text:l_asr_const</name>
         <load_address>0xb574</load_address>
         <run_address>0xb574</run_address>
         <size>0x3e</size>
         <input_file_ref idref="fl-69"/>
      </object_component>
      <object_component id="oc-42d">
         <name>.text:l_lsl_const</name>
         <load_address>0xb5b2</load_address>
         <run_address>0xb5b2</run_address>
         <size>0x3e</size>
         <input_file_ref idref="fl-59"/>
      </object_component>
      <object_component id="oc-129">
         <name>.text:printf</name>
         <load_address>0xb5f0</load_address>
         <run_address>0xb5f0</run_address>
         <size>0x3c</size>
         <input_file_ref idref="fl-62"/>
      </object_component>
      <object_component id="oc-36a">
         <name>.text:minit</name>
         <load_address>0xb62c</load_address>
         <run_address>0xb62c</run_address>
         <size>0x38</size>
         <input_file_ref idref="fl-5d"/>
      </object_component>
      <object_component id="oc-246">
         <name>.text:sprintf</name>
         <load_address>0xb664</load_address>
         <run_address>0xb664</run_address>
         <size>0x38</size>
         <input_file_ref idref="fl-63"/>
      </object_component>
      <object_component id="oc-647">
         <name>.text:__mspabi_subd</name>
         <load_address>0xb69c</load_address>
         <run_address>0xb69c</run_address>
         <size>0x36</size>
         <input_file_ref idref="fl-7f"/>
      </object_component>
      <object_component id="oc-1b6">
         <name>.text</name>
         <load_address>0xb6d2</load_address>
         <run_address>0xb6d2</run_address>
         <size>0x36</size>
         <input_file_ref idref="fl-40"/>
      </object_component>
      <object_component id="oc-66c">
         <name>.text:wait_ready</name>
         <load_address>0xb708</load_address>
         <run_address>0xb708</run_address>
         <size>0x36</size>
         <input_file_ref idref="fl-4"/>
      </object_component>
      <object_component id="oc-55d">
         <name>.text:__TI_cleanup</name>
         <load_address>0xb73e</load_address>
         <run_address>0xb73e</run_address>
         <size>0x34</size>
         <input_file_ref idref="fl-8f"/>
      </object_component>
      <object_component id="oc-2f9">
         <name>.text:readByte</name>
         <load_address>0xb772</load_address>
         <run_address>0xb772</run_address>
         <size>0x34</size>
         <input_file_ref idref="fl-2"/>
      </object_component>
      <object_component id="oc-663">
         <name>.text:SDCard_readFrame</name>
         <load_address>0xb7a6</load_address>
         <run_address>0xb7a6</run_address>
         <size>0x32</size>
         <input_file_ref idref="fl-7"/>
      </object_component>
      <object_component id="oc-733">
         <name>.text:finddevice</name>
         <load_address>0xb7d8</load_address>
         <run_address>0xb7d8</run_address>
         <size>0x32</size>
         <input_file_ref idref="fl-72"/>
      </object_component>
      <object_component id="oc-694">
         <name>.text:__TI_writemsg</name>
         <load_address>0xb80a</load_address>
         <run_address>0xb80a</run_address>
         <size>0x2e</size>
         <input_file_ref idref="fl-82"/>
      </object_component>
      <object_component id="oc-26d">
         <name>.text:f_mount</name>
         <load_address>0xb838</load_address>
         <run_address>0xb838</run_address>
         <size>0x2e</size>
         <input_file_ref idref="fl-5"/>
      </object_component>
      <object_component id="oc-3a8">
         <name>.text:f_puts</name>
         <load_address>0xb866</load_address>
         <run_address>0xb866</run_address>
         <size>0x2e</size>
         <input_file_ref idref="fl-5"/>
      </object_component>
      <object_component id="oc-69a">
         <name>.text:__TI_readmsg</name>
         <load_address>0xb894</load_address>
         <run_address>0xb894</run_address>
         <size>0x2c</size>
         <input_file_ref idref="fl-82"/>
      </object_component>
      <object_component id="oc-287">
         <name>.text:freeArray</name>
         <load_address>0xb8c0</load_address>
         <run_address>0xb8c0</run_address>
         <size>0x2c</size>
         <input_file_ref idref="fl-8"/>
      </object_component>
      <object_component id="oc-105">
         <name>.text:msDelay</name>
         <load_address>0xb8ec</load_address>
         <run_address>0xb8ec</run_address>
         <size>0x2c</size>
         <input_file_ref idref="fl-2"/>
      </object_component>
      <object_component id="oc-47b">
         <name>.text</name>
         <load_address>0xb918</load_address>
         <run_address>0xb918</run_address>
         <size>0x2c</size>
         <input_file_ref idref="fl-2b"/>
      </object_component>
      <object_component id="oc-264">
         <name>.text</name>
         <load_address>0xb944</load_address>
         <run_address>0xb944</run_address>
         <size>0x2c</size>
         <input_file_ref idref="fl-33"/>
      </object_component>
      <object_component id="oc-2fe">
         <name>.text</name>
         <load_address>0xb970</load_address>
         <run_address>0xb970</run_address>
         <size>0x2c</size>
         <input_file_ref idref="fl-58"/>
      </object_component>
      <object_component id="oc-72e">
         <name>.text:strncpy</name>
         <load_address>0xb99c</load_address>
         <run_address>0xb99c</run_address>
         <size>0x2c</size>
         <input_file_ref idref="fl-7d"/>
      </object_component>
      <object_component id="oc-434">
         <name>.text:validate</name>
         <load_address>0xb9c8</load_address>
         <run_address>0xb9c8</run_address>
         <size>0x2c</size>
         <input_file_ref idref="fl-5"/>
      </object_component>
      <object_component id="oc-678">
         <name>.text:SDCard_sendFrame</name>
         <load_address>0xb9f4</load_address>
         <run_address>0xb9f4</run_address>
         <size>0x2a</size>
         <input_file_ref idref="fl-7"/>
      </object_component>
      <object_component id="oc-4c8">
         <name>.text:__mspabi_negd</name>
         <load_address>0xba1e</load_address>
         <run_address>0xba1e</run_address>
         <size>0x2a</size>
         <input_file_ref idref="fl-78"/>
      </object_component>
      <object_component id="oc-b5">
         <name>.text:exit</name>
         <load_address>0xba48</load_address>
         <run_address>0xba48</run_address>
         <size>0x2a</size>
         <input_file_ref idref="fl-38"/>
      </object_component>
      <object_component id="oc-1a2">
         <name>.text:flashLED2</name>
         <load_address>0xba72</load_address>
         <run_address>0xba72</run_address>
         <size>0x2a</size>
         <input_file_ref idref="fl-a"/>
      </object_component>
      <object_component id="oc-282">
         <name>.text:__mspabi_fixdi</name>
         <load_address>0xba9c</load_address>
         <run_address>0xba9c</run_address>
         <size>0x28</size>
         <input_file_ref idref="fl-39"/>
      </object_component>
      <object_component id="oc-34a">
         <name>.text:strspn</name>
         <load_address>0xbac4</load_address>
         <run_address>0xbac4</run_address>
         <size>0x28</size>
         <input_file_ref idref="fl-7e"/>
      </object_component>
      <object_component id="oc-685">
         <name>.text:unlink</name>
         <load_address>0xbaec</load_address>
         <run_address>0xbaec</run_address>
         <size>0x28</size>
         <input_file_ref idref="fl-72"/>
      </object_component>
      <object_component id="oc-119">
         <name>.text:flashLED1</name>
         <load_address>0xbb14</load_address>
         <run_address>0xbb14</run_address>
         <size>0x26</size>
         <input_file_ref idref="fl-a"/>
      </object_component>
      <object_component id="oc-556">
         <name>.text:lseek</name>
         <load_address>0xbb3a</load_address>
         <run_address>0xbb3a</run_address>
         <size>0x26</size>
         <input_file_ref idref="fl-72"/>
      </object_component>
      <object_component id="oc-34f">
         <name>.text:strcspn</name>
         <load_address>0xbb60</load_address>
         <run_address>0xbb60</run_address>
         <size>0x26</size>
         <input_file_ref idref="fl-7b"/>
      </object_component>
      <object_component id="oc-3c3">
         <name>.text:write</name>
         <load_address>0xbb86</load_address>
         <run_address>0xbb86</run_address>
         <size>0x24</size>
         <input_file_ref idref="fl-72"/>
      </object_component>
      <object_component id="oc-a1">
         <name>.text:Port_1</name>
         <load_address>0xbbaa</load_address>
         <run_address>0xbbaa</run_address>
         <size>0x22</size>
         <input_file_ref idref="fl-9"/>
      </object_component>
      <object_component id="oc-4ec">
         <name>.text:disk_status</name>
         <load_address>0xbbcc</load_address>
         <run_address>0xbbcc</run_address>
         <size>0x20</size>
         <input_file_ref idref="fl-4"/>
      </object_component>
      <object_component id="oc-473">
         <name>.text</name>
         <load_address>0xbbec</load_address>
         <run_address>0xbbec</run_address>
         <size>0x20</size>
         <input_file_ref idref="fl-60"/>
      </object_component>
      <object_component id="oc-21f">
         <name>.text:writeByte</name>
         <load_address>0xbc0c</load_address>
         <run_address>0xbc0c</run_address>
         <size>0x20</size>
         <input_file_ref idref="fl-2"/>
      </object_component>
      <object_component id="oc-4c3">
         <name>.text:_Dclass</name>
         <load_address>0xbc2c</load_address>
         <run_address>0xbc2c</run_address>
         <size>0x1c</size>
         <input_file_ref idref="fl-83"/>
      </object_component>
      <object_component id="oc-72">
         <name>.text:_c_int00_noargs</name>
         <load_address>0xbc48</load_address>
         <run_address>0xbc48</run_address>
         <size>0x1c</size>
         <input_file_ref idref="fl-2d"/>
      </object_component>
      <object_component id="oc-3db">
         <name>.text:memccpy</name>
         <load_address>0xbc64</load_address>
         <run_address>0xbc64</run_address>
         <size>0x1c</size>
         <input_file_ref idref="fl-74"/>
      </object_component>
      <object_component id="oc-16c">
         <name>.text:setClockSource</name>
         <load_address>0xbc80</load_address>
         <run_address>0xbc80</run_address>
         <size>0x1c</size>
         <input_file_ref idref="fl-2"/>
      </object_component>
      <object_component id="oc-17b">
         <name>.text:setDLPFConfig</name>
         <load_address>0xbc9c</load_address>
         <run_address>0xbc9c</run_address>
         <size>0x1c</size>
         <input_file_ref idref="fl-2"/>
      </object_component>
      <object_component id="oc-31c">
         <name>.text:_outs</name>
         <load_address>0xbcb8</load_address>
         <run_address>0xbcb8</run_address>
         <size>0x1a</size>
         <input_file_ref idref="fl-63"/>
      </object_component>
      <object_component id="oc-176">
         <name>.text:setFullScaleAccelRange</name>
         <load_address>0xbcd2</load_address>
         <run_address>0xbcd2</run_address>
         <size>0x1a</size>
         <input_file_ref idref="fl-2"/>
      </object_component>
      <object_component id="oc-171">
         <name>.text:setFullScaleGyroRange</name>
         <load_address>0xbcec</load_address>
         <run_address>0xbcec</run_address>
         <size>0x1a</size>
         <input_file_ref idref="fl-2"/>
      </object_component>
      <object_component id="oc-24b">
         <name>.text:strcat</name>
         <load_address>0xbd06</load_address>
         <run_address>0xbd06</run_address>
         <size>0x1a</size>
         <input_file_ref idref="fl-64"/>
      </object_component>
      <object_component id="oc-5ed">
         <name>.text:select</name>
         <load_address>0xbd20</load_address>
         <run_address>0xbd20</run_address>
         <size>0x18</size>
         <input_file_ref idref="fl-4"/>
      </object_component>
      <object_component id="oc-729">
         <name>.text:strchr</name>
         <load_address>0xbd38</load_address>
         <run_address>0xbd38</run_address>
         <size>0x18</size>
         <input_file_ref idref="fl-79"/>
      </object_component>
      <object_component id="oc-752">
         <name>.text:strcmp</name>
         <load_address>0xbd50</load_address>
         <run_address>0xbd50</run_address>
         <size>0x18</size>
         <input_file_ref idref="fl-7a"/>
      </object_component>
      <object_component id="oc-399">
         <name>.text:I2Cread</name>
         <load_address>0xbd68</load_address>
         <run_address>0xbd68</run_address>
         <size>0x16</size>
         <input_file_ref idref="fl-3"/>
      </object_component>
      <object_component id="oc-100">
         <name>.text:ledInit</name>
         <load_address>0xbd7e</load_address>
         <run_address>0xbd7e</run_address>
         <size>0x16</size>
         <input_file_ref idref="fl-a"/>
      </object_component>
      <object_component id="oc-35a">
         <name>.text</name>
         <load_address>0xbd94</load_address>
         <run_address>0xbd94</run_address>
         <size>0x16</size>
         <input_file_ref idref="fl-34"/>
      </object_component>
      <object_component id="oc-5d4">
         <name>.text:chk_chr</name>
         <load_address>0xbdaa</load_address>
         <run_address>0xbdaa</run_address>
         <size>0x14</size>
         <input_file_ref idref="fl-5"/>
      </object_component>
      <object_component id="oc-89">
         <name>.text:decompress:ZI:__TI_zero_init</name>
         <load_address>0xbdbe</load_address>
         <run_address>0xbdbe</run_address>
         <size>0x14</size>
         <input_file_ref idref="fl-31"/>
      </object_component>
      <object_component id="oc-268">
         <name>.text:f_close</name>
         <load_address>0xbdd2</load_address>
         <run_address>0xbdd2</run_address>
         <size>0x14</size>
         <input_file_ref idref="fl-5"/>
      </object_component>
      <object_component id="oc-5da">
         <name>.text:mem_cmp</name>
         <load_address>0xbde6</load_address>
         <run_address>0xbde6</run_address>
         <size>0x14</size>
         <input_file_ref idref="fl-5"/>
      </object_component>
      <object_component id="oc-3b9">
         <name>.text:memchr</name>
         <load_address>0xbdfa</load_address>
         <run_address>0xbdfa</run_address>
         <size>0x14</size>
         <input_file_ref idref="fl-75"/>
      </object_component>
      <object_component id="oc-315">
         <name>.text:memset</name>
         <load_address>0xbe0e</load_address>
         <run_address>0xbe0e</run_address>
         <size>0x14</size>
         <input_file_ref idref="fl-5e"/>
      </object_component>
      <object_component id="oc-18e">
         <name>.text</name>
         <load_address>0xbe22</load_address>
         <run_address>0xbe22</run_address>
         <size>0x14</size>
         <input_file_ref idref="fl-5f"/>
      </object_component>
      <object_component id="oc-185">
         <name>.text:setSleepEnabled</name>
         <load_address>0xbe36</load_address>
         <run_address>0xbe36</run_address>
         <size>0x14</size>
         <input_file_ref idref="fl-2"/>
      </object_component>
      <object_component id="oc-5cc">
         <name>.text:SDCard_fastMode</name>
         <load_address>0xbe4a</load_address>
         <run_address>0xbe4a</run_address>
         <size>0x12</size>
         <input_file_ref idref="fl-7"/>
      </object_component>
      <object_component id="oc-64c">
         <name>.text:__mspabi_fixdu</name>
         <load_address>0xbe5c</load_address>
         <run_address>0xbe5c</run_address>
         <size>0x12</size>
         <input_file_ref idref="fl-6d"/>
      </object_component>
      <object_component id="oc-321">
         <name>.text:_outc</name>
         <load_address>0xbe6e</load_address>
         <run_address>0xbe6e</run_address>
         <size>0x12</size>
         <input_file_ref idref="fl-63"/>
      </object_component>
      <object_component id="oc-84">
         <name>.text:decompress:none:__TI_decompress_none</name>
         <load_address>0xbe80</load_address>
         <run_address>0xbe80</run_address>
         <size>0x12</size>
         <input_file_ref idref="fl-2f"/>
      </object_component>
      <object_component id="oc-533">
         <name>.text:deselect</name>
         <load_address>0xbe92</load_address>
         <run_address>0xbe92</run_address>
         <size>0x12</size>
         <input_file_ref idref="fl-4"/>
      </object_component>
      <object_component id="oc-483">
         <name>.text:l_lsr</name>
         <load_address>0xbea4</load_address>
         <run_address>0xbea4</run_address>
         <size>0x12</size>
         <input_file_ref idref="fl-5b"/>
      </object_component>
      <object_component id="oc-bb">
         <name>.text:memcpy</name>
         <load_address>0xbeb6</load_address>
         <run_address>0xbeb6</run_address>
         <size>0x12</size>
         <input_file_ref idref="fl-5c"/>
      </object_component>
      <object_component id="oc-73f">
         <name>.text:l_asr</name>
         <load_address>0xbec8</load_address>
         <run_address>0xbec8</run_address>
         <size>0x10</size>
         <input_file_ref idref="fl-69"/>
      </object_component>
      <object_component id="oc-5fa">
         <name>.text:l_lsl</name>
         <load_address>0xbed8</load_address>
         <run_address>0xbed8</run_address>
         <size>0x10</size>
         <input_file_ref idref="fl-59"/>
      </object_component>
      <object_component id="oc-44c">
         <name>.text:mem_cpy</name>
         <load_address>0xbee8</load_address>
         <run_address>0xbee8</run_address>
         <size>0x10</size>
         <input_file_ref idref="fl-5"/>
      </object_component>
      <object_component id="oc-50f">
         <name>.text:mem_set</name>
         <load_address>0xbef8</load_address>
         <run_address>0xbef8</run_address>
         <size>0x10</size>
         <input_file_ref idref="fl-5"/>
      </object_component>
      <object_component id="oc-fa">
         <name>.text</name>
         <load_address>0xbf08</load_address>
         <run_address>0xbf08</run_address>
         <size>0x10</size>
         <input_file_ref idref="fl-37"/>
      </object_component>
      <object_component id="oc-6cf">
         <name>.text:strcpy</name>
         <load_address>0xbf18</load_address>
         <run_address>0xbf18</run_address>
         <size>0x10</size>
         <input_file_ref idref="fl-8e"/>
      </object_component>
      <object_component id="oc-304">
         <name>.text:I2CbeginTransmission</name>
         <load_address>0xbf28</load_address>
         <run_address>0xbf28</run_address>
         <size>0xe</size>
         <input_file_ref idref="fl-3"/>
      </object_component>
      <object_component id="oc-309">
         <name>.text:I2Cwrite</name>
         <load_address>0xbf36</load_address>
         <run_address>0xbf36</run_address>
         <size>0xe</size>
         <input_file_ref idref="fl-3"/>
      </object_component>
      <object_component id="oc-2ca">
         <name>.text:strlen</name>
         <load_address>0xbf44</load_address>
         <run_address>0xbf44</run_address>
         <size>0xe</size>
         <input_file_ref idref="fl-7c"/>
      </object_component>
      <object_component id="oc-278">
         <name>.text:__mspabi_fltid</name>
         <load_address>0xbf52</load_address>
         <run_address>0xbf52</run_address>
         <size>0xc</size>
         <input_file_ref idref="fl-3b"/>
      </object_component>
      <object_component id="oc-4be">
         <name>.text:toupper</name>
         <load_address>0xbf5e</load_address>
         <run_address>0xbf5e</run_address>
         <size>0xc</size>
         <input_file_ref idref="fl-80"/>
      </object_component>
      <object_component id="oc-1aa">
         <name>.text:abs</name>
         <load_address>0xbf6a</load_address>
         <run_address>0xbf6a</run_address>
         <size>0xa</size>
         <input_file_ref idref="fl-2a"/>
      </object_component>
      <object_component id="oc-41e">
         <name>.text:get_fattime</name>
         <load_address>0xbf74</load_address>
         <run_address>0xbf74</run_address>
         <size>0xa</size>
         <input_file_ref idref="fl-4"/>
      </object_component>
      <object_component id="oc-5c1">
         <name>.text:SDCard_setCSHigh</name>
         <load_address>0xbf7e</load_address>
         <run_address>0xbf7e</run_address>
         <size>0x8</size>
         <input_file_ref idref="fl-7"/>
      </object_component>
      <object_component id="oc-672">
         <name>.text:SDCard_setCSLow</name>
         <load_address>0xbf86</load_address>
         <run_address>0xbf86</run_address>
         <size>0x8</size>
         <input_file_ref idref="fl-7"/>
      </object_component>
      <object_component id="oc-241">
         <name>.text:bzero</name>
         <load_address>0xbf8e</load_address>
         <run_address>0xbf8e</run_address>
         <size>0x8</size>
         <input_file_ref idref="fl-2e"/>
      </object_component>
      <object_component id="oc-98">
         <name>.text:__TI_ISR_TRAP</name>
         <load_address>0xbf96</load_address>
         <run_address>0xbf96</run_address>
         <size>0x6</size>
         <input_file_ref idref="fl-57"/>
      </object_component>
      <object_component id="oc-1f0">
         <name>.text:_outc</name>
         <load_address>0xbf9c</load_address>
         <run_address>0xbf9c</run_address>
         <size>0x6</size>
         <input_file_ref idref="fl-62"/>
      </object_component>
      <object_component id="oc-8e">
         <name>.text:decompress:rle24:__TI_decompress_rle24</name>
[...]
      <symbol id="sm-a8c">
         <name>__mspabi_srli_9</name>
         <value>0xb1d0</value>
         <object_component_ref idref="oc-37a"/>
      </symbol>
      <symbol id="sm-a8d">
         <name>__mspabi_srli_6</name>
         <value>0xb1dc</value>
         <object_component_ref idref="oc-37a"/>
      </symbol>
      <symbol id="sm-a8e">
         <name>__mspabi_srli_7</name>
         <value>0xb1d8</value>
         <object_component_ref idref="oc-37a"/>
      </symbol>
      <symbol id="sm-a8f">
         <name>__mspabi_srli_4</name>
         <value>0xb1e4</value>
         <object_component_ref idref="oc-37a"/>
      </symbol>
      <symbol id="sm-a90">
         <name>__mspabi_srli_5</name>
         <value>0xb1e0</value>
         <object_component_ref idref="oc-37a"/>
      </symbol>
      <symbol id="sm-a91">
         <name>__mspabi_srli_2</name>
         <value>0xb1ec</value>
         <object_component_ref idref="oc-37a"/>
      </symbol>
      <symbol id="sm-a92">
         <name>__mspabi_srli_3</name>
         <value>0xb1e8</value>
         <object_component_ref idref="oc-37a"/>
      </symbol>
      <symbol id="sm-a93">
         <name>__mspabi_srli_1</name>
         <value>0xb1f0</value>
         <object_component_ref idref="oc-37a"/>
      </symbol>
      <symbol id="sm-a94">
         <name>__mspabi_srli</name>
         <value>0xb1aa</value>
         <object_component_ref idref="oc-37a"/>
      </symbol>
      <symbol id="sm-a95">
         <name>__mspabi_srli_15</name>
         <value>0xb1b8</value>
         <object_component_ref idref="oc-37a"/>
      </symbol>
      <symbol id="sm-a96">
         <name>__mspabi_srli_14</name>
         <value>0xb1bc</value>
         <object_component_ref idref="oc-37a"/>
      </symbol>
      <symbol id="sm-a97">
         <name>__mspabi_srli_13</name>
         <value>0xb1c0</value>
         <object_component_ref idref="oc-37a"/>
      </symbol>
      <symbol id="sm-a98">
         <name>__mspabi_srli_12</name>
         <value>0xb1c4</value>
         <object_component_ref idref="oc-37a"/>
      </symbol>
      <symbol id="sm-a99">
         <name>__mspabi_srli_11</name>
         <value>0xb1c8</value>
         <object_component_ref idref="oc-37a"/>
      </symbol>
      <symbol id="sm-a9a">
         <name>__mspabi_srli_10</name>
         <value>0xb1cc</value>
         <object_component_ref idref="oc-37a"/>
      </symbol>
      <symbol id="sm-aa8">
         <name>__mspabi_srll_8</name>
         <value>0xad7c</value>
         <object_component_ref idref="oc-439"/>
      </symbol>
      <symbol id="sm-aa9">
         <name>__mspabi_srll_9</name>
         <value>0xad76</value>
         <object_component_ref idref="oc-439"/>
      </symbol>
      <symbol id="sm-aaa">
         <name>__mspabi_srll_6</name>
         <value>0xad88</value>
         <object_component_ref idref="oc-439"/>
      </symbol>
      <symbol id="sm-aab">
         <name>__mspabi_srll_7</name>
         <value>0xad82</value>
         <object_component_ref idref="oc-439"/>
      </symbol>
      <symbol id="sm-aac">
         <name>__mspabi_srll_4</name>
         <value>0xad94</value>
         <object_component_ref idref="oc-439"/>
      </symbol>
      <symbol id="sm-aad">
         <name>__mspabi_srll_5</name>
         <value>0xad8e</value>
         <object_component_ref idref="oc-439"/>
      </symbol>
      <symbol id="sm-aae">
         <name>__mspabi_srll_2</name>
         <value>0xada0</value>
         <object_component_ref idref="oc-439"/>
      </symbol>
      <symbol id="sm-aaf">
         <name>__mspabi_srll_3</name>
         <value>0xad9a</value>
         <object_component_ref idref="oc-439"/>
      </symbol>
      <symbol id="sm-ab0">
         <name>__mspabi_srll_1</name>
         <value>0xada6</value>
         <object_component_ref idref="oc-439"/>
      </symbol>
      <symbol id="sm-ab1">
         <name>__mspabi_srll_15</name>
         <value>0xad52</value>
         <object_component_ref idref="oc-439"/>
      </symbol>
      <symbol id="sm-ab2">
         <name>__mspabi_srll_14</name>
         <value>0xad58</value>
         <object_component_ref idref="oc-439"/>
      </symbol>
      <symbol id="sm-ab3">
         <name>__mspabi_srll_13</name>
         <value>0xad5e</value>
         <object_component_ref idref="oc-439"/>
      </symbol>
      <symbol id="sm-ab4">
         <name>__mspabi_srll_12</name>
         <value>0xad64</value>
         <object_component_ref idref="oc-439"/>
      </symbol>
      <symbol id="sm-ab5">
         <name>__mspabi_srll_11</name>
         <value>0xad6a</value>
         <object_component_ref idref="oc-439"/>
      </symbol>
      <symbol id="sm-ab6">
         <name>__mspabi_srll_10</name>
         <value>0xad70</value>
         <object_component_ref idref="oc-439"/>
      </symbol>
      <symbol id="sm-ab7">
         <name>__mspabi_srll</name>
         <value>0xbea4</value>
         <object_component_ref idref="oc-483"/>
      </symbol>
      <symbol id="sm-ac4">
         <name>memcpy</name>
         <value>0xbeb6</value>
         <object_component_ref idref="oc-bb"/>
      </symbol>
      <symbol id="sm-b0a">
         <name>_sys_memory</name>
         <value>0x308c</value>
         <object_component_ref idref="oc-96"/>
      </symbol>
      <symbol id="sm-b0b">
         <name>free</name>
         <value>0xa57a</value>
         <object_component_ref idref="oc-2af"/>
      </symbol>
      <symbol id="sm-b0c">
         <name>malloc</name>
         <value>0x9a1c</value>
         <object_component_ref idref="oc-273"/>
      </symbol>
      <symbol id="sm-b0d">
         <name>minit</name>
         <value>0xb62c</value>
         <object_component_ref idref="oc-36a"/>
      </symbol>
      <symbol id="sm-b1a">
         <name>memset</name>
         <value>0xbe0e</value>
         <object_component_ref idref="oc-315"/>
      </symbol>
      <symbol id="sm-b21">
         <name>__mspabi_mpyi_f5hw</name>
         <value>0xbe22</value>
         <object_component_ref idref="oc-18e"/>
      </symbol>
      <symbol id="sm-b28">
         <name>__mspabi_mpyl_f5hw</name>
         <value>0xbbec</value>
         <object_component_ref idref="oc-473"/>
      </symbol>
      <symbol id="sm-b30">
         <name>_system_pre_init</name>
         <value>0xbfb8</value>
         <object_component_ref idref="oc-a6"/>
      </symbol>
      <symbol id="sm-b50">
         <name>printf</name>
         <value>0xb5f0</value>
         <object_component_ref idref="oc-129"/>
      </symbol>
      <symbol id="sm-b6e">
         <name>sprintf</name>
         <value>0xb664</value>
         <object_component_ref idref="oc-246"/>
      </symbol>
      <symbol id="sm-b7c">
         <name>strcat</name>
         <value>0xbd06</value>
         <object_component_ref idref="oc-24b"/>
      </symbol>
      <symbol id="sm-b90">
         <name>strtok</name>
         <value>0xb1f6</value>
         <object_component_ref idref="oc-25a"/>
      </symbol>
      <symbol id="sm-b9f">
         <name>_nop</name>
         <value>0xbfc0</value>
         <object_component_ref idref="oc-1fd"/>
      </symbol>
      <symbol id="sm-ba0">
         <name>_lock</name>
         <value>0x3bb0</value>
         <object_component_ref idref="oc-134"/>
      </symbol>
      <symbol id="sm-ba1">
         <name>_unlock</name>
         <value>0x3bb2</value>
         <object_component_ref idref="oc-134"/>
      </symbol>
      <symbol id="sm-d17">
         <name>__TI_printfi</name>
         <value>0x7676</value>
         <object_component_ref idref="oc-1f5"/>
      </symbol>
      <symbol id="sm-d26">
         <name>__mspabi_sral</name>
         <value>0xbec8</value>
         <object_component_ref idref="oc-73f"/>
      </symbol>
      <symbol id="sm-d27">
         <name>__mspabi_sral_15</name>
         <value>0xb574</value>
         <object_component_ref idref="oc-477"/>
      </symbol>
      <symbol id="sm-d28">
         <name>__mspabi_sral_14</name>
         <value>0xb578</value>
         <object_component_ref idref="oc-477"/>
      </symbol>
      <symbol id="sm-d29">
         <name>__mspabi_sral_13</name>
         <value>0xb57c</value>
         <object_component_ref idref="oc-477"/>
      </symbol>
      <symbol id="sm-d2a">
         <name>__mspabi_sral_12</name>
         <value>0xb580</value>
         <object_component_ref idref="oc-477"/>
      </symbol>
      <symbol id="sm-d2b">
         <name>__mspabi_sral_11</name>
         <value>0xb584</value>
         <object_component_ref idref="oc-477"/>
      </symbol>
      <symbol id="sm-d2c">
         <name>__mspabi_sral_10</name>
         <value>0xb588</value>
         <object_component_ref idref="oc-477"/>
      </symbol>
      <symbol id="sm-d2d">
         <name>__mspabi_sral_8</name>
         <value>0xb590</value>
         <object_component_ref idref="oc-477"/>
      </symbol>
      <symbol id="sm-d2e">
         <name>__mspabi_sral_9</name>
         <value>0xb58c</value>
         <object_component_ref idref="oc-477"/>
      </symbol>
      <symbol id="sm-d2f">
         <name>__mspabi_sral_6</name>
         <value>0xb598</value>
         <object_component_ref idref="oc-477"/>
      </symbol>
      <symbol id="sm-d30">
         <name>__mspabi_sral_7</name>
         <value>0xb594</value>
         <object_component_ref idref="oc-477"/>
      </symbol>
      <symbol id="sm-d31">
         <name>__mspabi_sral_4</name>
         <value>0xb5a0</value>
         <object_component_ref idref="oc-477"/>
      </symbol>
      <symbol id="sm-d32">
         <name>__mspabi_sral_5</name>
         <value>0xb59c</value>
         <object_component_ref idref="oc-477"/>
      </symbol>
      <symbol id="sm-d33">
         <name>__mspabi_sral_2</name>
         <value>0xb5a8</value>
         <object_component_ref idref="oc-477"/>
      </symbol>
      <symbol id="sm-d34">
         <name>__mspabi_sral_3</name>
         <value>0xb5a4</value>
         <object_component_ref idref="oc-477"/>
      </symbol>
      <symbol id="sm-d35">
         <name>__mspabi_sral_1</name>
         <value>0xb5ac</value>
         <object_component_ref idref="oc-477"/>
      </symbol>
      <symbol id="sm-d4a">
         <name>_auto_init_hold_wdt</name>
         <value>0xa6f4</value>
         <object_component_ref idref="oc-ab"/>
      </symbol>
      <symbol id="sm-d66">
         <name>__mspabi_cmpd</name>
         <value>0x866c</value>
         <object_component_ref idref="oc-4dc"/>
      </symbol>
      <symbol id="sm-d73">
         <name>__TI_tmpnams</name>
         <value>0x2f94</value>
      </symbol>
      <symbol id="sm-d74">
         <name>_ftable</name>
         <value>0x3aac</value>
         <object_component_ref idref="oc-1e9"/>
      </symbol>
      <symbol id="sm-d75">
         <name>__TI_ft_end</name>
         <value>0x3bbc</value>
         <object_component_ref idref="oc-608"/>
      </symbol>
      <symbol id="sm-d82">
         <name>__mspabi_fixdu</name>
         <value>0xbe5c</value>
         <object_component_ref idref="oc-64c"/>
      </symbol>
      <symbol id="sm-d94">
         <name>__mspabi_fixdul</name>
         <value>0xa0c0</value>
         <object_component_ref idref="oc-6f0"/>
      </symbol>
      <symbol id="sm-da6">
         <name>fputc</name>
         <value>0x9fa6</value>
         <object_component_ref idref="oc-2c4"/>
      </symbol>
      <symbol id="sm-dbd">
         <name>fputs</name>
         <value>0x913c</value>
         <object_component_ref idref="oc-2be"/>
      </symbol>
      <symbol id="sm-e04">
         <name>__mspabi_srlll</name>
         <value>0xb28c</value>
         <object_component_ref idref="oc-632"/>
      </symbol>
      <symbol id="sm-e05">
         <name>__mspabi_sllll</name>
         <value>0xb320</value>
         <object_component_ref idref="oc-6da"/>
      </symbol>
      <symbol id="sm-e06">
         <name>__mspabi_divull</name>
         <value>0x4f14</value>
         <object_component_ref idref="oc-637"/>
      </symbol>
      <symbol id="sm-e54">
         <name>lseek</name>
         <value>0xbb3a</value>
         <object_component_ref idref="oc-556"/>
      </symbol>
      <symbol id="sm-e55">
         <name>write</name>
         <value>0xbb86</value>
         <object_component_ref idref="oc-3c3"/>
      </symbol>
      <symbol id="sm-e56">
         <name>close</name>
         <value>0xb2d6</value>
         <object_component_ref idref="oc-67f"/>
      </symbol>
      <symbol id="sm-e57">
         <name>unlink</name>
         <value>0xbaec</value>
         <object_component_ref idref="oc-685"/>
      </symbol>
      <symbol id="sm-e65">
         <name>ltoa</name>
         <value>0xa476</value>
         <object_component_ref idref="oc-642"/>
      </symbol>
      <symbol id="sm-e73">
         <name>memccpy</name>
         <value>0xbc64</value>
         <object_component_ref idref="oc-3db"/>
      </symbol>
      <symbol id="sm-e81">
         <name>memchr</name>
         <value>0xbdfa</value>
         <object_component_ref idref="oc-3b9"/>
      </symbol>
      <symbol id="sm-ea2">
         <name>__mspabi_mpyd</name>
         <value>0x638a</value>
         <object_component_ref idref="oc-5af"/>
      </symbol>
      <symbol id="sm-ea9">
         <name>__mspabi_mpyll_f5hw</name>
         <value>0xac38</value>
         <object_component_ref idref="oc-586"/>
      </symbol>
      <symbol id="sm-eb1">
         <name>__mspabi_negd</name>
         <value>0xba1e</value>
         <object_component_ref idref="oc-4c8"/>
      </symbol>
      <symbol id="sm-ebf">
         <name>strchr</name>
         <value>0xbd38</value>
         <object_component_ref idref="oc-729"/>
      </symbol>
      <symbol id="sm-ecc">
         <name>strcmp</name>
         <value>0xbd50</value>
         <object_component_ref idref="oc-752"/>
      </symbol>
      <symbol id="sm-edb">
         <name>strcspn</name>
         <value>0xbb60</value>
         <object_component_ref idref="oc-34f"/>
      </symbol>
      <symbol id="sm-ee7">
         <name>strlen</name>
         <value>0xbf44</value>
         <object_component_ref idref="oc-2ca"/>
      </symbol>
      <symbol id="sm-ef6">
         <name>strncpy</name>
         <value>0xb99c</value>
         <object_component_ref idref="oc-72e"/>
      </symbol>
      <symbol id="sm-f07">
         <name>strspn</name>
         <value>0xbac4</value>
         <object_component_ref idref="oc-34a"/>
      </symbol>
      <symbol id="sm-f12">
         <name>__mspabi_subd</name>
         <value>0xb69c</value>
         <object_component_ref idref="oc-647"/>
      </symbol>
      <symbol id="sm-f1e">
         <name>toupper</name>
         <value>0xbf5e</value>
         <object_component_ref idref="oc-4be"/>
      </symbol>
      <symbol id="sm-f51">
         <name>HOSTrename</name>
         <value>0xa8b4</value>
         <object_component_ref idref="oc-62b"/>
      </symbol>
      <symbol id="sm-f52">
         <name>HOSTclose</name>
         <value>0xb3f2</value>
         <object_component_ref idref="oc-612"/>
      </symbol>
      <symbol id="sm-f53">
         <name>HOSTunlink</name>
         <value>0xb476</value>
         <object_component_ref idref="oc-626"/>
      </symbol>
      <symbol id="sm-f54">
         <name>HOSTlseek</name>
         <value>0xa036</value>
         <object_component_ref idref="oc-621"/>
      </symbol>
      <symbol id="sm-f55">
         <name>HOSTopen</name>
         <value>0xaa56</value>
         <object_component_ref idref="oc-60d"/>
      </symbol>
      <symbol id="sm-f56">
         <name>HOSTwrite</name>
         <value>0xab1c</value>
         <object_component_ref idref="oc-61c"/>
      </symbol>
      <symbol id="sm-f57">
         <name>HOSTread</name>
         <value>0xab7c</value>
         <object_component_ref idref="oc-617"/>
      </symbol>
      <symbol id="sm-f72">
         <name>__TI_readmsg</name>
         <value>0xb894</value>
         <object_component_ref idref="oc-69a"/>
      </symbol>
      <symbol id="sm-f73">
         <name>C$$IO$$</name>
         <value>0xb834</value>
         <object_component_ref idref="oc-694"/>
      </symbol>
      <symbol id="sm-f74">
         <name>_CIOBUF_</name>
         <value>0x398c</value>
         <object_component_ref idref="oc-70b"/>
      </symbol>
      <symbol id="sm-f75">
         <name>__TI_writemsg</name>
         <value>0xb80a</value>
         <object_component_ref idref="oc-694"/>
      </symbol>
      <symbol id="sm-f7d">
         <name>_Dclass</name>
         <value>0xbc2c</value>
         <object_component_ref idref="oc-4c3"/>
      </symbol>
      <symbol id="sm-f8d">
         <name>_Dtest</name>
         <value>0xaebc</value>
         <object_component_ref idref="oc-58d"/>
      </symbol>
      <symbol id="sm-fa4">
         <name>__TI_wrt_ok</name>
         <value>0xa67a</value>
         <object_component_ref idref="oc-3b4"/>
      </symbol>
      <symbol id="sm-fc5">
         <name>__mspabi_addd</name>
         <value>0x58ba</value>
         <object_component_ref idref="oc-6e9"/>
      </symbol>
      <symbol id="sm-fd0">
         <name>__mspabi_remli</name>
         <value>0xb4f6</value>
         <object_component_ref idref="oc-6e3"/>
      </symbol>
      <symbol id="sm-fd1">
         <name>__mspabi_divli</name>
         <value>0xb4f6</value>
         <object_component_ref idref="oc-6e3"/>
      </symbol>
      <symbol id="sm-fe1">
         <name>__TI_doflush</name>
         <value>0xaaba</value>
         <object_component_ref idref="oc-3be"/>
      </symbol>
      <symbol id="sm-1002">
         <name>__TI_frcaddd</name>
         <value>0x611c</value>
         <object_component_ref idref="oc-718"/>
      </symbol>
      <symbol id="sm-1012">
         <name>__TI_frcmpyd</name>
         <value>0x55c2</value>
         <object_component_ref idref="oc-656"/>
      </symbol>
      <symbol id="sm-1021">
         <name>fseek</name>
         <value>0xa7d8</value>
         <object_component_ref idref="oc-499"/>
      </symbol>
      <symbol id="sm-1034">
         <name>__TI_renormd</name>
         <value>0x9542</value>
         <object_component_ref idref="oc-743"/>
      </symbol>
      <symbol id="sm-104b">
         <name>setvbuf</name>
         <value>0x9226</value>
         <object_component_ref idref="oc-49e"/>
      </symbol>
      <symbol id="sm-1057">
         <name>strcpy</name>
         <value>0xbf18</value>
         <object_component_ref idref="oc-6cf"/>
      </symbol>
      <symbol id="sm-1062">
         <name>__TI_cleanup</name>
         <value>0xb73e</value>
         <object_component_ref idref="oc-55d"/>
      </symbol>
      <symbol id="sm-1072">
         <name>__TI_closefile</name>
         <value>0xa768</value>
         <object_component_ref idref="oc-603"/>
      </symbol>
      <symbol id="sm-1074">
         <name>__TI_exit</name>
         <value>0x1</value>
      </symbol>
      <symbol id="sm-1075">
         <name>__TI_args_main</name>
         <value>0x1</value>
      </symbol>
      <symbol id="sm-1076">
         <name>__TI_INITARRAY_Base</name>
         <value>0x0</value>
      </symbol>
      <symbol id="sm-1077">
         <name>__TI_INITARRAY_Limit</name>
         <value>0x0</value>
      </symbol>
      <symbol id="sm-107a">
         <name>remove</name>
         <value>0xbaec</value>
      </symbol>
   </symbol_table>
   <title>Link successful</title>
</link_info>
