******************************************************************************
                  MSP430 Linker PC v4.2.1                      
******************************************************************************
>> Linked Tue May 20 11:50:17 2014

OUTPUT FILE NAME:   <Bluetooth.out>
ENTRY POINT SYMBOL: "_c_int00"  address: 0000c60e


MEMORY CONFIGURATION

         name            origin    length      used     unused   attr    fill
----------------------  --------  ---------  --------  --------  ----  --------
  SFR                   00000000   00000010  00000000  00000010  RWIX
  PERIPHERALS_8BIT      00000010   000000f0  00000000  000000f0  RWIX
  PERIPHERALS_16BIT     00000100   00000100  00000000  00000100  RWIX
  RAM                   00000200   00000200  000000a2  0000015e  RWIX
  INFOD                 00001000   00000040  00000000  00000040  RWIX
  INFOC                 00001040   00000040  00000000  00000040  RWIX
  INFOB                 00001080   00000040  00000000  00000040  RWIX
  INFOA                 000010c0   00000040  00000000  00000040  RWIX
  FLASH                 0000c000   00003fe0  0000076e  00003872  RWIX
  INT00                 0000ffe0   00000002  00000000  00000002  RWIX
  INT01                 0000ffe2   00000002  00000000  00000002  RWIX
  INT02                 0000ffe4   00000002  00000002  00000000  RWIX
  INT03                 0000ffe6   00000002  00000002  00000000  RWIX
  INT04                 0000ffe8   00000002  00000000  00000002  RWIX
  INT05                 0000ffea   00000002  00000002  00000000  RWIX
  INT06                 0000ffec   00000002  00000002  00000000  RWIX
  INT07                 0000ffee   00000002  00000002  00000000  RWIX
  INT08                 0000fff0   00000002  00000002  00000000  RWIX
  INT09                 0000fff2   00000002  00000002  00000000  RWIX
  INT10                 0000fff4   00000002  00000002  00000000  RWIX
  INT11                 0000fff6   00000002  00000002  00000000  RWIX
  INT12                 0000fff8   00000002  00000002  00000000  RWIX
  INT13                 0000fffa   00000002  00000002  00000000  RWIX
  INT14                 0000fffc   00000002  00000002  00000000  RWIX
  RESET                 0000fffe   00000002  00000002  00000000  RWIX


SECTION ALLOCATION MAP

 output                                  attributes/
section   page    origin      length       input sections
--------  ----  ----------  ----------   ----------------
.init_array 
*          0    0000c000    00000000     UNINITIALIZED

.data      0    00000200    0000002a     UNINITIALIZED
                  00000200    00000018     FirstApp.obj (.data)
                  00000218    0000000d     FirstApp-Prog.obj (.data:dataVal)
                  00000225    00000001     --HOLE--
                  00000226    00000004     Hal.obj (.data)

.TI.persistent 
*          0    00000200    00000000     UNINITIALIZED

.bss       0    0000022a    00000028     UNINITIALIZED
                  0000022a    0000001c     (.common:Em_App_msg_u)
                  00000246    00000006     (.common:handlerTab)
                  0000024c    00000002     (.common:Em_App_pdHdlr)
                  0000024e    00000001     (.common:Em_App_recvIdx)
                  0000024f    00000001     (.common:Em_App_recvSize)
                  00000250    00000001     (.common:Em_App_xmitIdx)
                  00000251    00000001     (.common:Em_App_xmitSize)

.TI.noinit 
*          0    0000022a    00000000     UNINITIALIZED

.stack     0    000003b0    00000050     UNINITIALIZED
                  000003b0    00000002     rts430_eabi.lib : boot.obj (.stack)
                  000003b2    0000004e     --HOLE--

.text      0    0000c000    00000724     
                  0000c000    000000b2     FirstApp.obj (.text:Em_App_sysFetchDispatch)
                  0000c0b2    000000b2     Hal.obj (.text:Hal_init)
                  0000c164    00000076     Hal.obj (.text:rxIsr)
                  0000c1da    00000072     Hal.obj (.text:txAckIsr)
                  0000c24c    0000006c     FirstApp.obj (.text:Em_Message_dispatch)
                  0000c2b8    0000005e     rts430_eabi.lib : copy_decompress_rle.obj (.text:__TI_decompress_rle_core)
                  0000c316    0000005e                     : autoinit.obj (.text:_auto_init)
                  0000c374    00000056     FirstApp.obj (.text:Em_Message_nextXmit)
                  0000c3ca    0000004c     FirstApp.obj (.text:Em_App_xmitReady)
                  0000c416    0000004c     Hal.obj (.text:Hal_idleLoop)
                  0000c462    00000044     FirstApp.obj (.text:FirstApp_reset)
                  0000c4a6    00000036     Hal.obj (.text:Em_Hal_reset)
                  0000c4dc    0000002c     rts430_eabi.lib : lsl16.obj (.text)
                  0000c508    0000002c     Hal.obj (.text:uartWatchdogIsr)
                  0000c534    00000028     Hal.obj (.text:timerIsr)
                  0000c55c    00000024     FirstApp.obj (.text:Em_App_sendResponse)
                  0000c580    00000020     Hal.obj (.text:Em_Hal_startSend)
                  0000c5a0    0000001c     FirstApp.obj (.text:Em_App_fetchDispatch)
                  0000c5bc    0000001c     FirstApp.obj (.text:Em_App_sysStoreDispatch)
                  0000c5d8    0000001c     Hal.obj (.text:postEvent)
                  0000c5f4    0000001a     FirstApp.obj (.text:Em_App_startResSend)
                  0000c60e    0000001a     rts430_eabi.lib : boot.obj (.text:_c_int00_noexit)
                  0000c628    00000018     FirstApp.obj (.text:Em_App_storeDispatch)
                  0000c640    00000016     Hal.obj (.text:Hal_delay)
                  0000c656    00000014     Hal.obj (.text:Em_Hal_watchOn)
                  0000c66a    00000014     rts430_eabi.lib : copy_zero_init.obj (.text:decompress:ZI:__TI_zero_init)
                  0000c67e    00000012                     : copy_decompress_none.obj (.text:decompress:none:__TI_decompress_none)
                  0000c690    00000012                     : memcpy.obj (.text:memcpy)
                  0000c6a2    00000010     FirstApp-Prog.obj (.text:FirstApp_data_store)
                  0000c6b2    00000010     rts430_eabi.lib : epilog.obj (.text)
                  0000c6c2    0000000e     FirstApp-Prog.obj (.text:FirstApp_data_fetch)
                  0000c6d0    0000000e     FirstApp-Prog.obj (.text:main)
                  0000c6de    0000000a     Hal.obj (.text:Em_Hal_lock)
                  0000c6e8    0000000a     FirstApp.obj (.text:FirstApp_start)
                  0000c6f2    00000006     Hal.obj (.text:Em_Hal_unlock)
                  0000c6f8    00000006     Hal.obj (.text:Em_Hal_watchOff)
                  0000c6fe    00000006     FirstApp.obj (.text:Em_Message_restart)
                  0000c704    00000006     Hal.obj (.text:Hal_connected)
                  0000c70a    00000006     Hal.obj (.text:Hal_disconnected)
                  0000c710    00000006     rts430_eabi.lib : isr_trap.obj (.text:__TI_ISR_TRAP)
                  0000c716    00000006                     : copy_decompress_rle.obj (.text:decompress:rle24:__TI_decompress_rle24)
                  0000c71c    00000004                     : pre_init.obj (.text:_system_pre_init)
                  0000c720    00000004                     : exit.obj (.text:abort)

.const     0    0000c724    0000001e     
                  0000c724    00000013     FirstApp.obj (.const:.string:Em_App_hash)
                  0000c737    00000001     --HOLE-- [fill = 0]
                  0000c738    00000008     FirstApp.obj (.const:.string:Em_App_build)
                  0000c740    00000002     FirstApp.obj (.const)

.cinit     0    0000c742    0000002c     
                  0000c742    00000019     (.cinit..data.load) [load image, compression = rle]
                  0000c75b    00000001     --HOLE-- [fill = 0]
                  0000c75c    00000006     (__TI_handler_table)
                  0000c762    00000004     (.cinit..bss.load) [load image, compression = zero_init]
                  0000c766    00000008     (__TI_cinit_table)

PORT1      0    0000ffe4    00000002     
                  0000ffe4    00000002     rts430_eabi.lib : int02.obj (.int02)

PORT2      0    0000ffe6    00000002     
                  0000ffe6    00000002     Hal.obj (.int03)

ADC10      0    0000ffea    00000002     
                  0000ffea    00000002     rts430_eabi.lib : int05.obj (.int05)

USCIAB0TX 
*          0    0000ffec    00000002     
                  0000ffec    00000002     rts430_eabi.lib : int06.obj (.int06)

USCIAB0RX 
*          0    0000ffee    00000002     
                  0000ffee    00000002     Hal.obj (.int07)

TIMER0_A1 
*          0    0000fff0    00000002     
                  0000fff0    00000002     rts430_eabi.lib : int08.obj (.int08)

TIMER0_A0 
*          0    0000fff2    00000002     
                  0000fff2    00000002     rts430_eabi.lib : int09.obj (.int09)

WDT        0    0000fff4    00000002     
                  0000fff4    00000002     rts430_eabi.lib : int10.obj (.int10)

COMPARATORA 
*          0    0000fff6    00000002     
                  0000fff6    00000002     rts430_eabi.lib : int11.obj (.int11)

TIMER1_A1 
*          0    0000fff8    00000002     
                  0000fff8    00000002     Hal.obj (.int12)

TIMER1_A0 
*          0    0000fffa    00000002     
                  0000fffa    00000002     Hal.obj (.int13)

NMI        0    0000fffc    00000002     
                  0000fffc    00000002     rts430_eabi.lib : int14.obj (.int14)

.reset     0    0000fffe    00000002     
                  0000fffe    00000002     rts430_eabi.lib : boot.obj (.reset)


LINKER GENERATED COPY TABLES

__TI_cinit_table @ 0000c766 records: 2, size/record: 4, table size: 8
	.data: load addr=0000c742, load size=00000019 bytes, run addr=00000200, run size=0000002a bytes, compression=rle
	.bss: load addr=0000c762, load size=00000004 bytes, run addr=0000022a, run size=00000028 bytes, compression=zero_init


LINKER GENERATED HANDLER TABLE

__TI_handler_table @ 0000c75c records: 3, size/record: 2, table size: 6
	index: 0, handler: __TI_zero_init
	index: 1, handler: __TI_decompress_rle24
	index: 2, handler: __TI_decompress_none


GLOBAL SYMBOLS: SORTED ALPHABETICALLY BY Name 

address    name
--------   ----
0000004a   ADC10AE0
000001b0   ADC10CTL0
000001b2   ADC10CTL1
00000048   ADC10DTC0
00000049   ADC10DTC1
000001b4   ADC10MEM
000001bc   ADC10SA
00000057   BCSCTL1
00000058   BCSCTL2
00000053   BCSCTL3
0000c720   C$$EXIT
00000059   CACTL1
0000005a   CACTL2
000010fb   CALBC1_12MHZ
000010f9   CALBC1_16MHZ
000010ff   CALBC1_1MHZ
000010fd   CALBC1_8MHZ
000010fa   CALDCO_12MHZ
000010f8   CALDCO_16MHZ
000010fe   CALDCO_1MHZ
000010fc   CALDCO_8MHZ
0000005b   CAPD
00000056   DCOCTL
0000c738   Em_App_build
00000216   Em_App_devName
0000c740   Em_App_endian
0000c5a0   Em_App_fetchDispatch
00000202   Em_App_fileIndex
0000c724   Em_App_hash
0000020a   Em_App_inBuf
0000022a   Em_App_msg_u
0000020c   Em_App_outBuf
0000024c   Em_App_pdHdlr
0000024e   Em_App_recvIdx
0000024f   Em_App_recvSize
0000c55c   Em_App_sendResponse
0000c5f4   Em_App_startResSend
00000200   Em_App_state
0000c628   Em_App_storeDispatch
0000c000   Em_App_sysFetchDispatch
0000c5bc   Em_App_sysStoreDispatch
00000250   Em_App_xmitIdx
00000206   Em_App_xmitMask
0000c3ca   Em_App_xmitReady
00000251   Em_App_xmitSize
0000c6de   Em_Hal_lock
0000c4a6   Em_Hal_reset
0000c580   Em_Hal_startSend
0000c6f2   Em_Hal_unlock
0000c6f8   Em_Hal_watchOff
0000c656   Em_Hal_watchOn
0000c24c   Em_Message_dispatch
0000c374   Em_Message_nextXmit
0000c6fe   Em_Message_restart
00000128   FCTL1
0000012a   FCTL2
0000012c   FCTL3
0000c704   FirstApp_connectHandler
0000c6c2   FirstApp_data_fetch
0000c6a2   FirstApp_data_store
0000c70a   FirstApp_disconnectHandler
0000c462   FirstApp_reset
0000c6e8   FirstApp_start
0000c704   Hal_connected
0000c640   Hal_delay
0000c70a   Hal_disconnected
0000c416   Hal_idleLoop
0000c0b2   Hal_init
00000000   IE1
00000001   IE2
00000002   IFG1
00000003   IFG2
00000022   P1DIR
00000025   P1IE
00000024   P1IES
00000023   P1IFG
00000020   P1IN
00000021   P1OUT
00000027   P1REN
00000026   P1SEL
00000041   P1SEL2
0000002a   P2DIR
0000002d   P2IE
0000002c   P2IES
0000002b   P2IFG
00000028   P2IN
00000029   P2OUT
0000002f   P2REN
0000002e   P2SEL
00000042   P2SEL2
0000001a   P3DIR
00000018   P3IN
00000019   P3OUT
00000010   P3REN
0000001b   P3SEL
00000043   P3SEL2
00000172   TA0CCR0
00000174   TA0CCR1
00000176   TA0CCR2
00000162   TA0CCTL0
00000164   TA0CCTL1
00000166   TA0CCTL2
00000160   TA0CTL
0000012e   TA0IV
00000170   TA0R
00000192   TA1CCR0
00000194   TA1CCR1
00000196   TA1CCR2
00000182   TA1CCTL0
00000184   TA1CCTL1
00000186   TA1CCTL2
00000180   TA1CTL
0000011e   TA1IV
00000190   TA1R
0000005d   UCA0ABCTL
00000062   UCA0BR0
00000063   UCA0BR1
00000060   UCA0CTL0
00000061   UCA0CTL1
0000005f   UCA0IRRCTL
0000005e   UCA0IRTCTL
00000064   UCA0MCTL
00000066   UCA0RXBUF
00000065   UCA0STAT
00000067   UCA0TXBUF
0000006a   UCB0BR0
0000006b   UCB0BR1
00000068   UCB0CTL0
00000069   UCB0CTL1
0000006c   UCB0I2CIE
00000118   UCB0I2COA
0000011a   UCB0I2CSA
0000006e   UCB0RXBUF
0000006d   UCB0STAT
0000006f   UCB0TXBUF
00000120   WDTCTL
0000020e   _Em_Message_rxBuf
00000210   _Em_Message_rxCnt
00000212   _Em_Message_txBuf
00000214   _Em_Message_txCnt
00000400   __STACK_END
00000050   __STACK_SIZE
0000c766   __TI_CINIT_Base
0000c76e   __TI_CINIT_Limit
0000c75c   __TI_Handler_Table_Base
0000c762   __TI_Handler_Table_Limit
UNDEFED    __TI_INITARRAY_Base
UNDEFED    __TI_INITARRAY_Limit
0000c710   __TI_ISR_TRAP
00000001   __TI_args_main
0000c67e   __TI_decompress_none
0000c716   __TI_decompress_rle24
00000001   __TI_exit
0000ffe4   __TI_int02
0000ffe6   __TI_int03
0000ffea   __TI_int05
0000ffec   __TI_int06
0000ffee   __TI_int07
0000fff0   __TI_int08
0000fff2   __TI_int09
0000fff4   __TI_int10
0000fff6   __TI_int11
0000fff8   __TI_int12
0000fffa   __TI_int13
0000fffc   __TI_int14
0000c66a   __TI_zero_init
ffffffff   __binit__
ffffffff   __c_args__
0000c6be   __mspabi_func_epilog_1
0000c6bc   __mspabi_func_epilog_2
0000c6ba   __mspabi_func_epilog_3
0000c6b8   __mspabi_func_epilog_4
0000c6b6   __mspabi_func_epilog_5
0000c6b4   __mspabi_func_epilog_6
0000c6b2   __mspabi_func_epilog_7
0000c4dc   __mspabi_slli
0000c504   __mspabi_slli_1
0000c4f2   __mspabi_slli_10
0000c4f0   __mspabi_slli_11
0000c4ee   __mspabi_slli_12
0000c4ec   __mspabi_slli_13
0000c4ea   __mspabi_slli_14
0000c4e8   __mspabi_slli_15
0000c502   __mspabi_slli_2
0000c500   __mspabi_slli_3
0000c4fe   __mspabi_slli_4
0000c4fc   __mspabi_slli_5
0000c4fa   __mspabi_slli_6
0000c4f8   __mspabi_slli_7
0000c4f6   __mspabi_slli_8
0000c4f4   __mspabi_slli_9
0000c316   _auto_init
0000c60e   _c_int00
0000c60e   _c_int00_noexit
0000fffe   _reset_vector
000003b0   _stack
0000c71c   _system_pre_init
0000c720   abort
ffffffff   binit
0000c6d0   main
0000c690   memcpy
0000c164   rxIsr
0000c534   timerIsr
0000c1da   txAckIsr
0000c508   uartWatchdogIsr


GLOBAL SYMBOLS: SORTED BY Symbol Address 

address    name
--------   ----
00000000   IE1
00000001   IE2
00000001   __TI_args_main
00000001   __TI_exit
00000002   IFG1
00000003   IFG2
00000010   P3REN
00000018   P3IN
00000019   P3OUT
0000001a   P3DIR
0000001b   P3SEL
00000020   P1IN
00000021   P1OUT
00000022   P1DIR
00000023   P1IFG
00000024   P1IES
00000025   P1IE
00000026   P1SEL
00000027   P1REN
00000028   P2IN
00000029   P2OUT
0000002a   P2DIR
0000002b   P2IFG
0000002c   P2IES
0000002d   P2IE
0000002e   P2SEL
0000002f   P2REN
00000041   P1SEL2
00000042   P2SEL2
00000043   P3SEL2
00000048   ADC10DTC0
00000049   ADC10DTC1
0000004a   ADC10AE0
00000050   __STACK_SIZE
00000053   BCSCTL3
00000056   DCOCTL
00000057   BCSCTL1
00000058   BCSCTL2
00000059   CACTL1
0000005a   CACTL2
0000005b   CAPD
0000005d   UCA0ABCTL
0000005e   UCA0IRTCTL
0000005f   UCA0IRRCTL
00000060   UCA0CTL0
00000061   UCA0CTL1
00000062   UCA0BR0
00000063   UCA0BR1
00000064   UCA0MCTL
00000065   UCA0STAT
00000066   UCA0RXBUF
00000067   UCA0TXBUF
00000068   UCB0CTL0
00000069   UCB0CTL1
0000006a   UCB0BR0
0000006b   UCB0BR1
0000006c   UCB0I2CIE
0000006d   UCB0STAT
0000006e   UCB0RXBUF
0000006f   UCB0TXBUF
00000118   UCB0I2COA
0000011a   UCB0I2CSA
0000011e   TA1IV
00000120   WDTCTL
00000128   FCTL1
0000012a   FCTL2
0000012c   FCTL3
0000012e   TA0IV
00000160   TA0CTL
00000162   TA0CCTL0
00000164   TA0CCTL1
00000166   TA0CCTL2
00000170   TA0R
00000172   TA0CCR0
00000174   TA0CCR1
00000176   TA0CCR2
00000180   TA1CTL
00000182   TA1CCTL0
00000184   TA1CCTL1
00000186   TA1CCTL2
00000190   TA1R
00000192   TA1CCR0
00000194   TA1CCR1
00000196   TA1CCR2
000001b0   ADC10CTL0
000001b2   ADC10CTL1
000001b4   ADC10MEM
000001bc   ADC10SA
00000200   Em_App_state
00000202   Em_App_fileIndex
00000206   Em_App_xmitMask
0000020a   Em_App_inBuf
0000020c   Em_App_outBuf
0000020e   _Em_Message_rxBuf
00000210   _Em_Message_rxCnt
00000212   _Em_Message_txBuf
00000214   _Em_Message_txCnt
00000216   Em_App_devName
0000022a   Em_App_msg_u
0000024c   Em_App_pdHdlr
0000024e   Em_App_recvIdx
0000024f   Em_App_recvSize
00000250   Em_App_xmitIdx
00000251   Em_App_xmitSize
000003b0   _stack
00000400   __STACK_END
000010f8   CALDCO_16MHZ
000010f9   CALBC1_16MHZ
000010fa   CALDCO_12MHZ
000010fb   CALBC1_12MHZ
000010fc   CALDCO_8MHZ
000010fd   CALBC1_8MHZ
000010fe   CALDCO_1MHZ
000010ff   CALBC1_1MHZ
0000c000   Em_App_sysFetchDispatch
0000c0b2   Hal_init
0000c164   rxIsr
0000c1da   txAckIsr
0000c24c   Em_Message_dispatch
0000c316   _auto_init
0000c374   Em_Message_nextXmit
0000c3ca   Em_App_xmitReady
0000c416   Hal_idleLoop
0000c462   FirstApp_reset
0000c4a6   Em_Hal_reset
0000c4dc   __mspabi_slli
0000c4e8   __mspabi_slli_15
0000c4ea   __mspabi_slli_14
0000c4ec   __mspabi_slli_13
0000c4ee   __mspabi_slli_12
0000c4f0   __mspabi_slli_11
0000c4f2   __mspabi_slli_10
0000c4f4   __mspabi_slli_9
0000c4f6   __mspabi_slli_8
0000c4f8   __mspabi_slli_7
0000c4fa   __mspabi_slli_6
0000c4fc   __mspabi_slli_5
0000c4fe   __mspabi_slli_4
0000c500   __mspabi_slli_3
0000c502   __mspabi_slli_2
0000c504   __mspabi_slli_1
0000c508   uartWatchdogIsr
0000c534   timerIsr
0000c55c   Em_App_sendResponse
0000c580   Em_Hal_startSend
0000c5a0   Em_App_fetchDispatch
0000c5bc   Em_App_sysStoreDispatch
0000c5f4   Em_App_startResSend
0000c60e   _c_int00
0000c60e   _c_int00_noexit
0000c628   Em_App_storeDispatch
0000c640   Hal_delay
0000c656   Em_Hal_watchOn
0000c66a   __TI_zero_init
0000c67e   __TI_decompress_none
0000c690   memcpy
0000c6a2   FirstApp_data_store
0000c6b2   __mspabi_func_epilog_7
0000c6b4   __mspabi_func_epilog_6
0000c6b6   __mspabi_func_epilog_5
0000c6b8   __mspabi_func_epilog_4
0000c6ba   __mspabi_func_epilog_3
0000c6bc   __mspabi_func_epilog_2
0000c6be   __mspabi_func_epilog_1
0000c6c2   FirstApp_data_fetch
0000c6d0   main
0000c6de   Em_Hal_lock
0000c6e8   FirstApp_start
0000c6f2   Em_Hal_unlock
0000c6f8   Em_Hal_watchOff
0000c6fe   Em_Message_restart
0000c704   FirstApp_connectHandler
0000c704   Hal_connected
0000c70a   FirstApp_disconnectHandler
0000c70a   Hal_disconnected
0000c710   __TI_ISR_TRAP
0000c716   __TI_decompress_rle24
0000c71c   _system_pre_init
0000c720   C$$EXIT
0000c720   abort
0000c724   Em_App_hash
0000c738   Em_App_build
0000c740   Em_App_endian
0000c75c   __TI_Handler_Table_Base
0000c762   __TI_Handler_Table_Limit
0000c766   __TI_CINIT_Base
0000c76e   __TI_CINIT_Limit
0000ffe4   __TI_int02
0000ffe6   __TI_int03
0000ffea   __TI_int05
0000ffec   __TI_int06
0000ffee   __TI_int07
0000fff0   __TI_int08
0000fff2   __TI_int09
0000fff4   __TI_int10
0000fff6   __TI_int11
0000fff8   __TI_int12
0000fffa   __TI_int13
0000fffc   __TI_int14
0000fffe   _reset_vector
ffffffff   __binit__
ffffffff   __c_args__
ffffffff   binit
UNDEFED    __TI_INITARRAY_Base
UNDEFED    __TI_INITARRAY_Limit

[205 symbols]
